Loading configuration from ewald_audit/configs/ions_dipole_ewfix.yaml
[GPU_MEMORY] run_simulation START: used=0.00 MB, total_allocated=0.00 MB
[GPU_MEMORY] After create_units: used=0.00 MB, total_allocated=0.00 MB
[EWALD] anisotropic k-grid: k_max=3.1416 1/nm n=(10,10,22) -> 9170 k-vectors
[GPU_MEMORY] ensure_capacity START (capacity=2048): used=0.56 MB, total_allocated=0.56 MB
[GPU_MEMORY] ensure_capacity INIT (Sc shape=(9170, 2048), Ss shape=(9170, 2048)): used=287.12 MB, total_allocated=287.12 MB
[GPU_MEMORY] After create_system: used=287.12 MB, total_allocated=287.12 MB

====== TOPOLOGY CONFIGURATION SUMMARY ======

Registered Types:
  0: Na (mass=39.0983, charge=1.0)
  1: Cl (mass=35.453, charge=-1.0)
  2: Ip (mass=18.01528, charge=1.0)
  3: Im (mass=18.01528, charge=-1.0)
  4: G (mass=0.0, charge=0.0)
  5: Wb (mass=1.0, charge=-1.0)
  6: Wt (mass=1.0, charge=-1.0)

Pair Interactions:
  Na(0) - Na(0): HardSphere, EwaldReal
  Cl(1) - Cl(1): HardSphere, EwaldReal
  Na(0) - Cl(1): HardSphere, EwaldReal
  Na(0) - Ip(2): HardSphere, EwaldReal
  Na(0) - Im(3): HardSphere, EwaldReal
  Cl(1) - Ip(2): HardSphere, EwaldReal
  Cl(1) - Im(3): HardSphere, EwaldReal
  Na(0) - G(4): HardSphere
  Cl(1) - G(4): HardSphere
  Ip(2) - Ip(2): HardSphere, EwaldReal
  Im(3) - Im(3): HardSphere, EwaldReal
  Ip(2) - Im(3): HardSphere, EwaldReal
  Ip(2) - G(4): HardSphere
  Im(3) - G(4): HardSphere
  G(4) - G(4): HardSphere
  Na(0) - Wb(5): EwaldReal
  Cl(1) - Wb(5): EwaldReal
  Ip(2) - Wb(5): EwaldReal
  Im(3) - Wb(5): EwaldReal
  Na(0) - Wt(6): EwaldReal
  Cl(1) - Wt(6): EwaldReal
  Ip(2) - Wt(6): EwaldReal
  Im(3) - Wt(6): EwaldReal
  Wb(5) - Wb(5): EwaldReal
  Wt(6) - Wt(6): EwaldReal
  Wb(5) - Wt(6): EwaldReal
pair_interactions_counter: 26
Warning: 26 pair interactions found, expected 28
Warning: Missing pair interactions for: G-Wb, G-Wt

One-Body Forces:
  Na(0): HardWall, HardWall
  Cl(1): HardWall, HardWall
  Ip(2): HardWall, HardWall
  Im(3): HardWall, HardWall
  G(4): HardWall, HardWall

==========================================
[GPU_MEMORY] After create_topology: used=287.12 MB, total_allocated=287.12 MB

====== RANDOM_HS INITIAL PLACEMENT ======
margin: 0.001 nm, max_attempts: 100000
Contact distances (nm), 0 = unconstrained:
  Na: Na=0.6630, Cl=0.7150, Ip=0.6630, Im=0.7150, G=0.5090
  Cl: Na=0.7150, Cl=0.7670, Ip=0.7150, Im=0.7670, G=0.5610
  Ip: Na=0.6630, Cl=0.7150, Ip=0.6630, Im=0.7150, G=0.5090
  Im: Na=0.7150, Cl=0.7670, Ip=0.7150, Im=0.7670, G=0.5610
  G: Na=0.5090, Cl=0.5610, Ip=0.5090, Im=0.5610, G=0.3549
  Wb: (none)
  Wt: (none)
Allowed z range per type (nm):
  Na: [0.3310, 10.6690]
  Cl: [0.3830, 10.6170]
  Ip: [0.3310, 10.6690]
  Im: [0.3830, 10.6170]
  G: [0.1770, 10.8230]
  Wb: [0.0000, 11.0000]
  Wt: [0.0000, 11.0000]
Insertion order: Ip(264), Cl(26), Na(994)
place Ip:   0%|          | 0/264 [00:00<?, ?it/s]place Ip: 100%|██████████| 264/264 [00:00<00:00, 5725.04it/s]
  Ip: 264 molecules, 333 trials (1.3 per molecule), 0.1 s
place Cl:   0%|          | 0/26 [00:00<?, ?it/s]place Cl: 100%|██████████| 26/26 [00:00<00:00, 13536.73it/s]
  Cl: 26 molecules, 32 trials (1.2 per molecule), 0.0 s
place Na:   0%|          | 0/994 [00:00<?, ?it/s]place Na:  66%|██████▌   | 652/994 [00:00<00:00, 6519.66it/s]place Na: 100%|██████████| 994/994 [00:00<00:00, 6803.42it/s]
[GPU_MEMORY] ensure_capacity START (capacity=4096): used=287.12 MB, total_allocated=287.12 MB
[GPU_MEMORY] ensure_capacity ALLOC (new_Sc shape=(9170, 4096), new_Ss shape=(9170, 4096)): used=860.25 MB, total_allocated=860.25 MB
[GPU_MEMORY] ensure_capacity COPY (copied 2048 columns): used=860.25 MB, total_allocated=860.25 MB
[GPU_MEMORY] ensure_capacity GPU_CLEANUP: used=573.69 MB, total_allocated=573.69 MB
[GPU_MEMORY] ensure_capacity END (Sc shape=(9170, 4096), Ss shape=(9170, 4096)): used=573.69 MB, total_allocated=573.69 MB
  Na: 994 molecules, 1428 trials (1.4 per molecule), 0.1 s
Placement done: 2780 atoms, 1793 trials, 0.2 s
Verification of the initial configuration:
  atoms outside their hard-wall slab: 0
  hard-sphere overlaps: 0
  Na-Na: min distance 0.6639 nm, contact 0.6630 nm
  Na-Cl: min distance 0.8037 nm, contact 0.7150 nm
  Na-Ip: min distance 0.6699 nm, contact 0.6630 nm
  Na-Im: min distance 0.7155 nm, contact 0.7150 nm
  Na-G: min distance 0.6943 nm, contact 0.5090 nm
  Cl-Cl: min distance 2.5232 nm, contact 0.7670 nm
  Cl-Ip: min distance 0.7792 nm, contact 0.7150 nm
  Cl-Im: min distance 0.9169 nm, contact 0.7670 nm
  Cl-G: min distance 0.8514 nm, contact 0.5610 nm
  Ip-Ip: min distance 0.7485 nm, contact 0.6630 nm
  Ip-Im: min distance 0.7164 nm, contact 0.7150 nm
  Ip-G: min distance 0.7875 nm, contact 0.5090 nm
  Im-Im: min distance 0.8622 nm, contact 0.7670 nm
  Im-G: min distance 0.8103 nm, contact 0.5610 nm
  G-G: min distance 0.8385 nm, contact 0.3549 nm
  smallest gap (distance - contact): 0.000453 nm
==========================================

[GPU_MEMORY] After setup_initial_configuration: used=573.69 MB, total_allocated=573.77 MB
[GPU_MEMORY] After create_sampler: used=573.69 MB, total_allocated=573.77 MB
Running 1500 Monte Carlo steps...
[GPU_MEMORY] Before initial energy calculation: used=573.69 MB, total_allocated=573.77 MB
Initial energy: 21937.022006 kJ/mol
[GPU_MEMORY] After initial energy calculation: used=573.69 MB, total_allocated=1157.60 MB
MC:   0%|          | 0/1500 [00:00<?, ?it/s]MC:  10%|█         | 150/1500 [00:08<01:17, 17.37it/s]MC:  20%|██        | 300/1500 [00:17<01:09, 17.28it/s]MC:  30%|███       | 450/1500 [00:26<01:00, 17.27it/s]MC:  40%|████      | 600/1500 [00:34<00:52, 17.29it/s]MC:  50%|█████     | 750/1500 [00:43<00:43, 17.31it/s]MC:  60%|██████    | 900/1500 [00:52<00:34, 17.31it/s]MC:  70%|███████   | 1050/1500 [01:00<00:26, 17.30it/s]MC:  80%|████████  | 1200/1500 [01:09<00:17, 17.29it/s]MC:  90%|█████████ | 1350/1500 [01:18<00:08, 17.23it/s]MC: 100%|██████████| 1500/1500 [01:26<00:00, 17.25it/s]                                                       [GPU_MEMORY] Before MC chunk 1/10 (150 steps): used=573.69 MB, total_allocated=1157.60 MB
[GPU_MEMORY] After MC chunk 1/10 (N_atoms=2780, N_molecules=2252): used=573.69 MB, total_allocated=1157.52 MB
[GPU_MEMORY] Before MC chunk 2/10 (150 steps): used=573.69 MB, total_allocated=1157.52 MB
[GPU_MEMORY] After MC chunk 2/10 (N_atoms=2780, N_molecules=2252): used=573.69 MB, total_allocated=1157.52 MB
[GPU_MEMORY] Before MC chunk 3/10 (150 steps): used=573.69 MB, total_allocated=1157.52 MB
[GPU_MEMORY] After MC chunk 3/10 (N_atoms=2780, N_molecules=2252): used=573.69 MB, total_allocated=1157.52 MB
[GPU_MEMORY] Before MC chunk 4/10 (150 steps): used=573.69 MB, total_allocated=1157.52 MB
[GPU_MEMORY] After MC chunk 4/10 (N_atoms=2780, N_molecules=2252): used=573.69 MB, total_allocated=1157.52 MB
[GPU_MEMORY] Before MC chunk 5/10 (150 steps): used=573.69 MB, total_allocated=1157.52 MB
[GPU_MEMORY] After MC chunk 5/10 (N_atoms=2780, N_molecules=2252): used=573.69 MB, total_allocated=1157.52 MB
[GPU_MEMORY] Before MC chunk 6/10 (150 steps): used=573.69 MB, total_allocated=1157.52 MB
[GPU_MEMORY] After MC chunk 6/10 (N_atoms=2780, N_molecules=2252): used=573.69 MB, total_allocated=1157.52 MB
[GPU_MEMORY] Before MC chunk 7/10 (150 steps): used=573.69 MB, total_allocated=1157.52 MB
[GPU_MEMORY] After MC chunk 7/10 (N_atoms=2780, N_molecules=2252): used=573.69 MB, total_allocated=1157.52 MB
[GPU_MEMORY] Before MC chunk 8/10 (150 steps): used=573.69 MB, total_allocated=1157.52 MB
[GPU_MEMORY] After MC chunk 8/10 (N_atoms=2780, N_molecules=2252): used=573.69 MB, total_allocated=1157.52 MB
[GPU_MEMORY] Before MC chunk 9/10 (150 steps): used=573.69 MB, total_allocated=1157.52 MB
[GPU_MEMORY] After MC chunk 9/10 (N_atoms=2780, N_molecules=2252): used=573.69 MB, total_allocated=1157.52 MB
[GPU_MEMORY] Before MC chunk 10/10 (150 steps): used=573.69 MB, total_allocated=1157.52 MB
[GPU_MEMORY] After MC chunk 10/10 (N_atoms=2780, N_molecules=2252): used=573.69 MB, total_allocated=1157.52 MB
Final energy: 19842.255565 kJ/mol
Final mean force norm: 8.934794 kJ/mol/nm
Final number of atoms: 2780
Final number of molecules: 2252
Final energy (recomputed): 19842.255565 kJ/mol
Final mean force norm (recomputed): 8.934794 kJ/mol/nm
Energy delta (cached -> recomputed): 0.000000 kJ/mol
Mean force norm delta (cached -> recomputed): 0.000000 kJ/mol/nm
Acceptance ratios:
  total: 0.4200
  translate: 0.4200
Results saved to: results_tmp/ewald_audit/bench/bench_new_H11_n1_s1_20260925_215322
Simulation completed successfully!
