Loading configuration from configs_prod/ions_dipole.yaml
[GPU_MEMORY] run_simulation START: used=0.00 MB, total_allocated=0.00 MB
[GPU_MEMORY] After create_units: used=0.00 MB, total_allocated=0.00 MB
[GPU_MEMORY] ensure_capacity START (capacity=2048): used=0.21 MB, total_allocated=0.21 MB
[GPU_MEMORY] ensure_capacity INIT (Sc shape=(3374, 2048), Ss shape=(3374, 2048)): used=105.64 MB, total_allocated=105.64 MB
[GPU_MEMORY] After create_system: used=105.64 MB, total_allocated=105.64 MB

====== TOPOLOGY CONFIGURATION SUMMARY ======

Registered Types:
  0: Na (mass=39.0983, charge=1.0)
  1: Cl (mass=35.453, charge=-1.0)
  2: Ip (mass=18.01528, charge=1.0)
  3: Im (mass=18.01528, charge=-1.0)
  4: G (mass=0.0, charge=0.0)
  5: Wb (mass=1.0, charge=-1.0)
  6: Wt (mass=1.0, charge=-1.0)

Pair Interactions:
  Na(0) - Na(0): HardSphere, EwaldReal
  Cl(1) - Cl(1): HardSphere, EwaldReal
  Na(0) - Cl(1): HardSphere, EwaldReal
  Na(0) - Ip(2): HardSphere, EwaldReal
  Na(0) - Im(3): HardSphere, EwaldReal
  Cl(1) - Ip(2): HardSphere, EwaldReal
  Cl(1) - Im(3): HardSphere, EwaldReal
  Na(0) - G(4): HardSphere
  Cl(1) - G(4): HardSphere
  Ip(2) - Ip(2): HardSphere, EwaldReal
  Im(3) - Im(3): HardSphere, EwaldReal
  Ip(2) - Im(3): HardSphere, EwaldReal
  Ip(2) - G(4): HardSphere
  Im(3) - G(4): HardSphere
  G(4) - G(4): HardSphere
  Na(0) - Wb(5): EwaldReal
  Cl(1) - Wb(5): EwaldReal
  Ip(2) - Wb(5): EwaldReal
  Im(3) - Wb(5): EwaldReal
  Na(0) - Wt(6): EwaldReal
  Cl(1) - Wt(6): EwaldReal
  Ip(2) - Wt(6): EwaldReal
  Im(3) - Wt(6): EwaldReal
  Wb(5) - Wb(5): EwaldReal
  Wt(6) - Wt(6): EwaldReal
  Wb(5) - Wt(6): EwaldReal
pair_interactions_counter: 26
Warning: 26 pair interactions found, expected 28
Warning: Missing pair interactions for: G-Wb, G-Wt

One-Body Forces:
  Na(0): HardWall, HardWall
  Cl(1): HardWall, HardWall
  Ip(2): HardWall, HardWall
  Im(3): HardWall, HardWall
  G(4): HardWall, HardWall

==========================================
[GPU_MEMORY] After create_topology: used=105.64 MB, total_allocated=105.64 MB

====== RANDOM_HS INITIAL PLACEMENT ======
margin: 0.001 nm, max_attempts: 100000
Contact distances (nm), 0 = unconstrained:
  Na: Na=0.6630, Cl=0.7150, Ip=0.6630, Im=0.7150, G=0.5090
  Cl: Na=0.7150, Cl=0.7670, Ip=0.7150, Im=0.7670, G=0.5610
  Ip: Na=0.6630, Cl=0.7150, Ip=0.6630, Im=0.7150, G=0.5090
  Im: Na=0.7150, Cl=0.7670, Ip=0.7150, Im=0.7670, G=0.5610
  G: Na=0.5090, Cl=0.5610, Ip=0.5090, Im=0.5610, G=0.3549
  Wb: (none)
  Wt: (none)
Allowed z range per type (nm):
  Na: [0.3310, 10.6690]
  Cl: [0.3830, 10.6170]
  Ip: [0.3310, 10.6690]
  Im: [0.3830, 10.6170]
  G: [0.1770, 10.8230]
  Wb: [0.0000, 11.0000]
  Wt: [0.0000, 11.0000]
Insertion order: Ip(264), Cl(26), Na(994)
place Ip:   0%|          | 0/264 [00:00<?, ?it/s]place Ip: 100%|██████████| 264/264 [00:00<00:00, 5707.42it/s]
  Ip: 264 molecules, 331 trials (1.3 per molecule), 0.1 s
place Cl:   0%|          | 0/26 [00:00<?, ?it/s]place Cl: 100%|██████████| 26/26 [00:00<00:00, 11623.52it/s]
  Cl: 26 molecules, 41 trials (1.6 per molecule), 0.0 s
place Na:   0%|          | 0/994 [00:00<?, ?it/s]place Na:  66%|██████▌   | 652/994 [00:00<00:00, 6518.98it/s]place Na: 100%|██████████| 994/994 [00:00<00:00, 6774.79it/s]
[GPU_MEMORY] ensure_capacity START (capacity=4096): used=105.64 MB, total_allocated=105.64 MB
[GPU_MEMORY] ensure_capacity ALLOC (new_Sc shape=(3374, 4096), new_Ss shape=(3374, 4096)): used=316.52 MB, total_allocated=316.52 MB
[GPU_MEMORY] ensure_capacity COPY (copied 2048 columns): used=316.52 MB, total_allocated=316.52 MB
[GPU_MEMORY] ensure_capacity GPU_CLEANUP: used=211.08 MB, total_allocated=211.08 MB
[GPU_MEMORY] ensure_capacity END (Sc shape=(3374, 4096), Ss shape=(3374, 4096)): used=211.08 MB, total_allocated=211.08 MB
  Na: 994 molecules, 1435 trials (1.4 per molecule), 0.1 s
Placement done: 2780 atoms, 1807 trials, 0.2 s
Verification of the initial configuration:
  atoms outside their hard-wall slab: 0
  hard-sphere overlaps: 0
  Na-Na: min distance 0.6650 nm, contact 0.6630 nm
  Na-Cl: min distance 0.7221 nm, contact 0.7150 nm
  Na-Ip: min distance 0.6687 nm, contact 0.6630 nm
  Na-Im: min distance 0.7200 nm, contact 0.7150 nm
  Na-G: min distance 0.6798 nm, contact 0.5090 nm
  Cl-Cl: min distance 1.0741 nm, contact 0.7670 nm
  Cl-Ip: min distance 0.8975 nm, contact 0.7150 nm
  Cl-Im: min distance 0.9449 nm, contact 0.7670 nm
  Cl-G: min distance 0.9044 nm, contact 0.5610 nm
  Ip-Ip: min distance 0.6889 nm, contact 0.6630 nm
  Ip-Im: min distance 0.7375 nm, contact 0.7150 nm
  Ip-G: min distance 0.7079 nm, contact 0.5090 nm
  Im-Im: min distance 0.7910 nm, contact 0.7670 nm
  Im-G: min distance 0.7439 nm, contact 0.5610 nm
  G-G: min distance 0.7995 nm, contact 0.3549 nm
  smallest gap (distance - contact): 0.001977 nm
==========================================

[GPU_MEMORY] After setup_initial_configuration: used=211.08 MB, total_allocated=211.17 MB
[GPU_MEMORY] After create_sampler: used=211.08 MB, total_allocated=211.17 MB
Running 1500 Monte Carlo steps...
[GPU_MEMORY] Before initial energy calculation: used=211.08 MB, total_allocated=211.17 MB
Initial energy: 21247.272331 kJ/mol
[GPU_MEMORY] After initial energy calculation: used=211.08 MB, total_allocated=425.96 MB
MC:   0%|          | 0/1500 [00:00<?, ?it/s]MC:  10%|█         | 150/1500 [00:07<01:06, 20.27it/s]MC:  20%|██        | 300/1500 [00:14<00:59, 20.29it/s]MC:  30%|███       | 450/1500 [00:22<00:51, 20.27it/s]MC:  40%|████      | 600/1500 [00:29<00:44, 20.28it/s]MC:  50%|█████     | 750/1500 [00:36<00:36, 20.28it/s]MC:  60%|██████    | 900/1500 [00:44<00:29, 20.31it/s]MC:  70%|███████   | 1050/1500 [00:51<00:22, 20.26it/s]MC:  80%|████████  | 1200/1500 [00:59<00:14, 20.29it/s]MC:  90%|█████████ | 1350/1500 [01:06<00:07, 20.32it/s]MC: 100%|██████████| 1500/1500 [01:13<00:00, 20.26it/s]                                                       [GPU_MEMORY] Before MC chunk 1/10 (150 steps): used=211.08 MB, total_allocated=425.96 MB
[GPU_MEMORY] After MC chunk 1/10 (N_atoms=2780, N_molecules=2252): used=211.08 MB, total_allocated=425.93 MB
[GPU_MEMORY] Before MC chunk 2/10 (150 steps): used=211.08 MB, total_allocated=425.93 MB
[GPU_MEMORY] After MC chunk 2/10 (N_atoms=2780, N_molecules=2252): used=211.08 MB, total_allocated=425.93 MB
[GPU_MEMORY] Before MC chunk 3/10 (150 steps): used=211.08 MB, total_allocated=425.93 MB
[GPU_MEMORY] After MC chunk 3/10 (N_atoms=2780, N_molecules=2252): used=211.08 MB, total_allocated=425.93 MB
[GPU_MEMORY] Before MC chunk 4/10 (150 steps): used=211.08 MB, total_allocated=425.93 MB
[GPU_MEMORY] After MC chunk 4/10 (N_atoms=2780, N_molecules=2252): used=211.08 MB, total_allocated=425.93 MB
[GPU_MEMORY] Before MC chunk 5/10 (150 steps): used=211.08 MB, total_allocated=425.93 MB
[GPU_MEMORY] After MC chunk 5/10 (N_atoms=2780, N_molecules=2252): used=211.08 MB, total_allocated=425.93 MB
[GPU_MEMORY] Before MC chunk 6/10 (150 steps): used=211.08 MB, total_allocated=425.93 MB
[GPU_MEMORY] After MC chunk 6/10 (N_atoms=2780, N_molecules=2252): used=211.08 MB, total_allocated=425.93 MB
[GPU_MEMORY] Before MC chunk 7/10 (150 steps): used=211.08 MB, total_allocated=425.93 MB
[GPU_MEMORY] After MC chunk 7/10 (N_atoms=2780, N_molecules=2252): used=211.08 MB, total_allocated=425.93 MB
[GPU_MEMORY] Before MC chunk 8/10 (150 steps): used=211.08 MB, total_allocated=425.93 MB
[GPU_MEMORY] After MC chunk 8/10 (N_atoms=2780, N_molecules=2252): used=211.08 MB, total_allocated=425.93 MB
[GPU_MEMORY] Before MC chunk 9/10 (150 steps): used=211.08 MB, total_allocated=425.93 MB
[GPU_MEMORY] After MC chunk 9/10 (N_atoms=2780, N_molecules=2252): used=211.08 MB, total_allocated=425.93 MB
[GPU_MEMORY] Before MC chunk 10/10 (150 steps): used=211.08 MB, total_allocated=425.93 MB
[GPU_MEMORY] After MC chunk 10/10 (N_atoms=2780, N_molecules=2252): used=211.08 MB, total_allocated=425.93 MB
Final energy: 19117.103785 kJ/mol
Final mean force norm: 8.159144 kJ/mol/nm
Final number of atoms: 2780
Final number of molecules: 2252
Final energy (recomputed): 19117.103785 kJ/mol
Final mean force norm (recomputed): 8.159144 kJ/mol/nm
Energy delta (cached -> recomputed): 0.000000 kJ/mol
Mean force norm delta (cached -> recomputed): 0.000000 kJ/mol/nm
Acceptance ratios:
  total: 0.3927
  translate: 0.3927
Results saved to: results_tmp/ewald_audit/bench/bench_old_H11_n1_s1_20260925_215013
Simulation completed successfully!
