Loading configuration from configs_prod/ions_dipole.yaml
[GPU_MEMORY] run_simulation START: used=0.00 MB, total_allocated=0.00 MB
[GPU_MEMORY] After create_units: used=0.00 MB, total_allocated=0.00 MB
[GPU_MEMORY] ensure_capacity START (capacity=2048): used=0.21 MB, total_allocated=0.21 MB
[GPU_MEMORY] ensure_capacity INIT (Sc shape=(3374, 2048), Ss shape=(3374, 2048)): used=105.64 MB, total_allocated=105.64 MB
[GPU_MEMORY] After create_system: used=105.64 MB, total_allocated=105.64 MB

====== TOPOLOGY CONFIGURATION SUMMARY ======

Registered Types:
  0: Na (mass=39.0983, charge=1.0)
  1: Cl (mass=35.453, charge=-1.0)
  2: Ip (mass=18.01528, charge=1.0)
  3: Im (mass=18.01528, charge=-1.0)
  4: G (mass=0.0, charge=0.0)
  5: Wb (mass=1.0, charge=-1.0)
  6: Wt (mass=1.0, charge=-1.0)

Pair Interactions:
  Na(0) - Na(0): HardSphere, EwaldReal
  Cl(1) - Cl(1): HardSphere, EwaldReal
  Na(0) - Cl(1): HardSphere, EwaldReal
  Na(0) - Ip(2): HardSphere, EwaldReal
  Na(0) - Im(3): HardSphere, EwaldReal
  Cl(1) - Ip(2): HardSphere, EwaldReal
  Cl(1) - Im(3): HardSphere, EwaldReal
  Na(0) - G(4): HardSphere
  Cl(1) - G(4): HardSphere
  Ip(2) - Ip(2): HardSphere, EwaldReal
  Im(3) - Im(3): HardSphere, EwaldReal
  Ip(2) - Im(3): HardSphere, EwaldReal
  Ip(2) - G(4): HardSphere
  Im(3) - G(4): HardSphere
  G(4) - G(4): HardSphere
  Na(0) - Wb(5): EwaldReal
  Cl(1) - Wb(5): EwaldReal
  Ip(2) - Wb(5): EwaldReal
  Im(3) - Wb(5): EwaldReal
  Na(0) - Wt(6): EwaldReal
  Cl(1) - Wt(6): EwaldReal
  Ip(2) - Wt(6): EwaldReal
  Im(3) - Wt(6): EwaldReal
  Wb(5) - Wb(5): EwaldReal
  Wt(6) - Wt(6): EwaldReal
  Wb(5) - Wt(6): EwaldReal
pair_interactions_counter: 26
Warning: 26 pair interactions found, expected 28
Warning: Missing pair interactions for: G-Wb, G-Wt

One-Body Forces:
  Na(0): HardWall, HardWall
  Cl(1): HardWall, HardWall
  Ip(2): HardWall, HardWall
  Im(3): HardWall, HardWall
  G(4): HardWall, HardWall

==========================================
[GPU_MEMORY] After create_topology: used=105.64 MB, total_allocated=105.64 MB

====== RANDOM_HS INITIAL PLACEMENT ======
margin: 0.001 nm, max_attempts: 100000
Contact distances (nm), 0 = unconstrained:
  Na: Na=0.6630, Cl=0.7150, Ip=0.6630, Im=0.7150, G=0.5090
  Cl: Na=0.7150, Cl=0.7670, Ip=0.7150, Im=0.7670, G=0.5610
  Ip: Na=0.6630, Cl=0.7150, Ip=0.6630, Im=0.7150, G=0.5090
  Im: Na=0.7150, Cl=0.7670, Ip=0.7150, Im=0.7670, G=0.5610
  G: Na=0.5090, Cl=0.5610, Ip=0.5090, Im=0.5610, G=0.3549
  Wb: (none)
  Wt: (none)
Allowed z range per type (nm):
  Na: [0.3310, 2.6690]
  Cl: [0.3830, 2.6170]
  Ip: [0.3310, 2.6690]
  Im: [0.3830, 2.6170]
  G: [0.1770, 2.8230]
  Wb: [0.0000, 3.0000]
  Wt: [0.0000, 3.0000]
Insertion order: Ip(72), Cl(7), Na(975)
place Ip:   0%|          | 0/72 [00:00<?, ?it/s]place Ip: 100%|██████████| 72/72 [00:00<00:00, 4362.44it/s]
  Ip: 72 molecules, 96 trials (1.3 per molecule), 0.0 s
place Cl:   0%|          | 0/7 [00:00<?, ?it/s]place Cl: 100%|██████████| 7/7 [00:00<00:00, 9123.72it/s]
  Cl: 7 molecules, 12 trials (1.7 per molecule), 0.0 s
place Na:   0%|          | 0/975 [00:00<?, ?it/s]place Na:  62%|██████▏   | 606/975 [00:00<00:00, 6031.79it/s]place Na: 100%|██████████| 975/975 [00:00<00:00, 2903.39it/s]
[GPU_MEMORY] ensure_capacity START (capacity=4096): used=105.64 MB, total_allocated=105.64 MB
[GPU_MEMORY] ensure_capacity ALLOC (new_Sc shape=(3374, 4096), new_Ss shape=(3374, 4096)): used=316.52 MB, total_allocated=316.52 MB
[GPU_MEMORY] ensure_capacity COPY (copied 2048 columns): used=316.52 MB, total_allocated=316.52 MB
[GPU_MEMORY] ensure_capacity GPU_CLEANUP: used=211.08 MB, total_allocated=211.08 MB
[GPU_MEMORY] ensure_capacity END (Sc shape=(3374, 4096), Ss shape=(3374, 4096)): used=211.08 MB, total_allocated=211.08 MB
  Na: 975 molecules, 3515 trials (3.6 per molecule), 0.3 s
Placement done: 2166 atoms, 3623 trials, 0.4 s
Verification of the initial configuration:
  atoms outside their hard-wall slab: 0
  hard-sphere overlaps: 0
  Na-Na: min distance 0.6640 nm, contact 0.6630 nm
  Na-Cl: min distance 0.7196 nm, contact 0.7150 nm
  Na-Ip: min distance 0.6655 nm, contact 0.6630 nm
  Na-Im: min distance 0.7152 nm, contact 0.7150 nm
  Na-G: min distance 0.6996 nm, contact 0.5090 nm
  Cl-Cl: min distance 4.6313 nm, contact 0.7670 nm
  Cl-Ip: min distance 1.1286 nm, contact 0.7150 nm
  Cl-Im: min distance 1.1627 nm, contact 0.7670 nm
  Cl-G: min distance 1.1320 nm, contact 0.5610 nm
  Ip-Ip: min distance 0.8439 nm, contact 0.6630 nm
  Ip-Im: min distance 0.7988 nm, contact 0.7150 nm
  Ip-G: min distance 0.8317 nm, contact 0.5090 nm
  Im-Im: min distance 0.9076 nm, contact 0.7670 nm
  Im-G: min distance 0.9117 nm, contact 0.5610 nm
  G-G: min distance 0.9525 nm, contact 0.3549 nm
  smallest gap (distance - contact): 0.000158 nm
==========================================

[GPU_MEMORY] After setup_initial_configuration: used=211.08 MB, total_allocated=211.15 MB
[GPU_MEMORY] After create_sampler: used=211.08 MB, total_allocated=211.15 MB
Running 1500 Monte Carlo steps...
[GPU_MEMORY] Before initial energy calculation: used=211.08 MB, total_allocated=211.15 MB
Initial energy: 6281.328926 kJ/mol
[GPU_MEMORY] After initial energy calculation: used=211.08 MB, total_allocated=378.55 MB
MC:   0%|          | 0/1500 [00:00<?, ?it/s]MC:  10%|█         | 150/1500 [00:07<01:05, 20.72it/s]MC:  20%|██        | 300/1500 [00:14<00:57, 20.82it/s]MC:  30%|███       | 450/1500 [00:21<00:50, 20.80it/s]MC:  40%|████      | 600/1500 [00:28<00:43, 20.83it/s]MC:  50%|█████     | 750/1500 [00:36<00:36, 20.78it/s]MC:  60%|██████    | 900/1500 [00:43<00:28, 20.80it/s]MC:  70%|███████   | 1050/1500 [00:50<00:21, 21.26it/s]MC:  80%|████████  | 1200/1500 [00:54<00:12, 23.72it/s]MC:  90%|█████████ | 1350/1500 [00:59<00:05, 25.69it/s]MC: 100%|██████████| 1500/1500 [01:04<00:00, 27.22it/s]                                                       [GPU_MEMORY] Before MC chunk 1/10 (150 steps): used=211.08 MB, total_allocated=378.55 MB
[GPU_MEMORY] After MC chunk 1/10 (N_atoms=2166, N_molecules=2022): used=211.08 MB, total_allocated=378.51 MB
[GPU_MEMORY] Before MC chunk 2/10 (150 steps): used=211.08 MB, total_allocated=378.51 MB
[GPU_MEMORY] After MC chunk 2/10 (N_atoms=2166, N_molecules=2022): used=211.08 MB, total_allocated=378.51 MB
[GPU_MEMORY] Before MC chunk 3/10 (150 steps): used=211.08 MB, total_allocated=378.51 MB
[GPU_MEMORY] After MC chunk 3/10 (N_atoms=2166, N_molecules=2022): used=211.08 MB, total_allocated=378.51 MB
[GPU_MEMORY] Before MC chunk 4/10 (150 steps): used=211.08 MB, total_allocated=378.51 MB
[GPU_MEMORY] After MC chunk 4/10 (N_atoms=2166, N_molecules=2022): used=211.08 MB, total_allocated=378.51 MB
[GPU_MEMORY] Before MC chunk 5/10 (150 steps): used=211.08 MB, total_allocated=378.51 MB
[GPU_MEMORY] After MC chunk 5/10 (N_atoms=2166, N_molecules=2022): used=211.08 MB, total_allocated=378.51 MB
[GPU_MEMORY] Before MC chunk 6/10 (150 steps): used=211.08 MB, total_allocated=378.51 MB
[GPU_MEMORY] After MC chunk 6/10 (N_atoms=2166, N_molecules=2022): used=211.08 MB, total_allocated=378.51 MB
[GPU_MEMORY] Before MC chunk 7/10 (150 steps): used=211.08 MB, total_allocated=378.51 MB
[GPU_MEMORY] After MC chunk 7/10 (N_atoms=2166, N_molecules=2022): used=211.08 MB, total_allocated=378.51 MB
[GPU_MEMORY] Before MC chunk 8/10 (150 steps): used=211.08 MB, total_allocated=378.51 MB
[GPU_MEMORY] After MC chunk 8/10 (N_atoms=2166, N_molecules=2022): used=211.08 MB, total_allocated=378.51 MB
[GPU_MEMORY] Before MC chunk 9/10 (150 steps): used=211.08 MB, total_allocated=378.51 MB
[GPU_MEMORY] After MC chunk 9/10 (N_atoms=2166, N_molecules=2022): used=211.08 MB, total_allocated=378.51 MB
[GPU_MEMORY] Before MC chunk 10/10 (150 steps): used=211.08 MB, total_allocated=378.51 MB
[GPU_MEMORY] After MC chunk 10/10 (N_atoms=2166, N_molecules=2022): used=211.08 MB, total_allocated=378.51 MB
Final energy: 6010.402824 kJ/mol
Final mean force norm: 5.491817 kJ/mol/nm
Final number of atoms: 2166
Final number of molecules: 2022
Final energy (recomputed): 6010.402824 kJ/mol
Final mean force norm (recomputed): 5.491817 kJ/mol/nm
Energy delta (cached -> recomputed): 0.000000 kJ/mol
Mean force norm delta (cached -> recomputed): 0.000000 kJ/mol/nm
Acceptance ratios:
  total: 0.0993
  translate: 0.0993
Results saved to: results_tmp/ewald_audit/bench/bench_old_H3_n3_s1_20260925_214637
Simulation completed successfully!
