Loading configuration from configs_prod/ions_dipole.yaml
[GPU_MEMORY] run_simulation START: used=0.00 MB, total_allocated=0.00 MB
[GPU_MEMORY] After create_units: used=0.00 MB, total_allocated=0.00 MB
[GPU_MEMORY] ensure_capacity START (capacity=2048): used=0.21 MB, total_allocated=0.21 MB
[GPU_MEMORY] ensure_capacity INIT (Sc shape=(3374, 2048), Ss shape=(3374, 2048)): used=105.64 MB, total_allocated=105.64 MB
[GPU_MEMORY] After create_system: used=105.64 MB, total_allocated=105.64 MB

====== TOPOLOGY CONFIGURATION SUMMARY ======

Registered Types:
  0: Na (mass=39.0983, charge=1.0)
  1: Cl (mass=35.453, charge=-1.0)
  2: Ip (mass=18.01528, charge=1.0)
  3: Im (mass=18.01528, charge=-1.0)
  4: G (mass=0.0, charge=0.0)
  5: Wb (mass=1.0, charge=-1.0)
  6: Wt (mass=1.0, charge=-1.0)

Pair Interactions:
  Na(0) - Na(0): HardSphere, EwaldReal
  Cl(1) - Cl(1): HardSphere, EwaldReal
  Na(0) - Cl(1): HardSphere, EwaldReal
  Na(0) - Ip(2): HardSphere, EwaldReal
  Na(0) - Im(3): HardSphere, EwaldReal
  Cl(1) - Ip(2): HardSphere, EwaldReal
  Cl(1) - Im(3): HardSphere, EwaldReal
  Na(0) - G(4): HardSphere
  Cl(1) - G(4): HardSphere
  Ip(2) - Ip(2): HardSphere, EwaldReal
  Im(3) - Im(3): HardSphere, EwaldReal
  Ip(2) - Im(3): HardSphere, EwaldReal
  Ip(2) - G(4): HardSphere
  Im(3) - G(4): HardSphere
  G(4) - G(4): HardSphere
  Na(0) - Wb(5): EwaldReal
  Cl(1) - Wb(5): EwaldReal
  Ip(2) - Wb(5): EwaldReal
  Im(3) - Wb(5): EwaldReal
  Na(0) - Wt(6): EwaldReal
  Cl(1) - Wt(6): EwaldReal
  Ip(2) - Wt(6): EwaldReal
  Im(3) - Wt(6): EwaldReal
  Wb(5) - Wb(5): EwaldReal
  Wt(6) - Wt(6): EwaldReal
  Wb(5) - Wt(6): EwaldReal
pair_interactions_counter: 26
Warning: 26 pair interactions found, expected 28
Warning: Missing pair interactions for: G-Wb, G-Wt

One-Body Forces:
  Na(0): HardWall, HardWall
  Cl(1): HardWall, HardWall
  Ip(2): HardWall, HardWall
  Im(3): HardWall, HardWall
  G(4): HardWall, HardWall

==========================================
[GPU_MEMORY] After create_topology: used=105.64 MB, total_allocated=105.64 MB

====== RANDOM_HS INITIAL PLACEMENT ======
margin: 0.001 nm, max_attempts: 100000
Contact distances (nm), 0 = unconstrained:
  Na: Na=0.6630, Cl=0.7150, Ip=0.6630, Im=0.7150, G=0.5090
  Cl: Na=0.7150, Cl=0.7670, Ip=0.7150, Im=0.7670, G=0.5610
  Ip: Na=0.6630, Cl=0.7150, Ip=0.6630, Im=0.7150, G=0.5090
  Im: Na=0.7150, Cl=0.7670, Ip=0.7150, Im=0.7670, G=0.5610
  G: Na=0.5090, Cl=0.5610, Ip=0.5090, Im=0.5610, G=0.3549
  Wb: (none)
  Wt: (none)
Allowed z range per type (nm):
  Na: [0.3310, 2.6690]
  Cl: [0.3830, 2.6170]
  Ip: [0.3310, 2.6690]
  Im: [0.3830, 2.6170]
  G: [0.1770, 2.8230]
  Wb: [0.0000, 3.0000]
  Wt: [0.0000, 3.0000]
Insertion order: Ip(72), Cl(7), Na(975)
place Ip:   0%|          | 0/72 [00:00<?, ?it/s]place Ip: 100%|██████████| 72/72 [00:00<00:00, 5731.77it/s]
  Ip: 72 molecules, 111 trials (1.5 per molecule), 0.1 s
place Cl:   0%|          | 0/7 [00:00<?, ?it/s]place Cl: 100%|██████████| 7/7 [00:00<00:00, 14599.77it/s]
  Cl: 7 molecules, 14 trials (2.0 per molecule), 0.0 s
place Na:   0%|          | 0/975 [00:00<?, ?it/s]place Na:  80%|████████  | 783/975 [00:00<00:00, 7827.88it/s]place Na: 100%|██████████| 975/975 [00:00<00:00, 1157.13it/s]
[GPU_MEMORY] ensure_capacity START (capacity=4096): used=105.64 MB, total_allocated=105.64 MB
[GPU_MEMORY] ensure_capacity ALLOC (new_Sc shape=(3374, 4096), new_Ss shape=(3374, 4096)): used=316.52 MB, total_allocated=316.52 MB
[GPU_MEMORY] ensure_capacity COPY (copied 2048 columns): used=316.52 MB, total_allocated=316.52 MB
[GPU_MEMORY] ensure_capacity GPU_CLEANUP: used=211.08 MB, total_allocated=211.08 MB
[GPU_MEMORY] ensure_capacity END (Sc shape=(3374, 4096), Ss shape=(3374, 4096)): used=211.08 MB, total_allocated=211.08 MB
  Na: 975 molecules, 3380 trials (3.5 per molecule), 0.8 s
Placement done: 2166 atoms, 3505 trials, 0.9 s
Verification of the initial configuration:
  atoms outside their hard-wall slab: 0
  hard-sphere overlaps: 0
  Na-Na: min distance 0.6630 nm, contact 0.6630 nm
  Na-Cl: min distance 0.7410 nm, contact 0.7150 nm
  Na-Ip: min distance 0.6634 nm, contact 0.6630 nm
  Na-Im: min distance 0.7162 nm, contact 0.7150 nm
  Na-G: min distance 0.6680 nm, contact 0.5090 nm
  Cl-Cl: min distance 4.3314 nm, contact 0.7670 nm
  Cl-Ip: min distance 0.8015 nm, contact 0.7150 nm
  Cl-Im: min distance 1.0005 nm, contact 0.7670 nm
  Cl-G: min distance 0.9123 nm, contact 0.5610 nm
  Ip-Ip: min distance 0.7852 nm, contact 0.6630 nm
  Ip-Im: min distance 0.8587 nm, contact 0.7150 nm
  Ip-G: min distance 0.8035 nm, contact 0.5090 nm
  Im-Im: min distance 0.9373 nm, contact 0.7670 nm
  Im-G: min distance 0.9638 nm, contact 0.5610 nm
  G-G: min distance 0.9495 nm, contact 0.3549 nm
  smallest gap (distance - contact): 0.000025 nm
==========================================

[GPU_MEMORY] After setup_initial_configuration: used=211.08 MB, total_allocated=211.15 MB
[GPU_MEMORY] After create_sampler: used=211.08 MB, total_allocated=211.15 MB
Running 1500 Monte Carlo steps...
[GPU_MEMORY] Before initial energy calculation: used=211.08 MB, total_allocated=211.15 MB
Initial energy: 6274.541945 kJ/mol
[GPU_MEMORY] After initial energy calculation: used=211.08 MB, total_allocated=378.55 MB
MC:   0%|          | 0/1500 [00:00<?, ?it/s]MC:  10%|█         | 150/1500 [00:05<00:47, 28.47it/s]MC:  20%|██        | 300/1500 [00:10<00:40, 29.81it/s]MC:  30%|███       | 450/1500 [00:15<00:34, 30.26it/s]MC:  40%|████      | 600/1500 [00:19<00:29, 30.45it/s]MC:  50%|█████     | 750/1500 [00:24<00:24, 30.57it/s]MC:  60%|██████    | 900/1500 [00:29<00:19, 30.75it/s]MC:  70%|███████   | 1050/1500 [00:34<00:14, 30.73it/s]MC:  80%|████████  | 1200/1500 [00:39<00:09, 30.74it/s]MC:  90%|█████████ | 1350/1500 [00:44<00:04, 30.89it/s]MC: 100%|██████████| 1500/1500 [00:48<00:00, 30.90it/s]                                                       [GPU_MEMORY] Before MC chunk 1/10 (150 steps): used=211.08 MB, total_allocated=378.55 MB
[GPU_MEMORY] After MC chunk 1/10 (N_atoms=2166, N_molecules=2022): used=211.08 MB, total_allocated=378.51 MB
[GPU_MEMORY] Before MC chunk 2/10 (150 steps): used=211.08 MB, total_allocated=378.51 MB
[GPU_MEMORY] After MC chunk 2/10 (N_atoms=2166, N_molecules=2022): used=211.08 MB, total_allocated=378.51 MB
[GPU_MEMORY] Before MC chunk 3/10 (150 steps): used=211.08 MB, total_allocated=378.51 MB
[GPU_MEMORY] After MC chunk 3/10 (N_atoms=2166, N_molecules=2022): used=211.08 MB, total_allocated=378.51 MB
[GPU_MEMORY] Before MC chunk 4/10 (150 steps): used=211.08 MB, total_allocated=378.51 MB
[GPU_MEMORY] After MC chunk 4/10 (N_atoms=2166, N_molecules=2022): used=211.08 MB, total_allocated=378.51 MB
[GPU_MEMORY] Before MC chunk 5/10 (150 steps): used=211.08 MB, total_allocated=378.51 MB
[GPU_MEMORY] After MC chunk 5/10 (N_atoms=2166, N_molecules=2022): used=211.08 MB, total_allocated=378.51 MB
[GPU_MEMORY] Before MC chunk 6/10 (150 steps): used=211.08 MB, total_allocated=378.51 MB
[GPU_MEMORY] After MC chunk 6/10 (N_atoms=2166, N_molecules=2022): used=211.08 MB, total_allocated=378.51 MB
[GPU_MEMORY] Before MC chunk 7/10 (150 steps): used=211.08 MB, total_allocated=378.51 MB
[GPU_MEMORY] After MC chunk 7/10 (N_atoms=2166, N_molecules=2022): used=211.08 MB, total_allocated=378.51 MB
[GPU_MEMORY] Before MC chunk 8/10 (150 steps): used=211.08 MB, total_allocated=378.51 MB
[GPU_MEMORY] After MC chunk 8/10 (N_atoms=2166, N_molecules=2022): used=211.08 MB, total_allocated=378.51 MB
[GPU_MEMORY] Before MC chunk 9/10 (150 steps): used=211.08 MB, total_allocated=378.51 MB
[GPU_MEMORY] After MC chunk 9/10 (N_atoms=2166, N_molecules=2022): used=211.08 MB, total_allocated=378.51 MB
[GPU_MEMORY] Before MC chunk 10/10 (150 steps): used=211.08 MB, total_allocated=378.51 MB
[GPU_MEMORY] After MC chunk 10/10 (N_atoms=2166, N_molecules=2022): used=211.08 MB, total_allocated=378.51 MB
Final energy: 5879.737348 kJ/mol
Final mean force norm: 5.470550 kJ/mol/nm
Final number of atoms: 2166
Final number of molecules: 2022
Final energy (recomputed): 5879.737348 kJ/mol
Final mean force norm (recomputed): 5.470550 kJ/mol/nm
Energy delta (cached -> recomputed): 0.000000 kJ/mol
Mean force norm delta (cached -> recomputed): 0.000000 kJ/mol/nm
Acceptance ratios:
  total: 0.1013
  translate: 0.1013
Results saved to: results_tmp/ewald_audit/bench/bench_old_H3_n1_s1_20260925_214542
Simulation completed successfully!
