corrected-Ewald run: H=11 z_scale=4.0
Loading configuration from ewald_audit/configs/ions_dipole_ewfix.yaml
[GPU_MEMORY] run_simulation START: used=0.00 MB, total_allocated=0.00 MB
[GPU_MEMORY] After create_units: used=0.00 MB, total_allocated=0.00 MB
[EWALD] anisotropic k-grid: k_max=3.1416 1/nm n=(10,10,22) -> 9170 k-vectors
[GPU_MEMORY] ensure_capacity START (capacity=2048): used=0.56 MB, total_allocated=0.56 MB
[GPU_MEMORY] ensure_capacity INIT (Sc shape=(9170, 2048), Ss shape=(9170, 2048)): used=287.12 MB, total_allocated=287.12 MB
[GPU_MEMORY] After create_system: used=287.12 MB, total_allocated=287.12 MB

====== TOPOLOGY CONFIGURATION SUMMARY ======

Registered Types:
  0: Na (mass=39.0983, charge=1.0)
  1: Cl (mass=35.453, charge=-1.0)
  2: Ip (mass=18.01528, charge=1.0)
  3: Im (mass=18.01528, charge=-1.0)
  4: G (mass=0.0, charge=0.0)
  5: Wb (mass=1.0, charge=-1.0)
  6: Wt (mass=1.0, charge=-1.0)

Pair Interactions:
  Na(0) - Na(0): HardSphere, EwaldReal
  Cl(1) - Cl(1): HardSphere, EwaldReal
  Na(0) - Cl(1): HardSphere, EwaldReal
  Na(0) - Ip(2): HardSphere, EwaldReal
  Na(0) - Im(3): HardSphere, EwaldReal
  Cl(1) - Ip(2): HardSphere, EwaldReal
  Cl(1) - Im(3): HardSphere, EwaldReal
  Na(0) - G(4): HardSphere
  Cl(1) - G(4): HardSphere
  Ip(2) - Ip(2): HardSphere, EwaldReal
  Im(3) - Im(3): HardSphere, EwaldReal
  Ip(2) - Im(3): HardSphere, EwaldReal
  Ip(2) - G(4): HardSphere
  Im(3) - G(4): HardSphere
  G(4) - G(4): HardSphere
  Na(0) - Wb(5): EwaldReal
  Cl(1) - Wb(5): EwaldReal
  Ip(2) - Wb(5): EwaldReal
  Im(3) - Wb(5): EwaldReal
  Na(0) - Wt(6): EwaldReal
  Cl(1) - Wt(6): EwaldReal
  Ip(2) - Wt(6): EwaldReal
  Im(3) - Wt(6): EwaldReal
  Wb(5) - Wb(5): EwaldReal
  Wt(6) - Wt(6): EwaldReal
  Wb(5) - Wt(6): EwaldReal
pair_interactions_counter: 26
Warning: 26 pair interactions found, expected 28
Warning: Missing pair interactions for: G-Wb, G-Wt

One-Body Forces:
  Na(0): HardWall, HardWall
  Cl(1): HardWall, HardWall
  Ip(2): HardWall, HardWall
  Im(3): HardWall, HardWall
  G(4): HardWall, HardWall

==========================================
[GPU_MEMORY] After create_topology: used=287.12 MB, total_allocated=287.12 MB

====== RANDOM_HS INITIAL PLACEMENT ======
margin: 0.001 nm, max_attempts: 100000
Contact distances (nm), 0 = unconstrained:
  Na: Na=0.6630, Cl=0.7150, Ip=0.6630, Im=0.7150, G=0.5090
  Cl: Na=0.7150, Cl=0.7670, Ip=0.7150, Im=0.7670, G=0.5610
  Ip: Na=0.6630, Cl=0.7150, Ip=0.6630, Im=0.7150, G=0.5090
  Im: Na=0.7150, Cl=0.7670, Ip=0.7150, Im=0.7670, G=0.5610
  G: Na=0.5090, Cl=0.5610, Ip=0.5090, Im=0.5610, G=0.3549
  Wb: (none)
  Wt: (none)
Allowed z range per type (nm):
  Na: [0.3310, 10.6690]
  Cl: [0.3830, 10.6170]
  Ip: [0.3310, 10.6690]
  Im: [0.3830, 10.6170]
  G: [0.1770, 10.8230]
  Wb: [0.0000, 11.0000]
  Wt: [0.0000, 11.0000]
Insertion order: Ip(264), Cl(26), Na(994)
place Ip:   0%|          | 0/264 [00:00<?, ?it/s]place Ip: 100%|██████████| 264/264 [00:00<00:00, 5862.71it/s]
  Ip: 264 molecules, 300 trials (1.1 per molecule), 0.1 s
place Cl:   0%|          | 0/26 [00:00<?, ?it/s]place Cl: 100%|██████████| 26/26 [00:00<00:00, 13860.18it/s]
  Cl: 26 molecules, 31 trials (1.2 per molecule), 0.0 s
place Na:   0%|          | 0/994 [00:00<?, ?it/s]place Na:  26%|██▋       | 263/994 [00:00<00:00, 770.80it/s]place Na: 100%|██████████| 994/994 [00:00<00:00, 2316.30it/s]
[GPU_MEMORY] ensure_capacity START (capacity=4096): used=287.12 MB, total_allocated=287.12 MB
[GPU_MEMORY] ensure_capacity ALLOC (new_Sc shape=(9170, 4096), new_Ss shape=(9170, 4096)): used=860.25 MB, total_allocated=860.25 MB
[GPU_MEMORY] ensure_capacity COPY (copied 2048 columns): used=860.25 MB, total_allocated=860.25 MB
[GPU_MEMORY] ensure_capacity GPU_CLEANUP: used=573.69 MB, total_allocated=573.69 MB
[GPU_MEMORY] ensure_capacity END (Sc shape=(9170, 4096), Ss shape=(9170, 4096)): used=573.69 MB, total_allocated=573.69 MB
  Na: 994 molecules, 1446 trials (1.5 per molecule), 0.4 s
Placement done: 2780 atoms, 1777 trials, 0.5 s
Verification of the initial configuration:
  atoms outside their hard-wall slab: 0
  hard-sphere overlaps: 0
  Na-Na: min distance 0.6639 nm, contact 0.6630 nm
  Na-Cl: min distance 0.7218 nm, contact 0.7150 nm
  Na-Ip: min distance 0.6647 nm, contact 0.6630 nm
  Na-Im: min distance 0.7167 nm, contact 0.7150 nm
  Na-G: min distance 0.6986 nm, contact 0.5090 nm
  Cl-Cl: min distance 1.4404 nm, contact 0.7670 nm
  Cl-Ip: min distance 0.8091 nm, contact 0.7150 nm
  Cl-Im: min distance 0.7848 nm, contact 0.7670 nm
  Cl-G: min distance 0.8225 nm, contact 0.5610 nm
  Ip-Ip: min distance 0.6895 nm, contact 0.6630 nm
  Ip-Im: min distance 0.7451 nm, contact 0.7150 nm
  Ip-G: min distance 0.7064 nm, contact 0.5090 nm
  Im-Im: min distance 0.7898 nm, contact 0.7670 nm
  Im-G: min distance 0.7987 nm, contact 0.5610 nm
  G-G: min distance 0.8141 nm, contact 0.3549 nm
  smallest gap (distance - contact): 0.000876 nm
==========================================

[GPU_MEMORY] After setup_initial_configuration: used=573.69 MB, total_allocated=573.77 MB
[GPU_MEMORY] After create_sampler: used=573.69 MB, total_allocated=573.77 MB
Running 300000 Monte Carlo steps...
[GPU_MEMORY] Before initial energy calculation: used=573.69 MB, total_allocated=573.77 MB
Initial energy: 21615.377867 kJ/mol
[GPU_MEMORY] After initial energy calculation: used=573.69 MB, total_allocated=1157.60 MB
MC:   0%|          | 0/300000 [00:00<?, ?it/s]MC:  10%|█         | 30000/300000 [28:44<4:18:43, 17.39it/s]MC:  20%|██        | 60000/300000 [56:49<3:46:51, 17.63it/s]MC:  30%|███       | 90000/300000 [1:24:31<3:16:21, 17.82it/s]MC:  40%|████      | 120000/300000 [1:52:13<2:47:28, 17.91it/s]MC:  50%|█████     | 150000/300000 [2:20:13<2:19:43, 17.89it/s]MC:  60%|██████    | 180000/300000 [2:48:17<1:51:56, 17.87it/s]MC:  70%|███████   | 210000/300000 [3:16:07<1:23:48, 17.90it/s]MC:  80%|████████  | 240000/300000 [3:43:54<55:46, 17.93it/s]  MC:  90%|█████████ | 270000/300000 [4:11:35<27:49, 17.97it/s]