task 6 -> results_prod_neutral/pz_17/H/ions_dipole_H_pz_17_H_7_sigma_-20_C_0.01_Cz_0.1_20260216_125433

==============================================================================
results_prod_neutral__pz_17__H__ions_dipole_H_pz_17_H_7_sigma_-20_C_0.01_Cz_0.1_20260216_125433
==============================================================================
[GPU_MEMORY] ensure_capacity START (capacity=2048): used=0.21 MB, total_allocated=0.21 MB
[GPU_MEMORY] ensure_capacity INIT (Sc shape=(3374, 2048), Ss shape=(3374, 2048)): used=105.64 MB, total_allocated=105.64 MB

====== TOPOLOGY CONFIGURATION SUMMARY ======

Registered Types:
  0: Na (mass=39.0983, charge=1.0)
  1: Cl (mass=35.453, charge=-1.0)
  2: Ip (mass=18.01528, charge=1.0)
  3: Im (mass=18.01528, charge=-1.0)
  4: G (mass=0.0, charge=0.0)
  5: Wb (mass=1.0, charge=-1.0)
  6: Wt (mass=1.0, charge=-1.0)

Pair Interactions:
  Na(0) - Na(0): HardSphere, EwaldReal
  Cl(1) - Cl(1): HardSphere, EwaldReal
  Na(0) - Cl(1): HardSphere, EwaldReal
  Na(0) - Ip(2): HardSphere, EwaldReal
  Na(0) - Im(3): HardSphere, EwaldReal
  Cl(1) - Ip(2): HardSphere, EwaldReal
  Cl(1) - Im(3): HardSphere, EwaldReal
  Na(0) - G(4): HardSphere
  Cl(1) - G(4): HardSphere
  Ip(2) - Ip(2): HardSphere, EwaldReal
  Im(3) - Im(3): HardSphere, EwaldReal
  Ip(2) - Im(3): HardSphere, EwaldReal
  Ip(2) - G(4): HardSphere
  Im(3) - G(4): HardSphere
  G(4) - G(4): HardSphere
  Na(0) - Wb(5): EwaldReal
  Cl(1) - Wb(5): EwaldReal
  Ip(2) - Wb(5): EwaldReal
  Im(3) - Wb(5): EwaldReal
  Na(0) - Wt(6): EwaldReal
  Cl(1) - Wt(6): EwaldReal
  Ip(2) - Wt(6): EwaldReal
  Im(3) - Wt(6): EwaldReal
  Wb(5) - Wb(5): EwaldReal
  Wt(6) - Wt(6): EwaldReal
  Wb(5) - Wt(6): EwaldReal
pair_interactions_counter: 26
Warning: 26 pair interactions found, expected 28
Warning: Missing pair interactions for: G-Wb, G-Wt

One-Body Forces:
  Na(0): HardWall, HardWall
  Cl(1): HardWall, HardWall
  Ip(2): HardWall, HardWall
  Im(3): HardWall, HardWall
  G(4): HardWall, HardWall

==========================================
Processing spec 1/3
Count:   0%|          | 0/984 [00:00<?, ?it/s]Count:  70%|██████▉   | 686/984 [00:00<00:00, 6845.94it/s]Count: 100%|██████████| 984/984 [00:00<00:00, 5447.22it/s]
Processing spec 2/3
Count:   0%|          | 0/16 [00:00<?, ?it/s]Count: 100%|██████████| 16/16 [00:00<00:00, 3298.06it/s]
Processing spec 3/3
Count:   0%|          | 0/168 [00:00<?, ?it/s]Count:  16%|█▌        | 27/168 [00:00<00:01, 75.91it/s]Count:  73%|███████▎  | 122/168 [00:00<00:00, 325.98it/s]Count: 100%|██████████| 168/168 [00:00<00:00, 328.14it/s]
[GPU_MEMORY] ensure_capacity START (capacity=4096): used=105.64 MB, total_allocated=105.64 MB
[GPU_MEMORY] ensure_capacity ALLOC (new_Sc shape=(3374, 4096), new_Ss shape=(3374, 4096)): used=316.52 MB, total_allocated=316.52 MB
[GPU_MEMORY] ensure_capacity COPY (copied 2048 columns): used=316.52 MB, total_allocated=316.52 MB
[GPU_MEMORY] ensure_capacity GPU_CLEANUP: used=211.08 MB, total_allocated=211.08 MB
[GPU_MEMORY] ensure_capacity END (Sc shape=(3374, 4096), Ss shape=(3374, 4096)): used=211.08 MB, total_allocated=211.08 MB
min_dist: 0.7662842130629336
  N_atoms=2472  box=(20.0,20.0,7.0)  eps=78.0  T=298.0
  reference: z_scale=9.57 r_cut=9.0 alpha=0.2843 k_max=5.117 n_k=30324 grid=(17, 17, 55)
  trajectory: 20000 frames of 2472 atoms
  frame 2000 (step 100050): prod recompute 2.1s
    ref energy 0.6s
    ref check [z_scale x1.5] dE = +4.727e-09 kT  (n_k=45519)
    ref check [r_cut 4.5   ] dE = -1.141e-08 kT  (n_k=242443)
    ref check [eps 1e-12   ] dE = +5.914e-09 kT  (n_k=52473)
    wall force  prod=      7.6965  flip=     13.9586  ref=     16.4474  ideal=     16.3859  logged=7.696548 kJ/(mol nm^3)
    FD atom   968 Na  |F_fd|=12.1456  err_as_coded=7.4247e+00  err_if_real_flipped=4.1964e-07
    FD atom  1457 Na  |F_fd|=1.1900  err_as_coded=2.8213e-02  err_if_real_flipped=1.7554e-08
    FD atom   969 Na  |F_fd|=8.5456  err_as_coded=8.7798e-01  err_if_real_flipped=1.6427e-08
    FD atom  1463 Na  |F_fd|=12.5686  err_as_coded=7.0305e+00  err_if_real_flipped=3.5400e-07
    FD atom  1952 Cl  |F_fd|=1.9640  err_as_coded=5.5949e-02  err_if_real_flipped=3.1527e-08
    FD atom  1960 Cl  |F_fd|=2.1121  err_as_coded=1.5803e+00  err_if_real_flipped=5.9554e-08
    Na_wall/large      n=  62 rms=   0.4760 kT  max=   0.8939  <|dacc|>=0.0289  f(>0.1)=0.048  rms(dE_ref)=   3.070
    Na_bulk/large      n=  92 rms=   0.3398 kT  max=   1.0436  <|dacc|>=0.0491  f(>0.1)=0.163  rms(dE_ref)=   1.713
    Cl/large           n= 191 rms=   0.1614 kT  max=   0.5934  <|dacc|>=0.0567  f(>0.1)=0.251  rms(dE_ref)=   0.334
    dipole/large       n= 144 rms=   0.1354 kT  max=   0.4874  <|dacc|>=0.0472  f(>0.1)=0.139  rms(dE_ref)=   0.316
slurmstepd-node4: error: *** JOB 94810 ON node4 CANCELLED AT 2026-09-25T18:10:00 ***
