task 3 -> results_prod_neutral/pz_17/sigma/ions_dipole_sigma_pz_17_H_3_sigma_-5_C_0.01_Cz_0.1_20260216_125433

==============================================================================
results_prod_neutral__pz_17__sigma__ions_dipole_sigma_pz_17_H_3_sigma_-5_C_0.01_Cz_0.1_20260216_125433
==============================================================================
[GPU_MEMORY] ensure_capacity START (capacity=2048): used=0.21 MB, total_allocated=0.21 MB
[GPU_MEMORY] ensure_capacity INIT (Sc shape=(3374, 2048), Ss shape=(3374, 2048)): used=105.64 MB, total_allocated=105.64 MB

====== TOPOLOGY CONFIGURATION SUMMARY ======

Registered Types:
  0: Na (mass=39.0983, charge=1.0)
  1: Cl (mass=35.453, charge=-1.0)
  2: Ip (mass=18.01528, charge=1.0)
  3: Im (mass=18.01528, charge=-1.0)
  4: G (mass=0.0, charge=0.0)
  5: Wb (mass=1.0, charge=-1.0)
  6: Wt (mass=1.0, charge=-1.0)

Pair Interactions:
  Na(0) - Na(0): HardSphere, EwaldReal
  Cl(1) - Cl(1): HardSphere, EwaldReal
  Na(0) - Cl(1): HardSphere, EwaldReal
  Na(0) - Ip(2): HardSphere, EwaldReal
  Na(0) - Im(3): HardSphere, EwaldReal
  Cl(1) - Ip(2): HardSphere, EwaldReal
  Cl(1) - Im(3): HardSphere, EwaldReal
  Na(0) - G(4): HardSphere
  Cl(1) - G(4): HardSphere
  Ip(2) - Ip(2): HardSphere, EwaldReal
  Im(3) - Im(3): HardSphere, EwaldReal
  Ip(2) - Im(3): HardSphere, EwaldReal
  Ip(2) - G(4): HardSphere
  Im(3) - G(4): HardSphere
  G(4) - G(4): HardSphere
  Na(0) - Wb(5): EwaldReal
  Cl(1) - Wb(5): EwaldReal
  Ip(2) - Wb(5): EwaldReal
  Im(3) - Wb(5): EwaldReal
  Na(0) - Wt(6): EwaldReal
  Cl(1) - Wt(6): EwaldReal
  Ip(2) - Wt(6): EwaldReal
  Im(3) - Wt(6): EwaldReal
  Wb(5) - Wb(5): EwaldReal
  Wt(6) - Wt(6): EwaldReal
  Wb(5) - Wt(6): EwaldReal
pair_interactions_counter: 26
Warning: 26 pair interactions found, expected 28
Warning: Missing pair interactions for: G-Wb, G-Wt

One-Body Forces:
  Na(0): HardWall, HardWall
  Cl(1): HardWall, HardWall
  Ip(2): HardWall, HardWall
  Im(3): HardWall, HardWall
  G(4): HardWall, HardWall

==========================================
Processing spec 1/3
Count:   0%|          | 0/249 [00:00<?, ?it/s]Count: 100%|██████████| 249/249 [00:00<00:00, 10724.04it/s]
Processing spec 2/3
Count:   0%|          | 0/7 [00:00<?, ?it/s]Count: 100%|██████████| 7/7 [00:00<00:00, 5673.45it/s]
Processing spec 3/3
Count:   0%|          | 0/72 [00:00<?, ?it/s]Count: 100%|██████████| 72/72 [00:00<00:00, 2246.31it/s]
min_dist: 0.7664462461156419
  N_atoms=714  box=(20.0,20.0,3.0)  eps=78.0  T=298.0
  reference: z_scale=21.00 r_cut=9.0 alpha=0.2843 k_max=5.117 n_k=28485 grid=(17, 17, 52)
  trajectory: 20000 frames of 714 atoms
  frame 2000 (step 100050): prod recompute 0.5s
    ref energy 0.1s
    ref check [z_scale x1.5] dE = -1.336e-08 kT  (n_k=42770)
    ref check [r_cut 4.5   ] dE = -4.987e-10 kT  (n_k=228068)
    ref check [eps 1e-12   ] dE = +2.282e-09 kT  (n_k=49313)
    wall force  prod=      0.7405  flip=      1.0430  ref=      1.0429  ideal=      1.0241  logged=0.7404624 kJ/(mol nm^3)
    FD atom   242 Na  |F_fd|=3.5915  err_as_coded=2.9617e+00  err_if_real_flipped=1.1677e-07
    FD atom   362 Na  |F_fd|=2.0487  err_as_coded=1.8250e+00  err_if_real_flipped=1.7210e-07
    FD atom   244 Na  |F_fd|=2.3479  err_as_coded=1.0771e-01  err_if_real_flipped=5.0138e-08
    FD atom   379 Na  |F_fd|=3.4222  err_as_coded=1.5797e-01  err_if_real_flipped=3.0700e-08
    FD atom   491 Cl  |F_fd|=2.2420  err_as_coded=2.5146e+00  err_if_real_flipped=1.6710e-07
    FD atom   494 Cl  |F_fd|=2.0998  err_as_coded=1.5385e+00  err_if_real_flipped=5.1802e-08
    Na_wall/large      n= 123 rms=   0.1226 kT  max=   0.4155  <|dacc|>=0.0455  f(>0.1)=0.138  rms(dE_ref)=   0.640
    Na_bulk/large      n= 136 rms=   0.1161 kT  max=   0.3596  <|dacc|>=0.0319  f(>0.1)=0.096  rms(dE_ref)=   0.672
    Cl/large           n= 117 rms=   0.1015 kT  max=   0.2543  <|dacc|>=0.0317  f(>0.1)=0.085  rms(dE_ref)=   0.765
    dipole/large       n= 114 rms=   0.0886 kT  max=   0.2743  <|dacc|>=0.0266  f(>0.1)=0.044  rms(dE_ref)=   0.399
    Na_wall/small      n= 228 rms=   0.0196 kT  max=   0.0642  <|dacc|>=0.0066  f(>0.1)=0.000  rms(dE_ref)=   0.108
    Na_bulk/small      n= 232 rms=   0.0198 kT  max=   0.0568  <|dacc|>=0.0079  f(>0.1)=0.000  rms(dE_ref)=   0.090
    Cl/small           n= 222 rms=   0.0177 kT  max=   0.0573  <|dacc|>=0.0060  f(>0.1)=0.000  rms(dE_ref)=   0.078
    dipole/small       n= 237 rms=   0.0173 kT  max=   0.0668  <|dacc|>=0.0067  f(>0.1)=0.000  rms(dE_ref)=   0.074
    moves 9.8s
  frame 3000 (step 150050): prod recompute 0.4s
    ref energy 0.1s
    wall force  prod=      0.7301  flip=      1.0269  ref=      1.0179  ideal=      1.0241  logged=0.7301364 kJ/(mol nm^3)
    Na_wall/large      n= 140 rms=   0.1500 kT  max=   0.4191  <|dacc|>=0.0498  f(>0.1)=0.157  rms(dE_ref)=   0.741
    Na_bulk/large      n= 120 rms=   0.1225 kT  max=   0.3082  <|dacc|>=0.0356  f(>0.1)=0.083  rms(dE_ref)=   0.637
    Cl/large           n= 121 rms=   0.1208 kT  max=   0.3773  <|dacc|>=0.0328  f(>0.1)=0.107  rms(dE_ref)=   0.647
    dipole/large       n= 105 rms=   0.0678 kT  max=   0.1733  <|dacc|>=0.0215  f(>0.1)=0.019  rms(dE_ref)=   0.364
    Na_wall/small      n= 227 rms=   0.0232 kT  max=   0.0977  <|dacc|>=0.0083  f(>0.1)=0.000  rms(dE_ref)=   0.112
    Na_bulk/small      n= 229 rms=   0.0198 kT  max=   0.0598  <|dacc|>=0.0067  f(>0.1)=0.000  rms(dE_ref)=   0.096
    Cl/small           n= 243 rms=   0.0130 kT  max=   0.0446  <|dacc|>=0.0042  f(>0.1)=0.000  rms(dE_ref)=   0.092
    dipole/small       n= 223 rms=   0.0177 kT  max=   0.0493  <|dacc|>=0.0057  f(>0.1)=0.000  rms(dE_ref)=   0.069
    moves 9.7s
  frame 4000 (step 200050): prod recompute 0.4s
    ref energy 0.1s
    wall force  prod=      0.7250  flip=      1.0311  ref=      1.0289  ideal=      1.0241  logged=0.7250396 kJ/(mol nm^3)
    Na_wall/large      n= 121 rms=   0.1340 kT  max=   0.4468  <|dacc|>=0.0482  f(>0.1)=0.149  rms(dE_ref)=   0.730
    Na_bulk/large      n= 143 rms=   0.1412 kT  max=   0.4296  <|dacc|>=0.0367  f(>0.1)=0.112  rms(dE_ref)=   0.517
    Cl/large           n= 113 rms=   0.0950 kT  max=   0.2776  <|dacc|>=0.0294  f(>0.1)=0.053  rms(dE_ref)=   0.678
    dipole/large       n= 115 rms=   0.0732 kT  max=   0.1663  <|dacc|>=0.0265  f(>0.1)=0.043  rms(dE_ref)=   0.325
    Na_wall/small      n= 221 rms=   0.0221 kT  max=   0.0781  <|dacc|>=0.0089  f(>0.1)=0.000  rms(dE_ref)=   0.102
    Na_bulk/small      n= 236 rms=   0.0226 kT  max=   0.0979  <|dacc|>=0.0069  f(>0.1)=0.000  rms(dE_ref)=   0.085
    Cl/small           n= 225 rms=   0.0186 kT  max=   0.0526  <|dacc|>=0.0085  f(>0.1)=0.000  rms(dE_ref)=   0.086
    dipole/small       n= 226 rms=   0.0189 kT  max=   0.0734  <|dacc|>=0.0067  f(>0.1)=0.000  rms(dE_ref)=   0.065
    moves 9.7s
  -> /home/fluffymelon/AntiDLVO/ewald_audit/results/frames/results_prod_neutral__pz_17__sigma__ions_dipole_sigma_pz_17_H_3_sigma_-5_C_0.01_Cz_0.1_20260216_125433.json  (44s)
