task 9 -> results_prod_neutral/pz_17/C/ions_dipole_C_pz_17_H_3_sigma_-20_C_0.04_Cz_0.1_20260217_014527

==============================================================================
results_prod_neutral__pz_17__C__ions_dipole_C_pz_17_H_3_sigma_-20_C_0.04_Cz_0.1_20260217_014527
==============================================================================
Traceback (most recent call last):
  File "cupy/cuda/device.pyx", line 40, in cupy.cuda.device.get_device_id
  File "cupy_backends/cuda/api/runtime.pyx", line 202, in cupy_backends.cuda.api.runtime.getDevice
  File "cupy_backends/cuda/api/runtime.pyx", line 146, in cupy_backends.cuda.api.runtime.check_status
cupy_backends.cuda.api.runtime.CUDARuntimeError: cudaErrorNoDevice: no CUDA-capable device is detected
Exception ignored in: 'cupy.cuda.memory.MemoryPool.used_bytes'
Traceback (most recent call last):
  File "cupy/cuda/device.pyx", line 40, in cupy.cuda.device.get_device_id
  File "cupy_backends/cuda/api/runtime.pyx", line 202, in cupy_backends.cuda.api.runtime.getDevice
  File "cupy_backends/cuda/api/runtime.pyx", line 146, in cupy_backends.cuda.api.runtime.check_status
cupy_backends.cuda.api.runtime.CUDARuntimeError: cudaErrorNoDevice: no CUDA-capable device is detected
Traceback (most recent call last):
  File "cupy/cuda/device.pyx", line 40, in cupy.cuda.device.get_device_id
  File "cupy_backends/cuda/api/runtime.pyx", line 202, in cupy_backends.cuda.api.runtime.getDevice
  File "cupy_backends/cuda/api/runtime.pyx", line 146, in cupy_backends.cuda.api.runtime.check_status
cupy_backends.cuda.api.runtime.CUDARuntimeError: cudaErrorNoDevice: no CUDA-capable device is detected
Exception ignored in: 'cupy.cuda.memory.MemoryPool.total_bytes'
Traceback (most recent call last):
  File "cupy/cuda/device.pyx", line 40, in cupy.cuda.device.get_device_id
  File "cupy_backends/cuda/api/runtime.pyx", line 202, in cupy_backends.cuda.api.runtime.getDevice
  File "cupy_backends/cuda/api/runtime.pyx", line 146, in cupy_backends.cuda.api.runtime.check_status
cupy_backends.cuda.api.runtime.CUDARuntimeError: cudaErrorNoDevice: no CUDA-capable device is detected
Traceback (most recent call last):
  File "cupy/cuda/device.pyx", line 40, in cupy.cuda.device.get_device_id
  File "cupy_backends/cuda/api/runtime.pyx", line 202, in cupy_backends.cuda.api.runtime.getDevice
  File "cupy_backends/cuda/api/runtime.pyx", line 146, in cupy_backends.cuda.api.runtime.check_status
cupy_backends.cuda.api.runtime.CUDARuntimeError: cudaErrorNoDevice: no CUDA-capable device is detected
Exception ignored in: 'cupy.cuda.memory.MemoryPool.used_bytes'
Traceback (most recent call last):
  File "cupy/cuda/device.pyx", line 40, in cupy.cuda.device.get_device_id
  File "cupy_backends/cuda/api/runtime.pyx", line 202, in cupy_backends.cuda.api.runtime.getDevice
  File "cupy_backends/cuda/api/runtime.pyx", line 146, in cupy_backends.cuda.api.runtime.check_status
cupy_backends.cuda.api.runtime.CUDARuntimeError: cudaErrorNoDevice: no CUDA-capable device is detected
Traceback (most recent call last):
  File "cupy/cuda/device.pyx", line 40, in cupy.cuda.device.get_device_id
  File "cupy_backends/cuda/api/runtime.pyx", line 202, in cupy_backends.cuda.api.runtime.getDevice
  File "cupy_backends/cuda/api/runtime.pyx", line 146, in cupy_backends.cuda.api.runtime.check_status
cupy_backends.cuda.api.runtime.CUDARuntimeError: cudaErrorNoDevice: no CUDA-capable device is detected
Exception ignored in: 'cupy.cuda.memory.MemoryPool.total_bytes'
Traceback (most recent call last):
  File "cupy/cuda/device.pyx", line 40, in cupy.cuda.device.get_device_id
  File "cupy_backends/cuda/api/runtime.pyx", line 202, in cupy_backends.cuda.api.runtime.getDevice
  File "cupy_backends/cuda/api/runtime.pyx", line 146, in cupy_backends.cuda.api.runtime.check_status
cupy_backends.cuda.api.runtime.CUDARuntimeError: cudaErrorNoDevice: no CUDA-capable device is detected
[GPU_MEMORY] ensure_capacity START (capacity=2048): used=0.00 MB, total_allocated=0.00 MB
[GPU_MEMORY] ensure_capacity INIT (Sc shape=(3374, 2048), Ss shape=(3374, 2048)): used=0.00 MB, total_allocated=0.00 MB

====== TOPOLOGY CONFIGURATION SUMMARY ======

Registered Types:
  0: Na (mass=39.0983, charge=1.0)
  1: Cl (mass=35.453, charge=-1.0)
  2: Ip (mass=18.01528, charge=1.0)
  3: Im (mass=18.01528, charge=-1.0)
  4: G (mass=0.0, charge=0.0)
  5: Wb (mass=1.0, charge=-1.0)
  6: Wt (mass=1.0, charge=-1.0)

Pair Interactions:
  Na(0) - Na(0): HardSphere, EwaldReal
  Cl(1) - Cl(1): HardSphere, EwaldReal
  Na(0) - Cl(1): HardSphere, EwaldReal
  Na(0) - Ip(2): HardSphere, EwaldReal
  Na(0) - Im(3): HardSphere, EwaldReal
  Cl(1) - Ip(2): HardSphere, EwaldReal
  Cl(1) - Im(3): HardSphere, EwaldReal
  Na(0) - G(4): HardSphere
  Cl(1) - G(4): HardSphere
  Ip(2) - Ip(2): HardSphere, EwaldReal
  Im(3) - Im(3): HardSphere, EwaldReal
  Ip(2) - Im(3): HardSphere, EwaldReal
  Ip(2) - G(4): HardSphere
  Im(3) - G(4): HardSphere
  G(4) - G(4): HardSphere
  Na(0) - Wb(5): EwaldReal
  Cl(1) - Wb(5): EwaldReal
  Ip(2) - Wb(5): EwaldReal
  Im(3) - Wb(5): EwaldReal
  Na(0) - Wt(6): EwaldReal
  Cl(1) - Wt(6): EwaldReal
  Ip(2) - Wt(6): EwaldReal
  Im(3) - Wt(6): EwaldReal
  Wb(5) - Wb(5): EwaldReal
  Wt(6) - Wt(6): EwaldReal
  Wb(5) - Wt(6): EwaldReal
pair_interactions_counter: 26
Warning: 26 pair interactions found, expected 28
Warning: Missing pair interactions for: G-Wb, G-Wt

One-Body Forces:
  Na(0): HardWall, HardWall
  Cl(1): HardWall, HardWall
  Ip(2): HardWall, HardWall
  Im(3): HardWall, HardWall
  G(4): HardWall, HardWall

==========================================
Processing spec 1/3
Count:   0%|          | 0/996 [00:00<?, ?it/s]Count:  92%|█████████▏| 916/996 [00:00<00:00, 9152.52it/s]Count: 100%|██████████| 996/996 [00:00<00:00, 9021.18it/s]
Processing spec 2/3
Count:   0%|          | 0/28 [00:00<?, ?it/s]Count: 100%|██████████| 28/28 [00:00<00:00, 7588.07it/s]
Processing spec 3/3
Count:   0%|          | 0/72 [00:00<?, ?it/s]Traceback (most recent call last):
  File "cupy/cuda/device.pyx", line 40, in cupy.cuda.device.get_device_id
  File "cupy_backends/cuda/api/runtime.pyx", line 202, in cupy_backends.cuda.api.runtime.getDevice
  File "cupy_backends/cuda/api/runtime.pyx", line 146, in cupy_backends.cuda.api.runtime.check_status
cupy_backends.cuda.api.runtime.CUDARuntimeError: cudaErrorNoDevice: no CUDA-capable device is detected
Exception ignored in: 'cupy.cuda.memory.MemoryPool.used_bytes'
Traceback (most recent call last):
  File "cupy/cuda/device.pyx", line 40, in cupy.cuda.device.get_device_id
  File "cupy_backends/cuda/api/runtime.pyx", line 202, in cupy_backends.cuda.api.runtime.getDevice
  File "cupy_backends/cuda/api/runtime.pyx", line 146, in cupy_backends.cuda.api.runtime.check_status
cupy_backends.cuda.api.runtime.CUDARuntimeError: cudaErrorNoDevice: no CUDA-capable device is detected
Traceback (most recent call last):
  File "cupy/cuda/device.pyx", line 40, in cupy.cuda.device.get_device_id
  File "cupy_backends/cuda/api/runtime.pyx", line 202, in cupy_backends.cuda.api.runtime.getDevice
  File "cupy_backends/cuda/api/runtime.pyx", line 146, in cupy_backends.cuda.api.runtime.check_status
cupy_backends.cuda.api.runtime.CUDARuntimeError: cudaErrorNoDevice: no CUDA-capable device is detected
Exception ignored in: 'cupy.cuda.memory.MemoryPool.total_bytes'
Traceback (most recent call last):
  File "cupy/cuda/device.pyx", line 40, in cupy.cuda.device.get_device_id
  File "cupy_backends/cuda/api/runtime.pyx", line 202, in cupy_backends.cuda.api.runtime.getDevice
  File "cupy_backends/cuda/api/runtime.pyx", line 146, in cupy_backends.cuda.api.runtime.check_status
cupy_backends.cuda.api.runtime.CUDARuntimeError: cudaErrorNoDevice: no CUDA-capable device is detected
Traceback (most recent call last):
  File "cupy/cuda/device.pyx", line 40, in cupy.cuda.device.get_device_id
  File "cupy_backends/cuda/api/runtime.pyx", line 202, in cupy_backends.cuda.api.runtime.getDevice
  File "cupy_backends/cuda/api/runtime.pyx", line 146, in cupy_backends.cuda.api.runtime.check_status
cupy_backends.cuda.api.runtime.CUDARuntimeError: cudaErrorNoDevice: no CUDA-capable device is detected
Exception ignored in: 'cupy.cuda.memory.MemoryPool.used_bytes'
Traceback (most recent call last):
  File "cupy/cuda/device.pyx", line 40, in cupy.cuda.device.get_device_id
  File "cupy_backends/cuda/api/runtime.pyx", line 202, in cupy_backends.cuda.api.runtime.getDevice
  File "cupy_backends/cuda/api/runtime.pyx", line 146, in cupy_backends.cuda.api.runtime.check_status
cupy_backends.cuda.api.runtime.CUDARuntimeError: cudaErrorNoDevice: no CUDA-capable device is detected
Traceback (most recent call last):
  File "cupy/cuda/device.pyx", line 40, in cupy.cuda.device.get_device_id
  File "cupy_backends/cuda/api/runtime.pyx", line 202, in cupy_backends.cuda.api.runtime.getDevice
  File "cupy_backends/cuda/api/runtime.pyx", line 146, in cupy_backends.cuda.api.runtime.check_status
cupy_backends.cuda.api.runtime.CUDARuntimeError: cudaErrorNoDevice: no CUDA-capable device is detected
Exception ignored in: 'cupy.cuda.memory.MemoryPool.total_bytes'
Traceback (most recent call last):
  File "cupy/cuda/device.pyx", line 40, in cupy.cuda.device.get_device_id
  File "cupy_backends/cuda/api/runtime.pyx", line 202, in cupy_backends.cuda.api.runtime.getDevice
  File "cupy_backends/cuda/api/runtime.pyx", line 146, in cupy_backends.cuda.api.runtime.check_status
cupy_backends.cuda.api.runtime.CUDARuntimeError: cudaErrorNoDevice: no CUDA-capable device is detected
Traceback (most recent call last):
  File "cupy/cuda/device.pyx", line 40, in cupy.cuda.device.get_device_id
  File "cupy_backends/cuda/api/runtime.pyx", line 202, in cupy_backends.cuda.api.runtime.getDevice
  File "cupy_backends/cuda/api/runtime.pyx", line 146, in cupy_backends.cuda.api.runtime.check_status
cupy_backends.cuda.api.runtime.CUDARuntimeError: cudaErrorNoDevice: no CUDA-capable device is detected
Exception ignored in: 'cupy.cuda.memory.MemoryPool.used_bytes'
Traceback (most recent call last):
  File "cupy/cuda/device.pyx", line 40, in cupy.cuda.device.get_device_id
  File "cupy_backends/cuda/api/runtime.pyx", line 202, in cupy_backends.cuda.api.runtime.getDevice
  File "cupy_backends/cuda/api/runtime.pyx", line 146, in cupy_backends.cuda.api.runtime.check_status
cupy_backends.cuda.api.runtime.CUDARuntimeError: cudaErrorNoDevice: no CUDA-capable device is detected
Traceback (most recent call last):
  File "cupy/cuda/device.pyx", line 40, in cupy.cuda.device.get_device_id
  File "cupy_backends/cuda/api/runtime.pyx", line 202, in cupy_backends.cuda.api.runtime.getDevice
  File "cupy_backends/cuda/api/runtime.pyx", line 146, in cupy_backends.cuda.api.runtime.check_status
cupy_backends.cuda.api.runtime.CUDARuntimeError: cudaErrorNoDevice: no CUDA-capable device is detected
Exception ignored in: 'cupy.cuda.memory.MemoryPool.total_bytes'
Traceback (most recent call last):
  File "cupy/cuda/device.pyx", line 40, in cupy.cuda.device.get_device_id
  File "cupy_backends/cuda/api/runtime.pyx", line 202, in cupy_backends.cuda.api.runtime.getDevice
  File "cupy_backends/cuda/api/runtime.pyx", line 146, in cupy_backends.cuda.api.runtime.check_status
cupy_backends.cuda.api.runtime.CUDARuntimeError: cudaErrorNoDevice: no CUDA-capable device is detected
Traceback (most recent call last):
  File "cupy/cuda/device.pyx", line 40, in cupy.cuda.device.get_device_id
  File "cupy_backends/cuda/api/runtime.pyx", line 202, in cupy_backends.cuda.api.runtime.getDevice
  File "cupy_backends/cuda/api/runtime.pyx", line 146, in cupy_backends.cuda.api.runtime.check_status
cupy_backends.cuda.api.runtime.CUDARuntimeError: cudaErrorNoDevice: no CUDA-capable device is detected
Exception ignored in: 'cupy.cuda.memory.MemoryPool.used_bytes'
Traceback (most recent call last):
  File "cupy/cuda/device.pyx", line 40, in cupy.cuda.device.get_device_id
  File "cupy_backends/cuda/api/runtime.pyx", line 202, in cupy_backends.cuda.api.runtime.getDevice
  File "cupy_backends/cuda/api/runtime.pyx", line 146, in cupy_backends.cuda.api.runtime.check_status
cupy_backends.cuda.api.runtime.CUDARuntimeError: cudaErrorNoDevice: no CUDA-capable device is detected
Traceback (most recent call last):
  File "cupy/cuda/device.pyx", line 40, in cupy.cuda.device.get_device_id
  File "cupy_backends/cuda/api/runtime.pyx", line 202, in cupy_backends.cuda.api.runtime.getDevice
  File "cupy_backends/cuda/api/runtime.pyx", line 146, in cupy_backends.cuda.api.runtime.check_status
cupy_backends.cuda.api.runtime.CUDARuntimeError: cudaErrorNoDevice: no CUDA-capable device is detected
Exception ignored in: 'cupy.cuda.memory.MemoryPool.total_bytes'
Traceback (most recent call last):
  File "cupy/cuda/device.pyx", line 40, in cupy.cuda.device.get_device_id
  File "cupy_backends/cuda/api/runtime.pyx", line 202, in cupy_backends.cuda.api.runtime.getDevice
  File "cupy_backends/cuda/api/runtime.pyx", line 146, in cupy_backends.cuda.api.runtime.check_status
cupy_backends.cuda.api.runtime.CUDARuntimeError: cudaErrorNoDevice: no CUDA-capable device is detected
Count: 100%|██████████| 72/72 [00:00<00:00, 1323.19it/s]
[GPU_MEMORY] ensure_capacity START (capacity=4096): used=0.00 MB, total_allocated=0.00 MB
[GPU_MEMORY] ensure_capacity ALLOC (new_Sc shape=(3374, 4096), new_Ss shape=(3374, 4096)): used=0.00 MB, total_allocated=0.00 MB
[GPU_MEMORY] ensure_capacity COPY (copied 2048 columns): used=0.00 MB, total_allocated=0.00 MB
[GPU_MEMORY] ensure_capacity END (Sc shape=(3374, 4096), Ss shape=(3374, 4096)): used=0.00 MB, total_allocated=0.00 MB
min_dist: 0.0827675834794563
  N_atoms=2208  box=(20.0,20.0,3.0)  eps=78.0  T=298.0
  reference: z_scale=21.00 r_cut=9.0 alpha=0.2843 k_max=5.117 n_k=28485 grid=(17, 17, 52)
  trajectory: 19981 frames of 2208 atoms
  frame 2000 (step 100050): prod recompute 2.0s
    ref energy 4.0s
    ref check [z_scale x1.5] dE = -1.168e-08 kT  (n_k=42770)
    ref check [r_cut 4.5   ] dE = -1.151e-08 kT  (n_k=228068)
    ref check [eps 1e-12   ] dE = +2.354e-09 kT  (n_k=49313)
    wall force  prod=      9.1453  flip=     16.5002  ref=     16.4909  ideal=     16.3859  logged=9.145304 kJ/(mol nm^3)
    FD atom   968 Na  |F_fd|=16.2292  err_as_coded=8.5686e+00  err_if_real_flipped=4.3206e-07
    FD atom  1448 Na  |F_fd|=1.2415  err_as_coded=1.0070e+00  err_if_real_flipped=6.5501e-08
    FD atom   970 Na  |F_fd|=10.1954  err_as_coded=1.9330e+00  err_if_real_flipped=7.3242e-08
    FD atom  1488 Na  |F_fd|=19.0556  err_as_coded=1.3749e+01  err_if_real_flipped=9.1617e-07
    FD atom  1964 Cl  |F_fd|=9.5296  err_as_coded=9.4212e-01  err_if_real_flipped=1.1785e-07
    FD atom  1978 Cl  |F_fd|=2.3359  err_as_coded=2.0458e+00  err_if_real_flipped=1.3055e-07
    Na_wall/large      n=  23 rms=   0.1704 kT  max=   0.3689  <|dacc|>=0.0164  f(>0.1)=0.043  rms(dE_ref)=   2.687
    Na_bulk/large      n=  28 rms=   0.1775 kT  max=   0.4340  <|dacc|>=0.0248  f(>0.1)=0.036  rms(dE_ref)=   1.605
    Cl/large           n=  24 rms=   0.1341 kT  max=   0.3180  <|dacc|>=0.0443  f(>0.1)=0.208  rms(dE_ref)=   0.536
    dipole/large       n=  24 rms=   0.1021 kT  max=   0.2175  <|dacc|>=0.0314  f(>0.1)=0.042  rms(dE_ref)=   0.783
    Na_wall/small      n= 119 rms=   0.0280 kT  max=   0.1155  <|dacc|>=0.0093  f(>0.1)=0.000  rms(dE_ref)=   0.368
    Na_bulk/small      n= 117 rms=   0.0274 kT  max=   0.0899  <|dacc|>=0.0093  f(>0.1)=0.000  rms(dE_ref)=   0.294
    Cl/small           n= 129 rms=   0.0255 kT  max=   0.0581  <|dacc|>=0.0120  f(>0.1)=0.000  rms(dE_ref)=   0.101
    dipole/small       n= 109 rms=   0.0242 kT  max=   0.0664  <|dacc|>=0.0098  f(>0.1)=0.000  rms(dE_ref)=   0.106
    moves 1005.8s
  frame 3000 (step 150050): prod recompute 1.9s
    ref energy 4.0s
    wall force  prod=      8.8858  flip=     16.5350  ref=     16.5442  ideal=     16.3859  logged=8.885841 kJ/(mol nm^3)
    Na_wall/large      n=  26 rms=   0.1519 kT  max=   0.3983  <|dacc|>=0.0175  f(>0.1)=0.038  rms(dE_ref)=   2.517
    Na_bulk/large      n=  36 rms=   0.2190 kT  max=   0.5629  <|dacc|>=0.0478  f(>0.1)=0.139  rms(dE_ref)=   1.656
    Cl/large           n=  23 rms=   0.1284 kT  max=   0.3676  <|dacc|>=0.0208  f(>0.1)=0.087  rms(dE_ref)=   0.867
    dipole/large       n=  23 rms=   0.1040 kT  max=   0.2179  <|dacc|>=0.0235  f(>0.1)=0.043  rms(dE_ref)=   0.970
    Na_wall/small      n= 115 rms=   0.0246 kT  max=   0.0742  <|dacc|>=0.0086  f(>0.1)=0.000  rms(dE_ref)=   0.323
    Na_bulk/small      n= 111 rms=   0.0245 kT  max=   0.0606  <|dacc|>=0.0085  f(>0.1)=0.000  rms(dE_ref)=   0.251
    Cl/small           n= 101 rms=   0.0241 kT  max=   0.0643  <|dacc|>=0.0089  f(>0.1)=0.000  rms(dE_ref)=   0.112
    dipole/small       n= 117 rms=   0.0218 kT  max=   0.0641  <|dacc|>=0.0083  f(>0.1)=0.000  rms(dE_ref)=   0.109
    moves 962.6s
  frame 4000 (step 200050): prod recompute 1.9s
    ref energy 3.9s
    wall force  prod=      9.0788  flip=     16.4875  ref=     16.4834  ideal=     16.3859  logged=9.078771 kJ/(mol nm^3)
    Na_wall/large      n=  28 rms=   0.1229 kT  max=   0.2074  <|dacc|>=0.0168  f(>0.1)=0.000  rms(dE_ref)=   2.446
    Na_bulk/large      n=  26 rms=   0.1776 kT  max=   0.5288  <|dacc|>=0.0384  f(>0.1)=0.115  rms(dE_ref)=   2.025
    Cl/large           n=  28 rms=   0.1873 kT  max=   0.4621  <|dacc|>=0.0651  f(>0.1)=0.286  rms(dE_ref)=   0.924
    dipole/large       n=  15 rms=   0.1068 kT  max=   0.2022  <|dacc|>=0.0326  f(>0.1)=0.067  rms(dE_ref)=   0.891
    Na_wall/small      n= 111 rms=   0.0267 kT  max=   0.1009  <|dacc|>=0.0071  f(>0.1)=0.000  rms(dE_ref)=   0.336
    Na_bulk/small      n= 115 rms=   0.0278 kT  max=   0.0928  <|dacc|>=0.0076  f(>0.1)=0.000  rms(dE_ref)=   0.286
    Cl/small           n= 123 rms=   0.0309 kT  max=   0.1074  <|dacc|>=0.0104  f(>0.1)=0.000  rms(dE_ref)=   0.081
    dipole/small       n= 118 rms=   0.0265 kT  max=   0.0981  <|dacc|>=0.0093  f(>0.1)=0.000  rms(dE_ref)=   0.103
    moves 990.3s
  -> /home/fluffymelon/AntiDLVO/ewald_audit/results/frames/results_prod_neutral__pz_17__C__ions_dipole_C_pz_17_H_3_sigma_-20_C_0.04_Cz_0.1_20260217_014527.json  (3113s)
