task 0 -> results_prod_neutral/pz_17/sigma/ions_dipole_sigma_pz_17_H_3_sigma_-20_C_0.01_Cz_0.1_20260216_133324

==============================================================================
results_prod_neutral__pz_17__sigma__ions_dipole_sigma_pz_17_H_3_sigma_-20_C_0.01_Cz_0.1_20260216_133324
==============================================================================
[GPU_MEMORY] ensure_capacity START (capacity=2048): used=0.21 MB, total_allocated=0.21 MB
[GPU_MEMORY] ensure_capacity INIT (Sc shape=(3374, 2048), Ss shape=(3374, 2048)): used=105.64 MB, total_allocated=105.64 MB

====== TOPOLOGY CONFIGURATION SUMMARY ======

Registered Types:
  0: Na (mass=39.0983, charge=1.0)
  1: Cl (mass=35.453, charge=-1.0)
  2: Ip (mass=18.01528, charge=1.0)
  3: Im (mass=18.01528, charge=-1.0)
  4: G (mass=0.0, charge=0.0)
  5: Wb (mass=1.0, charge=-1.0)
  6: Wt (mass=1.0, charge=-1.0)

Pair Interactions:
  Na(0) - Na(0): HardSphere, EwaldReal
  Cl(1) - Cl(1): HardSphere, EwaldReal
  Na(0) - Cl(1): HardSphere, EwaldReal
  Na(0) - Ip(2): HardSphere, EwaldReal
  Na(0) - Im(3): HardSphere, EwaldReal
  Cl(1) - Ip(2): HardSphere, EwaldReal
  Cl(1) - Im(3): HardSphere, EwaldReal
  Na(0) - G(4): HardSphere
  Cl(1) - G(4): HardSphere
  Ip(2) - Ip(2): HardSphere, EwaldReal
  Im(3) - Im(3): HardSphere, EwaldReal
  Ip(2) - Im(3): HardSphere, EwaldReal
  Ip(2) - G(4): HardSphere
  Im(3) - G(4): HardSphere
  G(4) - G(4): HardSphere
  Na(0) - Wb(5): EwaldReal
  Cl(1) - Wb(5): EwaldReal
  Ip(2) - Wb(5): EwaldReal
  Im(3) - Wb(5): EwaldReal
  Na(0) - Wt(6): EwaldReal
  Cl(1) - Wt(6): EwaldReal
  Ip(2) - Wt(6): EwaldReal
  Im(3) - Wt(6): EwaldReal
  Wb(5) - Wb(5): EwaldReal
  Wt(6) - Wt(6): EwaldReal
  Wb(5) - Wt(6): EwaldReal
pair_interactions_counter: 26
Warning: 26 pair interactions found, expected 28
Warning: Missing pair interactions for: G-Wb, G-Wt

One-Body Forces:
  Na(0): HardWall, HardWall
  Cl(1): HardWall, HardWall
  Ip(2): HardWall, HardWall
  Im(3): HardWall, HardWall
  G(4): HardWall, HardWall

==========================================
Processing spec 1/3
Count:   0%|          | 0/975 [00:00<?, ?it/s]Count:  48%|████▊     | 468/975 [00:00<00:00, 4674.27it/s]Count:  96%|█████████▌| 936/975 [00:02<00:00, 372.64it/s] Count: 100%|██████████| 975/975 [00:03<00:00, 286.40it/s]
Processing spec 2/3
Count:   0%|          | 0/7 [00:00<?, ?it/s]Count:  57%|█████▋    | 4/7 [00:00<00:00, 27.99it/s]Count: 100%|██████████| 7/7 [00:00<00:00, 37.58it/s]
Processing spec 3/3
Count:   0%|          | 0/72 [00:00<?, ?it/s]Count:   1%|▏         | 1/72 [00:00<00:39,  1.78it/s]Count:   3%|▎         | 2/72 [00:01<00:54,  1.29it/s]Count:   4%|▍         | 3/72 [00:01<00:33,  2.09it/s]Count:   7%|▋         | 5/72 [00:02<00:27,  2.44it/s]Count:   8%|▊         | 6/72 [00:02<00:21,  3.08it/s]Count:  10%|▉         | 7/72 [00:02<00:17,  3.79it/s]Count:  11%|█         | 8/72 [00:03<00:22,  2.88it/s]Count:  11%|█         | 8/72 [00:04<00:36,  1.77it/s]
Traceback (most recent call last):
  File "/home/fluffymelon/AntiDLVO/ewald_audit/scripts/frame_audit.py", line 548, in main
    audit_run(run, args.frames, args.n_moves, bool(args.gpu),
    ~~~~~~~~~^^^^^^^^^^^^^^^^^^^^^^^^^^^^^^^^^^^^^^^^^^^^^^^^
              args.out, tag=tag)
              ^^^^^^^^^^^^^^^^^^
  File "/home/fluffymelon/AntiDLVO/ewald_audit/scripts/frame_audit.py", line 352, in audit_run
    cfg, units, system, topology = build_production(run_dir, use_gpu=use_gpu)
                                   ~~~~~~~~~~~~~~~~^^^^^^^^^^^^^^^^^^^^^^^^^^
  File "/home/fluffymelon/AntiDLVO/ewald_audit/scripts/frame_audit.py", line 110, in build_production
    setup_initial_configuration(system, cfg.get("types", []), topology, cfg=cfg)
    ~~~~~~~~~~~~~~~~~~~~~~~~~~~^^^^^^^^^^^^^^^^^^^^^^^^^^^^^^^^^^^^^^^^^^^^^^^^^
  File "/home/fluffymelon/AntiDLVO/src/utils.py", line 351, in setup_initial_configuration
    _init_random_configuration(
    ~~~~~~~~~~~~~~~~~~~~~~~~~~^
        system, processed_non_static_specs, type_name_to_id, min_distance, padding
        ^^^^^^^^^^^^^^^^^^^^^^^^^^^^^^^^^^^^^^^^^^^^^^^^^^^^^^^^^^^^^^^^^^^^^^^^^^
    )
    ^
  File "/home/fluffymelon/AntiDLVO/src/utils.py", line 729, in _init_random_configuration
    raise RuntimeError(
    ...<4 lines>...
    )
RuntimeError: Failed to place molecule Ip (Dipole) after 10000 attempts with min_distance=0.766001 and padding=[0.       0.       0.766001]. Consider system.non_static_init.mode='random_hs'.
  FAILED results_prod_neutral/pz_17/sigma/ions_dipole_sigma_pz_17_H_3_sigma_-20_C_0.01_Cz_0.1_20260216_133324: Failed to place molecule Ip (Dipole) after 10000 attempts with min_distance=0.766001 and padding=[0.       0.       0.766001]. Consider system.non_static_init.mode='random_hs'.
