task 18 -> results_prod_neutral/pz_27p6/H/ions_dipole_H_pz_27p6_H_9_sigma_-20_C_0.01_Cz_0.1_20260216_125816

==============================================================================
results_prod_neutral__pz_27p6__H__ions_dipole_H_pz_27p6_H_9_sigma_-20_C_0.01_Cz_0.1_20260216_125816
==============================================================================
Traceback (most recent call last):
  File "cupy/cuda/device.pyx", line 40, in cupy.cuda.device.get_device_id
  File "cupy_backends/cuda/api/runtime.pyx", line 202, in cupy_backends.cuda.api.runtime.getDevice
  File "cupy_backends/cuda/api/runtime.pyx", line 146, in cupy_backends.cuda.api.runtime.check_status
cupy_backends.cuda.api.runtime.CUDARuntimeError: cudaErrorNoDevice: no CUDA-capable device is detected
Exception ignored in: 'cupy.cuda.memory.MemoryPool.used_bytes'
Traceback (most recent call last):
  File "cupy/cuda/device.pyx", line 40, in cupy.cuda.device.get_device_id
  File "cupy_backends/cuda/api/runtime.pyx", line 202, in cupy_backends.cuda.api.runtime.getDevice
  File "cupy_backends/cuda/api/runtime.pyx", line 146, in cupy_backends.cuda.api.runtime.check_status
cupy_backends.cuda.api.runtime.CUDARuntimeError: cudaErrorNoDevice: no CUDA-capable device is detected
Traceback (most recent call last):
  File "cupy/cuda/device.pyx", line 40, in cupy.cuda.device.get_device_id
  File "cupy_backends/cuda/api/runtime.pyx", line 202, in cupy_backends.cuda.api.runtime.getDevice
  File "cupy_backends/cuda/api/runtime.pyx", line 146, in cupy_backends.cuda.api.runtime.check_status
cupy_backends.cuda.api.runtime.CUDARuntimeError: cudaErrorNoDevice: no CUDA-capable device is detected
Exception ignored in: 'cupy.cuda.memory.MemoryPool.total_bytes'
Traceback (most recent call last):
  File "cupy/cuda/device.pyx", line 40, in cupy.cuda.device.get_device_id
  File "cupy_backends/cuda/api/runtime.pyx", line 202, in cupy_backends.cuda.api.runtime.getDevice
  File "cupy_backends/cuda/api/runtime.pyx", line 146, in cupy_backends.cuda.api.runtime.check_status
cupy_backends.cuda.api.runtime.CUDARuntimeError: cudaErrorNoDevice: no CUDA-capable device is detected
Traceback (most recent call last):
  File "cupy/cuda/device.pyx", line 40, in cupy.cuda.device.get_device_id
  File "cupy_backends/cuda/api/runtime.pyx", line 202, in cupy_backends.cuda.api.runtime.getDevice
  File "cupy_backends/cuda/api/runtime.pyx", line 146, in cupy_backends.cuda.api.runtime.check_status
cupy_backends.cuda.api.runtime.CUDARuntimeError: cudaErrorNoDevice: no CUDA-capable device is detected
Exception ignored in: 'cupy.cuda.memory.MemoryPool.used_bytes'
Traceback (most recent call last):
  File "cupy/cuda/device.pyx", line 40, in cupy.cuda.device.get_device_id
  File "cupy_backends/cuda/api/runtime.pyx", line 202, in cupy_backends.cuda.api.runtime.getDevice
  File "cupy_backends/cuda/api/runtime.pyx", line 146, in cupy_backends.cuda.api.runtime.check_status
cupy_backends.cuda.api.runtime.CUDARuntimeError: cudaErrorNoDevice: no CUDA-capable device is detected
Traceback (most recent call last):
  File "cupy/cuda/device.pyx", line 40, in cupy.cuda.device.get_device_id
  File "cupy_backends/cuda/api/runtime.pyx", line 202, in cupy_backends.cuda.api.runtime.getDevice
  File "cupy_backends/cuda/api/runtime.pyx", line 146, in cupy_backends.cuda.api.runtime.check_status
cupy_backends.cuda.api.runtime.CUDARuntimeError: cudaErrorNoDevice: no CUDA-capable device is detected
Exception ignored in: 'cupy.cuda.memory.MemoryPool.total_bytes'
Traceback (most recent call last):
  File "cupy/cuda/device.pyx", line 40, in cupy.cuda.device.get_device_id
  File "cupy_backends/cuda/api/runtime.pyx", line 202, in cupy_backends.cuda.api.runtime.getDevice
  File "cupy_backends/cuda/api/runtime.pyx", line 146, in cupy_backends.cuda.api.runtime.check_status
cupy_backends.cuda.api.runtime.CUDARuntimeError: cudaErrorNoDevice: no CUDA-capable device is detected
[GPU_MEMORY] ensure_capacity START (capacity=2048): used=0.00 MB, total_allocated=0.00 MB
[GPU_MEMORY] ensure_capacity INIT (Sc shape=(3374, 2048), Ss shape=(3374, 2048)): used=0.00 MB, total_allocated=0.00 MB

====== TOPOLOGY CONFIGURATION SUMMARY ======

Registered Types:
  0: Na (mass=39.0983, charge=1.0)
  1: Cl (mass=35.453, charge=-1.0)
  2: Ip (mass=18.01528, charge=1.0)
  3: Im (mass=18.01528, charge=-1.0)
  4: G (mass=0.0, charge=0.0)
  5: Wb (mass=1.0, charge=-1.0)
  6: Wt (mass=1.0, charge=-1.0)

Pair Interactions:
  Na(0) - Na(0): HardSphere, EwaldReal
  Cl(1) - Cl(1): HardSphere, EwaldReal
  Na(0) - Cl(1): HardSphere, EwaldReal
  Na(0) - Ip(2): HardSphere, EwaldReal
  Na(0) - Im(3): HardSphere, EwaldReal
  Cl(1) - Ip(2): HardSphere, EwaldReal
  Cl(1) - Im(3): HardSphere, EwaldReal
  Na(0) - G(4): HardSphere
  Cl(1) - G(4): HardSphere
  Ip(2) - Ip(2): HardSphere, EwaldReal
  Im(3) - Im(3): HardSphere, EwaldReal
  Ip(2) - Im(3): HardSphere, EwaldReal
  Ip(2) - G(4): HardSphere
  Im(3) - G(4): HardSphere
  G(4) - G(4): HardSphere
  Na(0) - Wb(5): EwaldReal
  Cl(1) - Wb(5): EwaldReal
  Ip(2) - Wb(5): EwaldReal
  Im(3) - Wb(5): EwaldReal
  Na(0) - Wt(6): EwaldReal
  Cl(1) - Wt(6): EwaldReal
  Ip(2) - Wt(6): EwaldReal
  Im(3) - Wt(6): EwaldReal
  Wb(5) - Wb(5): EwaldReal
  Wt(6) - Wt(6): EwaldReal
  Wb(5) - Wt(6): EwaldReal
pair_interactions_counter: 26
Warning: 26 pair interactions found, expected 28
Warning: Missing pair interactions for: G-Wb, G-Wt

One-Body Forces:
  Na(0): HardWall, HardWall
  Cl(1): HardWall, HardWall
  Ip(2): HardWall, HardWall
  Im(3): HardWall, HardWall
  G(4): HardWall, HardWall

==========================================
Processing spec 1/3
Count:   0%|          | 0/989 [00:00<?, ?it/s]Count:  72%|███████▏  | 713/989 [00:00<00:00, 7124.33it/s]Count: 100%|██████████| 989/989 [00:00<00:00, 6174.13it/s]
Processing spec 2/3
Count:   0%|          | 0/21 [00:00<?, ?it/s]Count: 100%|██████████| 21/21 [00:00<00:00, 4136.98it/s]
Processing spec 3/3
Count:   0%|          | 0/216 [00:00<?, ?it/s]Traceback (most recent call last):
  File "cupy/cuda/device.pyx", line 40, in cupy.cuda.device.get_device_id
  File "cupy_backends/cuda/api/runtime.pyx", line 202, in cupy_backends.cuda.api.runtime.getDevice
  File "cupy_backends/cuda/api/runtime.pyx", line 146, in cupy_backends.cuda.api.runtime.check_status
cupy_backends.cuda.api.runtime.CUDARuntimeError: cudaErrorNoDevice: no CUDA-capable device is detected
Exception ignored in: 'cupy.cuda.memory.MemoryPool.used_bytes'
Traceback (most recent call last):
  File "cupy/cuda/device.pyx", line 40, in cupy.cuda.device.get_device_id
  File "cupy_backends/cuda/api/runtime.pyx", line 202, in cupy_backends.cuda.api.runtime.getDevice
  File "cupy_backends/cuda/api/runtime.pyx", line 146, in cupy_backends.cuda.api.runtime.check_status
cupy_backends.cuda.api.runtime.CUDARuntimeError: cudaErrorNoDevice: no CUDA-capable device is detected
Traceback (most recent call last):
  File "cupy/cuda/device.pyx", line 40, in cupy.cuda.device.get_device_id
  File "cupy_backends/cuda/api/runtime.pyx", line 202, in cupy_backends.cuda.api.runtime.getDevice
  File "cupy_backends/cuda/api/runtime.pyx", line 146, in cupy_backends.cuda.api.runtime.check_status
cupy_backends.cuda.api.runtime.CUDARuntimeError: cudaErrorNoDevice: no CUDA-capable device is detected
Exception ignored in: 'cupy.cuda.memory.MemoryPool.total_bytes'
Traceback (most recent call last):
  File "cupy/cuda/device.pyx", line 40, in cupy.cuda.device.get_device_id
  File "cupy_backends/cuda/api/runtime.pyx", line 202, in cupy_backends.cuda.api.runtime.getDevice
  File "cupy_backends/cuda/api/runtime.pyx", line 146, in cupy_backends.cuda.api.runtime.check_status
cupy_backends.cuda.api.runtime.CUDARuntimeError: cudaErrorNoDevice: no CUDA-capable device is detected
Traceback (most recent call last):
  File "cupy/cuda/device.pyx", line 40, in cupy.cuda.device.get_device_id
  File "cupy_backends/cuda/api/runtime.pyx", line 202, in cupy_backends.cuda.api.runtime.getDevice
  File "cupy_backends/cuda/api/runtime.pyx", line 146, in cupy_backends.cuda.api.runtime.check_status
cupy_backends.cuda.api.runtime.CUDARuntimeError: cudaErrorNoDevice: no CUDA-capable device is detected
Exception ignored in: 'cupy.cuda.memory.MemoryPool.used_bytes'
Traceback (most recent call last):
  File "cupy/cuda/device.pyx", line 40, in cupy.cuda.device.get_device_id
  File "cupy_backends/cuda/api/runtime.pyx", line 202, in cupy_backends.cuda.api.runtime.getDevice
  File "cupy_backends/cuda/api/runtime.pyx", line 146, in cupy_backends.cuda.api.runtime.check_status
cupy_backends.cuda.api.runtime.CUDARuntimeError: cudaErrorNoDevice: no CUDA-capable device is detected
Traceback (most recent call last):
  File "cupy/cuda/device.pyx", line 40, in cupy.cuda.device.get_device_id
  File "cupy_backends/cuda/api/runtime.pyx", line 202, in cupy_backends.cuda.api.runtime.getDevice
  File "cupy_backends/cuda/api/runtime.pyx", line 146, in cupy_backends.cuda.api.runtime.check_status
cupy_backends.cuda.api.runtime.CUDARuntimeError: cudaErrorNoDevice: no CUDA-capable device is detected
Exception ignored in: 'cupy.cuda.memory.MemoryPool.total_bytes'
Traceback (most recent call last):
  File "cupy/cuda/device.pyx", line 40, in cupy.cuda.device.get_device_id
  File "cupy_backends/cuda/api/runtime.pyx", line 202, in cupy_backends.cuda.api.runtime.getDevice
  File "cupy_backends/cuda/api/runtime.pyx", line 146, in cupy_backends.cuda.api.runtime.check_status
cupy_backends.cuda.api.runtime.CUDARuntimeError: cudaErrorNoDevice: no CUDA-capable device is detected
Traceback (most recent call last):
  File "cupy/cuda/device.pyx", line 40, in cupy.cuda.device.get_device_id
  File "cupy_backends/cuda/api/runtime.pyx", line 202, in cupy_backends.cuda.api.runtime.getDevice
  File "cupy_backends/cuda/api/runtime.pyx", line 146, in cupy_backends.cuda.api.runtime.check_status
cupy_backends.cuda.api.runtime.CUDARuntimeError: cudaErrorNoDevice: no CUDA-capable device is detected
Exception ignored in: 'cupy.cuda.memory.MemoryPool.used_bytes'
Traceback (most recent call last):
  File "cupy/cuda/device.pyx", line 40, in cupy.cuda.device.get_device_id
  File "cupy_backends/cuda/api/runtime.pyx", line 202, in cupy_backends.cuda.api.runtime.getDevice
  File "cupy_backends/cuda/api/runtime.pyx", line 146, in cupy_backends.cuda.api.runtime.check_status
cupy_backends.cuda.api.runtime.CUDARuntimeError: cudaErrorNoDevice: no CUDA-capable device is detected
Traceback (most recent call last):
  File "cupy/cuda/device.pyx", line 40, in cupy.cuda.device.get_device_id
  File "cupy_backends/cuda/api/runtime.pyx", line 202, in cupy_backends.cuda.api.runtime.getDevice
  File "cupy_backends/cuda/api/runtime.pyx", line 146, in cupy_backends.cuda.api.runtime.check_status
cupy_backends.cuda.api.runtime.CUDARuntimeError: cudaErrorNoDevice: no CUDA-capable device is detected
Exception ignored in: 'cupy.cuda.memory.MemoryPool.total_bytes'
Traceback (most recent call last):
  File "cupy/cuda/device.pyx", line 40, in cupy.cuda.device.get_device_id
  File "cupy_backends/cuda/api/runtime.pyx", line 202, in cupy_backends.cuda.api.runtime.getDevice
  File "cupy_backends/cuda/api/runtime.pyx", line 146, in cupy_backends.cuda.api.runtime.check_status
cupy_backends.cuda.api.runtime.CUDARuntimeError: cudaErrorNoDevice: no CUDA-capable device is detected
Traceback (most recent call last):
  File "cupy/cuda/device.pyx", line 40, in cupy.cuda.device.get_device_id
  File "cupy_backends/cuda/api/runtime.pyx", line 202, in cupy_backends.cuda.api.runtime.getDevice
  File "cupy_backends/cuda/api/runtime.pyx", line 146, in cupy_backends.cuda.api.runtime.check_status
cupy_backends.cuda.api.runtime.CUDARuntimeError: cudaErrorNoDevice: no CUDA-capable device is detected
Exception ignored in: 'cupy.cuda.memory.MemoryPool.used_bytes'
Traceback (most recent call last):
  File "cupy/cuda/device.pyx", line 40, in cupy.cuda.device.get_device_id
  File "cupy_backends/cuda/api/runtime.pyx", line 202, in cupy_backends.cuda.api.runtime.getDevice
  File "cupy_backends/cuda/api/runtime.pyx", line 146, in cupy_backends.cuda.api.runtime.check_status
cupy_backends.cuda.api.runtime.CUDARuntimeError: cudaErrorNoDevice: no CUDA-capable device is detected
Traceback (most recent call last):
  File "cupy/cuda/device.pyx", line 40, in cupy.cuda.device.get_device_id
  File "cupy_backends/cuda/api/runtime.pyx", line 202, in cupy_backends.cuda.api.runtime.getDevice
  File "cupy_backends/cuda/api/runtime.pyx", line 146, in cupy_backends.cuda.api.runtime.check_status
cupy_backends.cuda.api.runtime.CUDARuntimeError: cudaErrorNoDevice: no CUDA-capable device is detected
Exception ignored in: 'cupy.cuda.memory.MemoryPool.total_bytes'
Traceback (most recent call last):
  File "cupy/cuda/device.pyx", line 40, in cupy.cuda.device.get_device_id
  File "cupy_backends/cuda/api/runtime.pyx", line 202, in cupy_backends.cuda.api.runtime.getDevice
  File "cupy_backends/cuda/api/runtime.pyx", line 146, in cupy_backends.cuda.api.runtime.check_status
cupy_backends.cuda.api.runtime.CUDARuntimeError: cudaErrorNoDevice: no CUDA-capable device is detected
Count:  37%|███▋      | 79/216 [00:00<00:00, 787.14it/s]Count:  75%|███████▌  | 163/216 [00:00<00:00, 817.91it/s]Count: 100%|██████████| 216/216 [00:00<00:00, 807.70it/s]
[GPU_MEMORY] ensure_capacity START (capacity=4096): used=0.00 MB, total_allocated=0.00 MB
[GPU_MEMORY] ensure_capacity ALLOC (new_Sc shape=(3374, 4096), new_Ss shape=(3374, 4096)): used=0.00 MB, total_allocated=0.00 MB
[GPU_MEMORY] ensure_capacity COPY (copied 2048 columns): used=0.00 MB, total_allocated=0.00 MB
[GPU_MEMORY] ensure_capacity END (Sc shape=(3374, 4096), Ss shape=(3374, 4096)): used=0.00 MB, total_allocated=0.00 MB
min_dist: 0.7660738855531155
  N_atoms=2626  box=(20.0,20.0,9.0)  eps=78.0  T=298.0
  reference: z_scale=7.67 r_cut=9.0 alpha=0.2843 k_max=5.117 n_k=31182 grid=(17, 17, 57)
  trajectory: 20000 frames of 2626 atoms
  frame 2000 (step 100050): prod recompute 2.5s
    ref energy 5.7s
    ref check [z_scale x1.5] dE = +4.376e-09 kT  (n_k=46818)
    ref check [r_cut 4.5   ] dE = -1.575e-08 kT  (n_k=249734)
    ref check [eps 1e-12   ] dE = +3.555e-09 kT  (n_k=54027)
    wall force  prod=      6.4502  flip=     12.7131  ref=     16.5987  ideal=     16.3859  logged=6.45016 kJ/(mol nm^3)
    FD atom   969 Na  |F_fd|=7.2121  err_as_coded=2.3567e+00  err_if_real_flipped=1.6427e-07
    FD atom  1474 Na  |F_fd|=14.4569  err_as_coded=1.3195e+01  err_if_real_flipped=6.4989e-07
    FD atom   968 Na  |F_fd|=16.1574  err_as_coded=1.5981e+01  err_if_real_flipped=1.5027e-06
    FD atom  1441 Na  |F_fd|=8.1947  err_as_coded=8.6349e-01  err_if_real_flipped=1.2992e-07
    FD atom  1957 Cl  |F_fd|=1.5190  err_as_coded=2.4038e-01  err_if_real_flipped=1.2784e-08
    FD atom  1967 Cl  |F_fd|=1.3114  err_as_coded=1.4840e-01  err_if_real_flipped=1.7310e-08
    Na_wall/large      n=  38 rms=   0.6628 kT  max=   1.3288  <|dacc|>=0.0391  f(>0.1)=0.132  rms(dE_ref)=   2.841
    Na_bulk/large      n=  54 rms=   0.3973 kT  max=   1.2750  <|dacc|>=0.0624  f(>0.1)=0.222  rms(dE_ref)=   1.512
    Cl/large           n= 111 rms=   0.2534 kT  max=   0.7158  <|dacc|>=0.0918  f(>0.1)=0.360  rms(dE_ref)=   0.428
    dipole/large       n=  99 rms=   0.2150 kT  max=   0.6345  <|dacc|>=0.0663  f(>0.1)=0.273  rms(dE_ref)=   0.434
    Na_wall/small      n= 112 rms=   0.1202 kT  max=   0.2453  <|dacc|>=0.0438  f(>0.1)=0.179  rms(dE_ref)=   0.378
    Na_bulk/small      n= 127 rms=   0.0822 kT  max=   0.2556  <|dacc|>=0.0238  f(>0.1)=0.047  rms(dE_ref)=   0.268
    Cl/small           n= 141 rms=   0.0348 kT  max=   0.1265  <|dacc|>=0.0110  f(>0.1)=0.000  rms(dE_ref)=   0.048
    dipole/small       n= 138 rms=   0.0499 kT  max=   0.1762  <|dacc|>=0.0152  f(>0.1)=0.014  rms(dE_ref)=   0.107
    moves 1809.4s
  frame 3000 (step 150050): prod recompute 2.3s
    ref energy 5.4s
    wall force  prod=      6.3971  flip=     12.5838  ref=     16.5081  ideal=     16.3859  logged=6.39712 kJ/(mol nm^3)
    Na_wall/large      n=  37 rms=   0.6538 kT  max=   1.3913  <|dacc|>=0.0506  f(>0.1)=0.162  rms(dE_ref)=   2.949
    Na_bulk/large      n=  62 rms=   0.4250 kT  max=   1.3326  <|dacc|>=0.0614  f(>0.1)=0.226  rms(dE_ref)=   1.716
    Cl/large           n= 114 rms=   0.2498 kT  max=   0.6407  <|dacc|>=0.0959  f(>0.1)=0.395  rms(dE_ref)=   0.334
    dipole/large       n=  84 rms=   0.2763 kT  max=   0.8043  <|dacc|>=0.0786  f(>0.1)=0.345  rms(dE_ref)=   0.525
    Na_wall/small      n= 118 rms=   0.1196 kT  max=   0.3063  <|dacc|>=0.0434  f(>0.1)=0.144  rms(dE_ref)=   0.389
    Na_bulk/small      n= 128 rms=   0.0795 kT  max=   0.2271  <|dacc|>=0.0259  f(>0.1)=0.062  rms(dE_ref)=   0.256
    Cl/small           n= 147 rms=   0.0310 kT  max=   0.1367  <|dacc|>=0.0113  f(>0.1)=0.000  rms(dE_ref)=   0.041
    dipole/small       n= 141 rms=   0.0526 kT  max=   0.1891  <|dacc|>=0.0154  f(>0.1)=0.021  rms(dE_ref)=   0.080
    moves 1743.1s
  frame 4000 (step 200050): prod recompute 2.3s
    ref energy 5.3s
    wall force  prod=      6.5934  flip=     12.5577  ref=     16.4683  ideal=     16.3859  logged=6.593383 kJ/(mol nm^3)
    Na_wall/large      n=  29 rms=   0.7799 kT  max=   1.6246  <|dacc|>=0.0536  f(>0.1)=0.172  rms(dE_ref)=   3.104
    Na_bulk/large      n=  63 rms=   0.4851 kT  max=   1.4428  <|dacc|>=0.0659  f(>0.1)=0.286  rms(dE_ref)=   1.857
    Cl/large           n= 121 rms=   0.2464 kT  max=   0.7677  <|dacc|>=0.0863  f(>0.1)=0.372  rms(dE_ref)=   0.364
    dipole/large       n=  86 rms=   0.2979 kT  max=   1.0245  <|dacc|>=0.0742  f(>0.1)=0.279  rms(dE_ref)=   0.510
    Na_wall/small      n= 114 rms=   0.1125 kT  max=   0.2714  <|dacc|>=0.0325  f(>0.1)=0.149  rms(dE_ref)=   0.363
    Na_bulk/small      n= 126 rms=   0.0943 kT  max=   0.2484  <|dacc|>=0.0291  f(>0.1)=0.063  rms(dE_ref)=   0.317
    Cl/small           n= 139 rms=   0.0362 kT  max=   0.1173  <|dacc|>=0.0159  f(>0.1)=0.007  rms(dE_ref)=   0.050
    dipole/small       n= 140 rms=   0.0406 kT  max=   0.1417  <|dacc|>=0.0126  f(>0.1)=0.007  rms(dE_ref)=   0.057
    moves 1701.3s
  -> /home/fluffymelon/AntiDLVO/ewald_audit/results/frames/results_prod_neutral__pz_27p6__H__ions_dipole_H_pz_27p6_H_9_sigma_-20_C_0.01_Cz_0.1_20260216_125816.json  (5472s)
