task 8 -> results_prod_neutral/pz_17/H/ions_dipole_H_pz_17_H_11_sigma_-20_C_0.01_Cz_0.1_20260216_125433

==============================================================================
results_prod_neutral__pz_17__H__ions_dipole_H_pz_17_H_11_sigma_-20_C_0.01_Cz_0.1_20260216_125433
==============================================================================
Traceback (most recent call last):
  File "cupy/cuda/device.pyx", line 40, in cupy.cuda.device.get_device_id
  File "cupy_backends/cuda/api/runtime.pyx", line 202, in cupy_backends.cuda.api.runtime.getDevice
  File "cupy_backends/cuda/api/runtime.pyx", line 146, in cupy_backends.cuda.api.runtime.check_status
cupy_backends.cuda.api.runtime.CUDARuntimeError: cudaErrorNoDevice: no CUDA-capable device is detected
Exception ignored in: 'cupy.cuda.memory.MemoryPool.used_bytes'
Traceback (most recent call last):
  File "cupy/cuda/device.pyx", line 40, in cupy.cuda.device.get_device_id
  File "cupy_backends/cuda/api/runtime.pyx", line 202, in cupy_backends.cuda.api.runtime.getDevice
  File "cupy_backends/cuda/api/runtime.pyx", line 146, in cupy_backends.cuda.api.runtime.check_status
cupy_backends.cuda.api.runtime.CUDARuntimeError: cudaErrorNoDevice: no CUDA-capable device is detected
Traceback (most recent call last):
  File "cupy/cuda/device.pyx", line 40, in cupy.cuda.device.get_device_id
  File "cupy_backends/cuda/api/runtime.pyx", line 202, in cupy_backends.cuda.api.runtime.getDevice
  File "cupy_backends/cuda/api/runtime.pyx", line 146, in cupy_backends.cuda.api.runtime.check_status
cupy_backends.cuda.api.runtime.CUDARuntimeError: cudaErrorNoDevice: no CUDA-capable device is detected
Exception ignored in: 'cupy.cuda.memory.MemoryPool.total_bytes'
Traceback (most recent call last):
  File "cupy/cuda/device.pyx", line 40, in cupy.cuda.device.get_device_id
  File "cupy_backends/cuda/api/runtime.pyx", line 202, in cupy_backends.cuda.api.runtime.getDevice
  File "cupy_backends/cuda/api/runtime.pyx", line 146, in cupy_backends.cuda.api.runtime.check_status
cupy_backends.cuda.api.runtime.CUDARuntimeError: cudaErrorNoDevice: no CUDA-capable device is detected
Traceback (most recent call last):
  File "cupy/cuda/device.pyx", line 40, in cupy.cuda.device.get_device_id
  File "cupy_backends/cuda/api/runtime.pyx", line 202, in cupy_backends.cuda.api.runtime.getDevice
  File "cupy_backends/cuda/api/runtime.pyx", line 146, in cupy_backends.cuda.api.runtime.check_status
cupy_backends.cuda.api.runtime.CUDARuntimeError: cudaErrorNoDevice: no CUDA-capable device is detected
Exception ignored in: 'cupy.cuda.memory.MemoryPool.used_bytes'
Traceback (most recent call last):
  File "cupy/cuda/device.pyx", line 40, in cupy.cuda.device.get_device_id
  File "cupy_backends/cuda/api/runtime.pyx", line 202, in cupy_backends.cuda.api.runtime.getDevice
  File "cupy_backends/cuda/api/runtime.pyx", line 146, in cupy_backends.cuda.api.runtime.check_status
cupy_backends.cuda.api.runtime.CUDARuntimeError: cudaErrorNoDevice: no CUDA-capable device is detected
Traceback (most recent call last):
  File "cupy/cuda/device.pyx", line 40, in cupy.cuda.device.get_device_id
  File "cupy_backends/cuda/api/runtime.pyx", line 202, in cupy_backends.cuda.api.runtime.getDevice
  File "cupy_backends/cuda/api/runtime.pyx", line 146, in cupy_backends.cuda.api.runtime.check_status
cupy_backends.cuda.api.runtime.CUDARuntimeError: cudaErrorNoDevice: no CUDA-capable device is detected
Exception ignored in: 'cupy.cuda.memory.MemoryPool.total_bytes'
Traceback (most recent call last):
  File "cupy/cuda/device.pyx", line 40, in cupy.cuda.device.get_device_id
  File "cupy_backends/cuda/api/runtime.pyx", line 202, in cupy_backends.cuda.api.runtime.getDevice
  File "cupy_backends/cuda/api/runtime.pyx", line 146, in cupy_backends.cuda.api.runtime.check_status
cupy_backends.cuda.api.runtime.CUDARuntimeError: cudaErrorNoDevice: no CUDA-capable device is detected
[GPU_MEMORY] ensure_capacity START (capacity=2048): used=0.00 MB, total_allocated=0.00 MB
[GPU_MEMORY] ensure_capacity INIT (Sc shape=(3374, 2048), Ss shape=(3374, 2048)): used=0.00 MB, total_allocated=0.00 MB

====== TOPOLOGY CONFIGURATION SUMMARY ======

Registered Types:
  0: Na (mass=39.0983, charge=1.0)
  1: Cl (mass=35.453, charge=-1.0)
  2: Ip (mass=18.01528, charge=1.0)
  3: Im (mass=18.01528, charge=-1.0)
  4: G (mass=0.0, charge=0.0)
  5: Wb (mass=1.0, charge=-1.0)
  6: Wt (mass=1.0, charge=-1.0)

Pair Interactions:
  Na(0) - Na(0): HardSphere, EwaldReal
  Cl(1) - Cl(1): HardSphere, EwaldReal
  Na(0) - Cl(1): HardSphere, EwaldReal
  Na(0) - Ip(2): HardSphere, EwaldReal
  Na(0) - Im(3): HardSphere, EwaldReal
  Cl(1) - Ip(2): HardSphere, EwaldReal
  Cl(1) - Im(3): HardSphere, EwaldReal
  Na(0) - G(4): HardSphere
  Cl(1) - G(4): HardSphere
  Ip(2) - Ip(2): HardSphere, EwaldReal
  Im(3) - Im(3): HardSphere, EwaldReal
  Ip(2) - Im(3): HardSphere, EwaldReal
  Ip(2) - G(4): HardSphere
  Im(3) - G(4): HardSphere
  G(4) - G(4): HardSphere
  Na(0) - Wb(5): EwaldReal
  Cl(1) - Wb(5): EwaldReal
  Ip(2) - Wb(5): EwaldReal
  Im(3) - Wb(5): EwaldReal
  Na(0) - Wt(6): EwaldReal
  Cl(1) - Wt(6): EwaldReal
  Ip(2) - Wt(6): EwaldReal
  Im(3) - Wt(6): EwaldReal
  Wb(5) - Wb(5): EwaldReal
  Wt(6) - Wt(6): EwaldReal
  Wb(5) - Wt(6): EwaldReal
pair_interactions_counter: 26
Warning: 26 pair interactions found, expected 28
Warning: Missing pair interactions for: G-Wb, G-Wt

One-Body Forces:
  Na(0): HardWall, HardWall
  Cl(1): HardWall, HardWall
  Ip(2): HardWall, HardWall
  Im(3): HardWall, HardWall
  G(4): HardWall, HardWall

==========================================
Processing spec 1/3
Count:   0%|          | 0/994 [00:00<?, ?it/s]Count:  73%|███████▎  | 727/994 [00:00<00:00, 7264.71it/s]Count: 100%|██████████| 994/994 [00:00<00:00, 6437.61it/s]
Processing spec 2/3
Count:   0%|          | 0/26 [00:00<?, ?it/s]Count: 100%|██████████| 26/26 [00:00<00:00, 4471.72it/s]
Processing spec 3/3
Count:   0%|          | 0/264 [00:00<?, ?it/s]Traceback (most recent call last):
  File "cupy/cuda/device.pyx", line 40, in cupy.cuda.device.get_device_id
  File "cupy_backends/cuda/api/runtime.pyx", line 202, in cupy_backends.cuda.api.runtime.getDevice
  File "cupy_backends/cuda/api/runtime.pyx", line 146, in cupy_backends.cuda.api.runtime.check_status
cupy_backends.cuda.api.runtime.CUDARuntimeError: cudaErrorNoDevice: no CUDA-capable device is detected
Exception ignored in: 'cupy.cuda.memory.MemoryPool.used_bytes'
Traceback (most recent call last):
  File "cupy/cuda/device.pyx", line 40, in cupy.cuda.device.get_device_id
  File "cupy_backends/cuda/api/runtime.pyx", line 202, in cupy_backends.cuda.api.runtime.getDevice
  File "cupy_backends/cuda/api/runtime.pyx", line 146, in cupy_backends.cuda.api.runtime.check_status
cupy_backends.cuda.api.runtime.CUDARuntimeError: cudaErrorNoDevice: no CUDA-capable device is detected
Traceback (most recent call last):
  File "cupy/cuda/device.pyx", line 40, in cupy.cuda.device.get_device_id
  File "cupy_backends/cuda/api/runtime.pyx", line 202, in cupy_backends.cuda.api.runtime.getDevice
  File "cupy_backends/cuda/api/runtime.pyx", line 146, in cupy_backends.cuda.api.runtime.check_status
cupy_backends.cuda.api.runtime.CUDARuntimeError: cudaErrorNoDevice: no CUDA-capable device is detected
Exception ignored in: 'cupy.cuda.memory.MemoryPool.total_bytes'
Traceback (most recent call last):
  File "cupy/cuda/device.pyx", line 40, in cupy.cuda.device.get_device_id
  File "cupy_backends/cuda/api/runtime.pyx", line 202, in cupy_backends.cuda.api.runtime.getDevice
  File "cupy_backends/cuda/api/runtime.pyx", line 146, in cupy_backends.cuda.api.runtime.check_status
cupy_backends.cuda.api.runtime.CUDARuntimeError: cudaErrorNoDevice: no CUDA-capable device is detected
Traceback (most recent call last):
  File "cupy/cuda/device.pyx", line 40, in cupy.cuda.device.get_device_id
  File "cupy_backends/cuda/api/runtime.pyx", line 202, in cupy_backends.cuda.api.runtime.getDevice
  File "cupy_backends/cuda/api/runtime.pyx", line 146, in cupy_backends.cuda.api.runtime.check_status
cupy_backends.cuda.api.runtime.CUDARuntimeError: cudaErrorNoDevice: no CUDA-capable device is detected
Exception ignored in: 'cupy.cuda.memory.MemoryPool.used_bytes'
Traceback (most recent call last):
  File "cupy/cuda/device.pyx", line 40, in cupy.cuda.device.get_device_id
  File "cupy_backends/cuda/api/runtime.pyx", line 202, in cupy_backends.cuda.api.runtime.getDevice
  File "cupy_backends/cuda/api/runtime.pyx", line 146, in cupy_backends.cuda.api.runtime.check_status
cupy_backends.cuda.api.runtime.CUDARuntimeError: cudaErrorNoDevice: no CUDA-capable device is detected
Traceback (most recent call last):
  File "cupy/cuda/device.pyx", line 40, in cupy.cuda.device.get_device_id
  File "cupy_backends/cuda/api/runtime.pyx", line 202, in cupy_backends.cuda.api.runtime.getDevice
  File "cupy_backends/cuda/api/runtime.pyx", line 146, in cupy_backends.cuda.api.runtime.check_status
cupy_backends.cuda.api.runtime.CUDARuntimeError: cudaErrorNoDevice: no CUDA-capable device is detected
Exception ignored in: 'cupy.cuda.memory.MemoryPool.total_bytes'
Traceback (most recent call last):
  File "cupy/cuda/device.pyx", line 40, in cupy.cuda.device.get_device_id
  File "cupy_backends/cuda/api/runtime.pyx", line 202, in cupy_backends.cuda.api.runtime.getDevice
  File "cupy_backends/cuda/api/runtime.pyx", line 146, in cupy_backends.cuda.api.runtime.check_status
cupy_backends.cuda.api.runtime.CUDARuntimeError: cudaErrorNoDevice: no CUDA-capable device is detected
Traceback (most recent call last):
  File "cupy/cuda/device.pyx", line 40, in cupy.cuda.device.get_device_id
  File "cupy_backends/cuda/api/runtime.pyx", line 202, in cupy_backends.cuda.api.runtime.getDevice
  File "cupy_backends/cuda/api/runtime.pyx", line 146, in cupy_backends.cuda.api.runtime.check_status
cupy_backends.cuda.api.runtime.CUDARuntimeError: cudaErrorNoDevice: no CUDA-capable device is detected
Exception ignored in: 'cupy.cuda.memory.MemoryPool.used_bytes'
Traceback (most recent call last):
  File "cupy/cuda/device.pyx", line 40, in cupy.cuda.device.get_device_id
  File "cupy_backends/cuda/api/runtime.pyx", line 202, in cupy_backends.cuda.api.runtime.getDevice
  File "cupy_backends/cuda/api/runtime.pyx", line 146, in cupy_backends.cuda.api.runtime.check_status
cupy_backends.cuda.api.runtime.CUDARuntimeError: cudaErrorNoDevice: no CUDA-capable device is detected
Traceback (most recent call last):
  File "cupy/cuda/device.pyx", line 40, in cupy.cuda.device.get_device_id
  File "cupy_backends/cuda/api/runtime.pyx", line 202, in cupy_backends.cuda.api.runtime.getDevice
  File "cupy_backends/cuda/api/runtime.pyx", line 146, in cupy_backends.cuda.api.runtime.check_status
cupy_backends.cuda.api.runtime.CUDARuntimeError: cudaErrorNoDevice: no CUDA-capable device is detected
Exception ignored in: 'cupy.cuda.memory.MemoryPool.total_bytes'
Traceback (most recent call last):
  File "cupy/cuda/device.pyx", line 40, in cupy.cuda.device.get_device_id
  File "cupy_backends/cuda/api/runtime.pyx", line 202, in cupy_backends.cuda.api.runtime.getDevice
  File "cupy_backends/cuda/api/runtime.pyx", line 146, in cupy_backends.cuda.api.runtime.check_status
cupy_backends.cuda.api.runtime.CUDARuntimeError: cudaErrorNoDevice: no CUDA-capable device is detected
Traceback (most recent call last):
  File "cupy/cuda/device.pyx", line 40, in cupy.cuda.device.get_device_id
  File "cupy_backends/cuda/api/runtime.pyx", line 202, in cupy_backends.cuda.api.runtime.getDevice
  File "cupy_backends/cuda/api/runtime.pyx", line 146, in cupy_backends.cuda.api.runtime.check_status
cupy_backends.cuda.api.runtime.CUDARuntimeError: cudaErrorNoDevice: no CUDA-capable device is detected
Exception ignored in: 'cupy.cuda.memory.MemoryPool.used_bytes'
Traceback (most recent call last):
  File "cupy/cuda/device.pyx", line 40, in cupy.cuda.device.get_device_id
  File "cupy_backends/cuda/api/runtime.pyx", line 202, in cupy_backends.cuda.api.runtime.getDevice
  File "cupy_backends/cuda/api/runtime.pyx", line 146, in cupy_backends.cuda.api.runtime.check_status
cupy_backends.cuda.api.runtime.CUDARuntimeError: cudaErrorNoDevice: no CUDA-capable device is detected
Traceback (most recent call last):
  File "cupy/cuda/device.pyx", line 40, in cupy.cuda.device.get_device_id
  File "cupy_backends/cuda/api/runtime.pyx", line 202, in cupy_backends.cuda.api.runtime.getDevice
  File "cupy_backends/cuda/api/runtime.pyx", line 146, in cupy_backends.cuda.api.runtime.check_status
cupy_backends.cuda.api.runtime.CUDARuntimeError: cudaErrorNoDevice: no CUDA-capable device is detected
Exception ignored in: 'cupy.cuda.memory.MemoryPool.total_bytes'
Traceback (most recent call last):
  File "cupy/cuda/device.pyx", line 40, in cupy.cuda.device.get_device_id
  File "cupy_backends/cuda/api/runtime.pyx", line 202, in cupy_backends.cuda.api.runtime.getDevice
  File "cupy_backends/cuda/api/runtime.pyx", line 146, in cupy_backends.cuda.api.runtime.check_status
cupy_backends.cuda.api.runtime.CUDARuntimeError: cudaErrorNoDevice: no CUDA-capable device is detected
Count:  42%|████▏     | 111/264 [00:00<00:00, 1104.23it/s]Count:  89%|████████▉ | 236/264 [00:00<00:00, 1189.73it/s]Count: 100%|██████████| 264/264 [00:00<00:00, 1177.59it/s]
[GPU_MEMORY] ensure_capacity START (capacity=4096): used=0.00 MB, total_allocated=0.00 MB
[GPU_MEMORY] ensure_capacity ALLOC (new_Sc shape=(3374, 4096), new_Ss shape=(3374, 4096)): used=0.00 MB, total_allocated=0.00 MB
[GPU_MEMORY] ensure_capacity COPY (copied 2048 columns): used=0.00 MB, total_allocated=0.00 MB
[GPU_MEMORY] ensure_capacity END (Sc shape=(3374, 4096), Ss shape=(3374, 4096)): used=0.00 MB, total_allocated=0.00 MB
min_dist: 0.766243082824254
  N_atoms=2780  box=(20.0,20.0,11.0)  eps=78.0  T=298.0
  reference: z_scale=6.45 r_cut=9.0 alpha=0.2843 k_max=5.117 n_k=32123 grid=(17, 17, 58)
  trajectory: 20000 frames of 2780 atoms
  frame 2000 (step 100050): prod recompute 2.7s
    ref energy 6.3s
    ref check [z_scale x1.5] dE = +8.272e-09 kT  (n_k=48200)
    ref check [r_cut 4.5   ] dE = -1.222e-08 kT  (n_k=256997)
    ref check [eps 1e-12   ] dE = +6.746e-09 kT  (n_k=55549)
    wall force  prod=      5.7016  flip=     11.3910  ref=     16.4271  ideal=     16.3859  logged=5.701647 kJ/(mol nm^3)
    FD atom   968 Na  |F_fd|=8.1815  err_as_coded=3.2726e+00  err_if_real_flipped=1.8701e-07
    FD atom  1485 Na  |F_fd|=6.2204  err_as_coded=2.6620e-01  err_if_real_flipped=3.2169e-08
    FD atom   972 Na  |F_fd|=14.8078  err_as_coded=1.5156e+01  err_if_real_flipped=1.0199e-06
    FD atom  1434 Na  |F_fd|=10.2098  err_as_coded=6.7435e+00  err_if_real_flipped=5.1929e-07
    FD atom  1962 Cl  |F_fd|=1.7136  err_as_coded=2.0288e-08  err_if_real_flipped=2.0288e-08
    FD atom  1975 Cl  |F_fd|=1.8921  err_as_coded=3.5138e-01  err_if_real_flipped=4.6412e-08
    Na_wall/large      n=  40 rms=   0.9816 kT  max=   2.3151  <|dacc|>=0.0734  f(>0.1)=0.300  rms(dE_ref)=   3.052
    Na_bulk/large      n=  59 rms=   0.6350 kT  max=   1.5627  <|dacc|>=0.0659  f(>0.1)=0.305  rms(dE_ref)=   1.862
    Cl/large           n= 123 rms=   0.3221 kT  max=   1.0555  <|dacc|>=0.0997  f(>0.1)=0.390  rms(dE_ref)=   0.228
    dipole/large       n= 110 rms=   0.1747 kT  max=   0.4724  <|dacc|>=0.0666  f(>0.1)=0.273  rms(dE_ref)=   0.217
    Na_wall/small      n= 124 rms=   0.1512 kT  max=   0.3825  <|dacc|>=0.0560  f(>0.1)=0.323  rms(dE_ref)=   0.401
    Na_bulk/small      n= 133 rms=   0.1108 kT  max=   0.3617  <|dacc|>=0.0305  f(>0.1)=0.128  rms(dE_ref)=   0.294
    Cl/small           n= 146 rms=   0.0345 kT  max=   0.1337  <|dacc|>=0.0118  f(>0.1)=0.000  rms(dE_ref)=   0.029
    dipole/small       n= 146 rms=   0.0375 kT  max=   0.2468  <|dacc|>=0.0131  f(>0.1)=0.014  rms(dE_ref)=   0.064
    moves 2119.5s
  frame 3000 (step 150050): prod recompute 2.5s
    ref energy 6.0s
    wall force  prod=      5.6212  flip=     11.5262  ref=     16.5660  ideal=     16.3859  logged=5.621205 kJ/(mol nm^3)
    Na_wall/large      n=  47 rms=   1.0728 kT  max=   2.0284  <|dacc|>=0.0713  f(>0.1)=0.298  rms(dE_ref)=   3.325
    Na_bulk/large      n=  68 rms=   0.6541 kT  max=   1.8756  <|dacc|>=0.0922  f(>0.1)=0.368  rms(dE_ref)=   1.893
    Cl/large           n= 121 rms=   0.3376 kT  max=   0.9836  <|dacc|>=0.0907  f(>0.1)=0.347  rms(dE_ref)=   0.423
    dipole/large       n= 110 rms=   0.1665 kT  max=   0.5018  <|dacc|>=0.0563  f(>0.1)=0.182  rms(dE_ref)=   0.239
    Na_wall/small      n= 124 rms=   0.1418 kT  max=   0.3441  <|dacc|>=0.0515  f(>0.1)=0.250  rms(dE_ref)=   0.392
    Na_bulk/small      n= 130 rms=   0.0984 kT  max=   0.2896  <|dacc|>=0.0248  f(>0.1)=0.100  rms(dE_ref)=   0.269
    Cl/small           n= 148 rms=   0.0380 kT  max=   0.1358  <|dacc|>=0.0141  f(>0.1)=0.014  rms(dE_ref)=   0.053
    dipole/small       n= 142 rms=   0.0362 kT  max=   0.1641  <|dacc|>=0.0145  f(>0.1)=0.007  rms(dE_ref)=   0.044
    moves 2031.2s
  frame 4000 (step 200050): prod recompute 2.5s
    ref energy 5.8s
    wall force  prod=      5.7733  flip=     11.5047  ref=     16.5105  ideal=     16.3859  logged=5.773279 kJ/(mol nm^3)
    Na_wall/large      n=  36 rms=   1.0200 kT  max=   1.9417  <|dacc|>=0.0844  f(>0.1)=0.389  rms(dE_ref)=   3.011
    Na_bulk/large      n=  70 rms=   0.7201 kT  max=   1.7304  <|dacc|>=0.0898  f(>0.1)=0.357  rms(dE_ref)=   2.065
    Cl/large           n= 125 rms=   0.3201 kT  max=   0.9390  <|dacc|>=0.0838  f(>0.1)=0.352  rms(dE_ref)=   0.386
    dipole/large       n= 102 rms=   0.1843 kT  max=   0.5413  <|dacc|>=0.0619  f(>0.1)=0.255  rms(dE_ref)=   0.254
    Na_wall/small      n= 114 rms=   0.1379 kT  max=   0.2940  <|dacc|>=0.0431  f(>0.1)=0.211  rms(dE_ref)=   0.375
    Na_bulk/small      n= 127 rms=   0.1098 kT  max=   0.2872  <|dacc|>=0.0354  f(>0.1)=0.150  rms(dE_ref)=   0.307
    Cl/small           n= 148 rms=   0.0399 kT  max=   0.1223  <|dacc|>=0.0127  f(>0.1)=0.000  rms(dE_ref)=   0.037
    dipole/small       n= 145 rms=   0.0257 kT  max=   0.0701  <|dacc|>=0.0095  f(>0.1)=0.000  rms(dE_ref)=   0.036
    moves 1955.0s
  -> /home/fluffymelon/AntiDLVO/ewald_audit/results/frames/results_prod_neutral__pz_17__H__ions_dipole_H_pz_17_H_11_sigma_-20_C_0.01_Cz_0.1_20260216_125433.json  (6364s)
