task 7 -> results_prod_neutral/pz_17/H/ions_dipole_H_pz_17_H_9_sigma_-20_C_0.01_Cz_0.1_20260216_125433

==============================================================================
results_prod_neutral__pz_17__H__ions_dipole_H_pz_17_H_9_sigma_-20_C_0.01_Cz_0.1_20260216_125433
==============================================================================
Traceback (most recent call last):
  File "cupy/cuda/device.pyx", line 40, in cupy.cuda.device.get_device_id
  File "cupy_backends/cuda/api/runtime.pyx", line 202, in cupy_backends.cuda.api.runtime.getDevice
  File "cupy_backends/cuda/api/runtime.pyx", line 146, in cupy_backends.cuda.api.runtime.check_status
cupy_backends.cuda.api.runtime.CUDARuntimeError: cudaErrorNoDevice: no CUDA-capable device is detected
Exception ignored in: 'cupy.cuda.memory.MemoryPool.used_bytes'
Traceback (most recent call last):
  File "cupy/cuda/device.pyx", line 40, in cupy.cuda.device.get_device_id
  File "cupy_backends/cuda/api/runtime.pyx", line 202, in cupy_backends.cuda.api.runtime.getDevice
  File "cupy_backends/cuda/api/runtime.pyx", line 146, in cupy_backends.cuda.api.runtime.check_status
cupy_backends.cuda.api.runtime.CUDARuntimeError: cudaErrorNoDevice: no CUDA-capable device is detected
Traceback (most recent call last):
  File "cupy/cuda/device.pyx", line 40, in cupy.cuda.device.get_device_id
  File "cupy_backends/cuda/api/runtime.pyx", line 202, in cupy_backends.cuda.api.runtime.getDevice
  File "cupy_backends/cuda/api/runtime.pyx", line 146, in cupy_backends.cuda.api.runtime.check_status
cupy_backends.cuda.api.runtime.CUDARuntimeError: cudaErrorNoDevice: no CUDA-capable device is detected
Exception ignored in: 'cupy.cuda.memory.MemoryPool.total_bytes'
Traceback (most recent call last):
  File "cupy/cuda/device.pyx", line 40, in cupy.cuda.device.get_device_id
  File "cupy_backends/cuda/api/runtime.pyx", line 202, in cupy_backends.cuda.api.runtime.getDevice
  File "cupy_backends/cuda/api/runtime.pyx", line 146, in cupy_backends.cuda.api.runtime.check_status
cupy_backends.cuda.api.runtime.CUDARuntimeError: cudaErrorNoDevice: no CUDA-capable device is detected
Traceback (most recent call last):
  File "cupy/cuda/device.pyx", line 40, in cupy.cuda.device.get_device_id
  File "cupy_backends/cuda/api/runtime.pyx", line 202, in cupy_backends.cuda.api.runtime.getDevice
  File "cupy_backends/cuda/api/runtime.pyx", line 146, in cupy_backends.cuda.api.runtime.check_status
cupy_backends.cuda.api.runtime.CUDARuntimeError: cudaErrorNoDevice: no CUDA-capable device is detected
Exception ignored in: 'cupy.cuda.memory.MemoryPool.used_bytes'
Traceback (most recent call last):
  File "cupy/cuda/device.pyx", line 40, in cupy.cuda.device.get_device_id
  File "cupy_backends/cuda/api/runtime.pyx", line 202, in cupy_backends.cuda.api.runtime.getDevice
  File "cupy_backends/cuda/api/runtime.pyx", line 146, in cupy_backends.cuda.api.runtime.check_status
cupy_backends.cuda.api.runtime.CUDARuntimeError: cudaErrorNoDevice: no CUDA-capable device is detected
Traceback (most recent call last):
  File "cupy/cuda/device.pyx", line 40, in cupy.cuda.device.get_device_id
  File "cupy_backends/cuda/api/runtime.pyx", line 202, in cupy_backends.cuda.api.runtime.getDevice
  File "cupy_backends/cuda/api/runtime.pyx", line 146, in cupy_backends.cuda.api.runtime.check_status
cupy_backends.cuda.api.runtime.CUDARuntimeError: cudaErrorNoDevice: no CUDA-capable device is detected
Exception ignored in: 'cupy.cuda.memory.MemoryPool.total_bytes'
Traceback (most recent call last):
  File "cupy/cuda/device.pyx", line 40, in cupy.cuda.device.get_device_id
  File "cupy_backends/cuda/api/runtime.pyx", line 202, in cupy_backends.cuda.api.runtime.getDevice
  File "cupy_backends/cuda/api/runtime.pyx", line 146, in cupy_backends.cuda.api.runtime.check_status
cupy_backends.cuda.api.runtime.CUDARuntimeError: cudaErrorNoDevice: no CUDA-capable device is detected
[GPU_MEMORY] ensure_capacity START (capacity=2048): used=0.00 MB, total_allocated=0.00 MB
[GPU_MEMORY] ensure_capacity INIT (Sc shape=(3374, 2048), Ss shape=(3374, 2048)): used=0.00 MB, total_allocated=0.00 MB

====== TOPOLOGY CONFIGURATION SUMMARY ======

Registered Types:
  0: Na (mass=39.0983, charge=1.0)
  1: Cl (mass=35.453, charge=-1.0)
  2: Ip (mass=18.01528, charge=1.0)
  3: Im (mass=18.01528, charge=-1.0)
  4: G (mass=0.0, charge=0.0)
  5: Wb (mass=1.0, charge=-1.0)
  6: Wt (mass=1.0, charge=-1.0)

Pair Interactions:
  Na(0) - Na(0): HardSphere, EwaldReal
  Cl(1) - Cl(1): HardSphere, EwaldReal
  Na(0) - Cl(1): HardSphere, EwaldReal
  Na(0) - Ip(2): HardSphere, EwaldReal
  Na(0) - Im(3): HardSphere, EwaldReal
  Cl(1) - Ip(2): HardSphere, EwaldReal
  Cl(1) - Im(3): HardSphere, EwaldReal
  Na(0) - G(4): HardSphere
  Cl(1) - G(4): HardSphere
  Ip(2) - Ip(2): HardSphere, EwaldReal
  Im(3) - Im(3): HardSphere, EwaldReal
  Ip(2) - Im(3): HardSphere, EwaldReal
  Ip(2) - G(4): HardSphere
  Im(3) - G(4): HardSphere
  G(4) - G(4): HardSphere
  Na(0) - Wb(5): EwaldReal
  Cl(1) - Wb(5): EwaldReal
  Ip(2) - Wb(5): EwaldReal
  Im(3) - Wb(5): EwaldReal
  Na(0) - Wt(6): EwaldReal
  Cl(1) - Wt(6): EwaldReal
  Ip(2) - Wt(6): EwaldReal
  Im(3) - Wt(6): EwaldReal
  Wb(5) - Wb(5): EwaldReal
  Wt(6) - Wt(6): EwaldReal
  Wb(5) - Wt(6): EwaldReal
pair_interactions_counter: 26
Warning: 26 pair interactions found, expected 28
Warning: Missing pair interactions for: G-Wb, G-Wt

One-Body Forces:
  Na(0): HardWall, HardWall
  Cl(1): HardWall, HardWall
  Ip(2): HardWall, HardWall
  Im(3): HardWall, HardWall
  G(4): HardWall, HardWall

==========================================
Processing spec 1/3
Count:   0%|          | 0/989 [00:00<?, ?it/s]Count:  76%|███████▌  | 748/989 [00:00<00:00, 7474.66it/s]Count: 100%|██████████| 989/989 [00:00<00:00, 6546.88it/s]
Processing spec 2/3
Count:   0%|          | 0/21 [00:00<?, ?it/s]Count: 100%|██████████| 21/21 [00:00<00:00, 3100.66it/s]
Processing spec 3/3
Count:   0%|          | 0/216 [00:00<?, ?it/s]Traceback (most recent call last):
  File "cupy/cuda/device.pyx", line 40, in cupy.cuda.device.get_device_id
  File "cupy_backends/cuda/api/runtime.pyx", line 202, in cupy_backends.cuda.api.runtime.getDevice
  File "cupy_backends/cuda/api/runtime.pyx", line 146, in cupy_backends.cuda.api.runtime.check_status
cupy_backends.cuda.api.runtime.CUDARuntimeError: cudaErrorNoDevice: no CUDA-capable device is detected
Exception ignored in: 'cupy.cuda.memory.MemoryPool.used_bytes'
Traceback (most recent call last):
  File "cupy/cuda/device.pyx", line 40, in cupy.cuda.device.get_device_id
  File "cupy_backends/cuda/api/runtime.pyx", line 202, in cupy_backends.cuda.api.runtime.getDevice
  File "cupy_backends/cuda/api/runtime.pyx", line 146, in cupy_backends.cuda.api.runtime.check_status
cupy_backends.cuda.api.runtime.CUDARuntimeError: cudaErrorNoDevice: no CUDA-capable device is detected
Traceback (most recent call last):
  File "cupy/cuda/device.pyx", line 40, in cupy.cuda.device.get_device_id
  File "cupy_backends/cuda/api/runtime.pyx", line 202, in cupy_backends.cuda.api.runtime.getDevice
  File "cupy_backends/cuda/api/runtime.pyx", line 146, in cupy_backends.cuda.api.runtime.check_status
cupy_backends.cuda.api.runtime.CUDARuntimeError: cudaErrorNoDevice: no CUDA-capable device is detected
Exception ignored in: 'cupy.cuda.memory.MemoryPool.total_bytes'
Traceback (most recent call last):
  File "cupy/cuda/device.pyx", line 40, in cupy.cuda.device.get_device_id
  File "cupy_backends/cuda/api/runtime.pyx", line 202, in cupy_backends.cuda.api.runtime.getDevice
  File "cupy_backends/cuda/api/runtime.pyx", line 146, in cupy_backends.cuda.api.runtime.check_status
cupy_backends.cuda.api.runtime.CUDARuntimeError: cudaErrorNoDevice: no CUDA-capable device is detected
Traceback (most recent call last):
  File "cupy/cuda/device.pyx", line 40, in cupy.cuda.device.get_device_id
  File "cupy_backends/cuda/api/runtime.pyx", line 202, in cupy_backends.cuda.api.runtime.getDevice
  File "cupy_backends/cuda/api/runtime.pyx", line 146, in cupy_backends.cuda.api.runtime.check_status
cupy_backends.cuda.api.runtime.CUDARuntimeError: cudaErrorNoDevice: no CUDA-capable device is detected
Exception ignored in: 'cupy.cuda.memory.MemoryPool.used_bytes'
Traceback (most recent call last):
  File "cupy/cuda/device.pyx", line 40, in cupy.cuda.device.get_device_id
  File "cupy_backends/cuda/api/runtime.pyx", line 202, in cupy_backends.cuda.api.runtime.getDevice
  File "cupy_backends/cuda/api/runtime.pyx", line 146, in cupy_backends.cuda.api.runtime.check_status
cupy_backends.cuda.api.runtime.CUDARuntimeError: cudaErrorNoDevice: no CUDA-capable device is detected
Traceback (most recent call last):
  File "cupy/cuda/device.pyx", line 40, in cupy.cuda.device.get_device_id
  File "cupy_backends/cuda/api/runtime.pyx", line 202, in cupy_backends.cuda.api.runtime.getDevice
  File "cupy_backends/cuda/api/runtime.pyx", line 146, in cupy_backends.cuda.api.runtime.check_status
cupy_backends.cuda.api.runtime.CUDARuntimeError: cudaErrorNoDevice: no CUDA-capable device is detected
Exception ignored in: 'cupy.cuda.memory.MemoryPool.total_bytes'
Traceback (most recent call last):
  File "cupy/cuda/device.pyx", line 40, in cupy.cuda.device.get_device_id
  File "cupy_backends/cuda/api/runtime.pyx", line 202, in cupy_backends.cuda.api.runtime.getDevice
  File "cupy_backends/cuda/api/runtime.pyx", line 146, in cupy_backends.cuda.api.runtime.check_status
cupy_backends.cuda.api.runtime.CUDARuntimeError: cudaErrorNoDevice: no CUDA-capable device is detected
Traceback (most recent call last):
  File "cupy/cuda/device.pyx", line 40, in cupy.cuda.device.get_device_id
  File "cupy_backends/cuda/api/runtime.pyx", line 202, in cupy_backends.cuda.api.runtime.getDevice
  File "cupy_backends/cuda/api/runtime.pyx", line 146, in cupy_backends.cuda.api.runtime.check_status
cupy_backends.cuda.api.runtime.CUDARuntimeError: cudaErrorNoDevice: no CUDA-capable device is detected
Exception ignored in: 'cupy.cuda.memory.MemoryPool.used_bytes'
Traceback (most recent call last):
  File "cupy/cuda/device.pyx", line 40, in cupy.cuda.device.get_device_id
  File "cupy_backends/cuda/api/runtime.pyx", line 202, in cupy_backends.cuda.api.runtime.getDevice
  File "cupy_backends/cuda/api/runtime.pyx", line 146, in cupy_backends.cuda.api.runtime.check_status
cupy_backends.cuda.api.runtime.CUDARuntimeError: cudaErrorNoDevice: no CUDA-capable device is detected
Traceback (most recent call last):
  File "cupy/cuda/device.pyx", line 40, in cupy.cuda.device.get_device_id
  File "cupy_backends/cuda/api/runtime.pyx", line 202, in cupy_backends.cuda.api.runtime.getDevice
  File "cupy_backends/cuda/api/runtime.pyx", line 146, in cupy_backends.cuda.api.runtime.check_status
cupy_backends.cuda.api.runtime.CUDARuntimeError: cudaErrorNoDevice: no CUDA-capable device is detected
Exception ignored in: 'cupy.cuda.memory.MemoryPool.total_bytes'
Traceback (most recent call last):
  File "cupy/cuda/device.pyx", line 40, in cupy.cuda.device.get_device_id
  File "cupy_backends/cuda/api/runtime.pyx", line 202, in cupy_backends.cuda.api.runtime.getDevice
  File "cupy_backends/cuda/api/runtime.pyx", line 146, in cupy_backends.cuda.api.runtime.check_status
cupy_backends.cuda.api.runtime.CUDARuntimeError: cudaErrorNoDevice: no CUDA-capable device is detected
Traceback (most recent call last):
  File "cupy/cuda/device.pyx", line 40, in cupy.cuda.device.get_device_id
  File "cupy_backends/cuda/api/runtime.pyx", line 202, in cupy_backends.cuda.api.runtime.getDevice
  File "cupy_backends/cuda/api/runtime.pyx", line 146, in cupy_backends.cuda.api.runtime.check_status
cupy_backends.cuda.api.runtime.CUDARuntimeError: cudaErrorNoDevice: no CUDA-capable device is detected
Exception ignored in: 'cupy.cuda.memory.MemoryPool.used_bytes'
Traceback (most recent call last):
  File "cupy/cuda/device.pyx", line 40, in cupy.cuda.device.get_device_id
  File "cupy_backends/cuda/api/runtime.pyx", line 202, in cupy_backends.cuda.api.runtime.getDevice
  File "cupy_backends/cuda/api/runtime.pyx", line 146, in cupy_backends.cuda.api.runtime.check_status
cupy_backends.cuda.api.runtime.CUDARuntimeError: cudaErrorNoDevice: no CUDA-capable device is detected
Traceback (most recent call last):
  File "cupy/cuda/device.pyx", line 40, in cupy.cuda.device.get_device_id
  File "cupy_backends/cuda/api/runtime.pyx", line 202, in cupy_backends.cuda.api.runtime.getDevice
  File "cupy_backends/cuda/api/runtime.pyx", line 146, in cupy_backends.cuda.api.runtime.check_status
cupy_backends.cuda.api.runtime.CUDARuntimeError: cudaErrorNoDevice: no CUDA-capable device is detected
Exception ignored in: 'cupy.cuda.memory.MemoryPool.total_bytes'
Traceback (most recent call last):
  File "cupy/cuda/device.pyx", line 40, in cupy.cuda.device.get_device_id
  File "cupy_backends/cuda/api/runtime.pyx", line 202, in cupy_backends.cuda.api.runtime.getDevice
  File "cupy_backends/cuda/api/runtime.pyx", line 146, in cupy_backends.cuda.api.runtime.check_status
cupy_backends.cuda.api.runtime.CUDARuntimeError: cudaErrorNoDevice: no CUDA-capable device is detected
Count:  48%|████▊     | 104/216 [00:00<00:00, 1029.45it/s]Count:  97%|█████████▋| 210/216 [00:00<00:00, 1045.38it/s]Count: 100%|██████████| 216/216 [00:00<00:00, 1028.49it/s]
[GPU_MEMORY] ensure_capacity START (capacity=4096): used=0.00 MB, total_allocated=0.00 MB
[GPU_MEMORY] ensure_capacity ALLOC (new_Sc shape=(3374, 4096), new_Ss shape=(3374, 4096)): used=0.00 MB, total_allocated=0.00 MB
[GPU_MEMORY] ensure_capacity COPY (copied 2048 columns): used=0.00 MB, total_allocated=0.00 MB
[GPU_MEMORY] ensure_capacity END (Sc shape=(3374, 4096), Ss shape=(3374, 4096)): used=0.00 MB, total_allocated=0.00 MB
min_dist: 0.7661000603702071
  N_atoms=2626  box=(20.0,20.0,9.0)  eps=78.0  T=298.0
  reference: z_scale=7.67 r_cut=9.0 alpha=0.2843 k_max=5.117 n_k=31182 grid=(17, 17, 57)
  trajectory: 20000 frames of 2626 atoms
  frame 2000 (step 100050): prod recompute 2.6s
    ref energy 5.7s
    ref check [z_scale x1.5] dE = -3.713e-09 kT  (n_k=46818)
    ref check [r_cut 4.5   ] dE = -1.641e-08 kT  (n_k=249734)
    ref check [eps 1e-12   ] dE = +3.072e-09 kT  (n_k=54027)
    wall force  prod=      6.7609  flip=     12.6543  ref=     16.4682  ideal=     16.3859  logged=6.760926 kJ/(mol nm^3)
    FD atom   970 Na  |F_fd|=3.7153  err_as_coded=5.3546e-02  err_if_real_flipped=7.8698e-09
    FD atom  1459 Na  |F_fd|=7.2727  err_as_coded=3.7242e+00  err_if_real_flipped=1.1181e-07
    FD atom   968 Na  |F_fd|=9.8421  err_as_coded=3.5538e+00  err_if_real_flipped=4.0897e-07
    FD atom  1469 Na  |F_fd|=9.4406  err_as_coded=1.3347e+00  err_if_real_flipped=1.0032e-07
    FD atom  1957 Cl  |F_fd|=1.0545  err_as_coded=1.8407e-02  err_if_real_flipped=2.0758e-08
    FD atom  1967 Cl  |F_fd|=1.7240  err_as_coded=2.2664e-08  err_if_real_flipped=2.2664e-08
    Na_wall/large      n=  31 rms=   0.6381 kT  max=   1.2764  <|dacc|>=0.0617  f(>0.1)=0.226  rms(dE_ref)=   2.704
    Na_bulk/large      n=  64 rms=   0.4488 kT  max=   1.6081  <|dacc|>=0.0559  f(>0.1)=0.266  rms(dE_ref)=   1.747
    Cl/large           n= 123 rms=   0.2117 kT  max=   0.7475  <|dacc|>=0.0858  f(>0.1)=0.325  rms(dE_ref)=   0.244
    dipole/large       n= 108 rms=   0.1701 kT  max=   0.5937  <|dacc|>=0.0620  f(>0.1)=0.241  rms(dE_ref)=   0.321
    Na_wall/small      n= 115 rms=   0.1136 kT  max=   0.2550  <|dacc|>=0.0425  f(>0.1)=0.148  rms(dE_ref)=   0.384
    Na_bulk/small      n= 130 rms=   0.0907 kT  max=   0.2464  <|dacc|>=0.0244  f(>0.1)=0.100  rms(dE_ref)=   0.277
    Cl/small           n= 144 rms=   0.0252 kT  max=   0.0799  <|dacc|>=0.0096  f(>0.1)=0.000  rms(dE_ref)=   0.033
    dipole/small       n= 145 rms=   0.0296 kT  max=   0.0992  <|dacc|>=0.0097  f(>0.1)=0.000  rms(dE_ref)=   0.044
    moves 1960.8s
  frame 3000 (step 150050): prod recompute 2.6s
    ref energy 5.8s
    wall force  prod=      6.5147  flip=     12.5039  ref=     16.4310  ideal=     16.3859  logged=6.51468 kJ/(mol nm^3)
    Na_wall/large      n=  38 rms=   0.6463 kT  max=   1.5733  <|dacc|>=0.0483  f(>0.1)=0.184  rms(dE_ref)=   2.704
    Na_bulk/large      n=  75 rms=   0.4988 kT  max=   1.3685  <|dacc|>=0.0552  f(>0.1)=0.187  rms(dE_ref)=   1.992
    Cl/large           n= 107 rms=   0.2568 kT  max=   0.6353  <|dacc|>=0.0743  f(>0.1)=0.308  rms(dE_ref)=   0.480
    dipole/large       n= 108 rms=   0.1948 kT  max=   0.8711  <|dacc|>=0.0587  f(>0.1)=0.250  rms(dE_ref)=   0.327
    Na_wall/small      n= 122 rms=   0.1094 kT  max=   0.2398  <|dacc|>=0.0414  f(>0.1)=0.115  rms(dE_ref)=   0.366
    Na_bulk/small      n= 130 rms=   0.0914 kT  max=   0.2714  <|dacc|>=0.0267  f(>0.1)=0.077  rms(dE_ref)=   0.279
    Cl/small           n= 146 rms=   0.0406 kT  max=   0.1146  <|dacc|>=0.0128  f(>0.1)=0.021  rms(dE_ref)=   0.050
    dipole/small       n= 144 rms=   0.0222 kT  max=   0.0871  <|dacc|>=0.0084  f(>0.1)=0.000  rms(dE_ref)=   0.051
    moves 1845.4s
  frame 4000 (step 200050): prod recompute 2.3s
    ref energy 5.2s
    wall force  prod=      6.4202  flip=     12.6945  ref=     16.6046  ideal=     16.3859  logged=6.420222 kJ/(mol nm^3)
    Na_wall/large      n=  34 rms=   0.5692 kT  max=   1.1299  <|dacc|>=0.0492  f(>0.1)=0.118  rms(dE_ref)=   2.481
    Na_bulk/large      n=  63 rms=   0.4491 kT  max=   1.1919  <|dacc|>=0.0688  f(>0.1)=0.317  rms(dE_ref)=   1.631
    Cl/large           n= 121 rms=   0.2083 kT  max=   0.6065  <|dacc|>=0.0706  f(>0.1)=0.298  rms(dE_ref)=   0.380
    dipole/large       n= 107 rms=   0.1849 kT  max=   0.7652  <|dacc|>=0.0594  f(>0.1)=0.243  rms(dE_ref)=   0.305
    Na_wall/small      n= 112 rms=   0.1127 kT  max=   0.2820  <|dacc|>=0.0334  f(>0.1)=0.134  rms(dE_ref)=   0.366
    Na_bulk/small      n= 123 rms=   0.1020 kT  max=   0.2831  <|dacc|>=0.0311  f(>0.1)=0.106  rms(dE_ref)=   0.317
    Cl/small           n= 149 rms=   0.0267 kT  max=   0.0820  <|dacc|>=0.0095  f(>0.1)=0.000  rms(dE_ref)=   0.041
    dipole/small       n= 138 rms=   0.0231 kT  max=   0.0792  <|dacc|>=0.0087  f(>0.1)=0.000  rms(dE_ref)=   0.054
    moves 1768.8s
  -> /home/fluffymelon/AntiDLVO/ewald_audit/results/frames/results_prod_neutral__pz_17__H__ions_dipole_H_pz_17_H_9_sigma_-20_C_0.01_Cz_0.1_20260216_125433.json  (5827s)
