task 13 -> results_prod_neutral/pz_27p6/sigma/ions_dipole_sigma_pz_27p6_H_3_sigma_-10_C_0.01_Cz_0.1_20260216_125816

==============================================================================
results_prod_neutral__pz_27p6__sigma__ions_dipole_sigma_pz_27p6_H_3_sigma_-10_C_0.01_Cz_0.1_20260216_125816
==============================================================================
Traceback (most recent call last):
  File "cupy/cuda/device.pyx", line 40, in cupy.cuda.device.get_device_id
  File "cupy_backends/cuda/api/runtime.pyx", line 202, in cupy_backends.cuda.api.runtime.getDevice
  File "cupy_backends/cuda/api/runtime.pyx", line 146, in cupy_backends.cuda.api.runtime.check_status
cupy_backends.cuda.api.runtime.CUDARuntimeError: cudaErrorNoDevice: no CUDA-capable device is detected
Exception ignored in: 'cupy.cuda.memory.MemoryPool.used_bytes'
Traceback (most recent call last):
  File "cupy/cuda/device.pyx", line 40, in cupy.cuda.device.get_device_id
  File "cupy_backends/cuda/api/runtime.pyx", line 202, in cupy_backends.cuda.api.runtime.getDevice
  File "cupy_backends/cuda/api/runtime.pyx", line 146, in cupy_backends.cuda.api.runtime.check_status
cupy_backends.cuda.api.runtime.CUDARuntimeError: cudaErrorNoDevice: no CUDA-capable device is detected
Traceback (most recent call last):
  File "cupy/cuda/device.pyx", line 40, in cupy.cuda.device.get_device_id
  File "cupy_backends/cuda/api/runtime.pyx", line 202, in cupy_backends.cuda.api.runtime.getDevice
  File "cupy_backends/cuda/api/runtime.pyx", line 146, in cupy_backends.cuda.api.runtime.check_status
cupy_backends.cuda.api.runtime.CUDARuntimeError: cudaErrorNoDevice: no CUDA-capable device is detected
Exception ignored in: 'cupy.cuda.memory.MemoryPool.total_bytes'
Traceback (most recent call last):
  File "cupy/cuda/device.pyx", line 40, in cupy.cuda.device.get_device_id
  File "cupy_backends/cuda/api/runtime.pyx", line 202, in cupy_backends.cuda.api.runtime.getDevice
  File "cupy_backends/cuda/api/runtime.pyx", line 146, in cupy_backends.cuda.api.runtime.check_status
cupy_backends.cuda.api.runtime.CUDARuntimeError: cudaErrorNoDevice: no CUDA-capable device is detected
Traceback (most recent call last):
  File "cupy/cuda/device.pyx", line 40, in cupy.cuda.device.get_device_id
  File "cupy_backends/cuda/api/runtime.pyx", line 202, in cupy_backends.cuda.api.runtime.getDevice
  File "cupy_backends/cuda/api/runtime.pyx", line 146, in cupy_backends.cuda.api.runtime.check_status
cupy_backends.cuda.api.runtime.CUDARuntimeError: cudaErrorNoDevice: no CUDA-capable device is detected
Exception ignored in: 'cupy.cuda.memory.MemoryPool.used_bytes'
Traceback (most recent call last):
  File "cupy/cuda/device.pyx", line 40, in cupy.cuda.device.get_device_id
  File "cupy_backends/cuda/api/runtime.pyx", line 202, in cupy_backends.cuda.api.runtime.getDevice
  File "cupy_backends/cuda/api/runtime.pyx", line 146, in cupy_backends.cuda.api.runtime.check_status
cupy_backends.cuda.api.runtime.CUDARuntimeError: cudaErrorNoDevice: no CUDA-capable device is detected
Traceback (most recent call last):
  File "cupy/cuda/device.pyx", line 40, in cupy.cuda.device.get_device_id
  File "cupy_backends/cuda/api/runtime.pyx", line 202, in cupy_backends.cuda.api.runtime.getDevice
  File "cupy_backends/cuda/api/runtime.pyx", line 146, in cupy_backends.cuda.api.runtime.check_status
cupy_backends.cuda.api.runtime.CUDARuntimeError: cudaErrorNoDevice: no CUDA-capable device is detected
Exception ignored in: 'cupy.cuda.memory.MemoryPool.total_bytes'
Traceback (most recent call last):
  File "cupy/cuda/device.pyx", line 40, in cupy.cuda.device.get_device_id
  File "cupy_backends/cuda/api/runtime.pyx", line 202, in cupy_backends.cuda.api.runtime.getDevice
  File "cupy_backends/cuda/api/runtime.pyx", line 146, in cupy_backends.cuda.api.runtime.check_status
cupy_backends.cuda.api.runtime.CUDARuntimeError: cudaErrorNoDevice: no CUDA-capable device is detected
[GPU_MEMORY] ensure_capacity START (capacity=2048): used=0.00 MB, total_allocated=0.00 MB
[GPU_MEMORY] ensure_capacity INIT (Sc shape=(3374, 2048), Ss shape=(3374, 2048)): used=0.00 MB, total_allocated=0.00 MB

====== TOPOLOGY CONFIGURATION SUMMARY ======

Registered Types:
  0: Na (mass=39.0983, charge=1.0)
  1: Cl (mass=35.453, charge=-1.0)
  2: Ip (mass=18.01528, charge=1.0)
  3: Im (mass=18.01528, charge=-1.0)
  4: G (mass=0.0, charge=0.0)
  5: Wb (mass=1.0, charge=-1.0)
  6: Wt (mass=1.0, charge=-1.0)

Pair Interactions:
  Na(0) - Na(0): HardSphere, EwaldReal
  Cl(1) - Cl(1): HardSphere, EwaldReal
  Na(0) - Cl(1): HardSphere, EwaldReal
  Na(0) - Ip(2): HardSphere, EwaldReal
  Na(0) - Im(3): HardSphere, EwaldReal
  Cl(1) - Ip(2): HardSphere, EwaldReal
  Cl(1) - Im(3): HardSphere, EwaldReal
  Na(0) - G(4): HardSphere
  Cl(1) - G(4): HardSphere
  Ip(2) - Ip(2): HardSphere, EwaldReal
  Im(3) - Im(3): HardSphere, EwaldReal
  Ip(2) - Im(3): HardSphere, EwaldReal
  Ip(2) - G(4): HardSphere
  Im(3) - G(4): HardSphere
  G(4) - G(4): HardSphere
  Na(0) - Wb(5): EwaldReal
  Cl(1) - Wb(5): EwaldReal
  Ip(2) - Wb(5): EwaldReal
  Im(3) - Wb(5): EwaldReal
  Na(0) - Wt(6): EwaldReal
  Cl(1) - Wt(6): EwaldReal
  Ip(2) - Wt(6): EwaldReal
  Im(3) - Wt(6): EwaldReal
  Wb(5) - Wb(5): EwaldReal
  Wt(6) - Wt(6): EwaldReal
  Wb(5) - Wt(6): EwaldReal
pair_interactions_counter: 26
Warning: 26 pair interactions found, expected 28
Warning: Missing pair interactions for: G-Wb, G-Wt

One-Body Forces:
  Na(0): HardWall, HardWall
  Cl(1): HardWall, HardWall
  Ip(2): HardWall, HardWall
  Im(3): HardWall, HardWall
  G(4): HardWall, HardWall

==========================================
Processing spec 1/3
Count:   0%|          | 0/519 [00:00<?, ?it/s]Count: 100%|██████████| 519/519 [00:00<00:00, 5353.35it/s]
Processing spec 2/3
Count:   0%|          | 0/7 [00:00<?, ?it/s]Count: 100%|██████████| 7/7 [00:00<00:00, 1185.69it/s]
Processing spec 3/3
Count:   0%|          | 0/72 [00:00<?, ?it/s]Count:  38%|███▊      | 27/72 [00:00<00:00, 267.82it/s]Count:  75%|███████▌  | 54/72 [00:00<00:00, 230.23it/s]Count: 100%|██████████| 72/72 [00:00<00:00, 205.47it/s]
min_dist: 0.7665924428088867
  N_atoms=1254  box=(20.0,20.0,3.0)  eps=78.0  T=298.0
  reference: z_scale=21.00 r_cut=9.0 alpha=0.2843 k_max=5.117 n_k=28485 grid=(17, 17, 52)
  trajectory: 20000 frames of 1254 atoms
  frame 2000 (step 100050): prod recompute 0.9s
    ref energy 2.3s
    ref check [z_scale x1.5] dE = -1.327e-09 kT  (n_k=42770)
    ref check [r_cut 4.5   ] dE = -4.788e-09 kT  (n_k=228068)
    ref check [eps 1e-12   ] dE = +3.453e-09 kT  (n_k=49313)
    wall force  prod=      2.8304  flip=      4.6622  ref=      4.6377  ideal=      4.5841  logged=2.830439 kJ/(mol nm^3)
    FD atom   512 Na  |F_fd|=5.5681  err_as_coded=1.4259e+00  err_if_real_flipped=8.5377e-08
    FD atom   776 Na  |F_fd|=4.1304  err_as_coded=4.9471e-01  err_if_real_flipped=5.7750e-08
    FD atom   513 Na  |F_fd|=10.3578  err_as_coded=7.3153e+00  err_if_real_flipped=3.9861e-07
    FD atom   762 Na  |F_fd|=4.1484  err_as_coded=1.1399e+00  err_if_real_flipped=1.3681e-07
    FD atom  1031 Cl  |F_fd|=4.5523  err_as_coded=2.1548e+00  err_if_real_flipped=3.7261e-07
    FD atom  1034 Cl  |F_fd|=3.7242  err_as_coded=2.8076e+00  err_if_real_flipped=1.3769e-07
    Na_wall/large      n=  39 rms=   0.1449 kT  max=   0.3350  <|dacc|>=0.0310  f(>0.1)=0.051  rms(dE_ref)=   1.286
    Na_bulk/large      n=  56 rms=   0.1438 kT  max=   0.4215  <|dacc|>=0.0322  f(>0.1)=0.089  rms(dE_ref)=   1.150
    Cl/large           n=  56 rms=   0.1161 kT  max=   0.2950  <|dacc|>=0.0398  f(>0.1)=0.107  rms(dE_ref)=   0.869
    dipole/large       n=  36 rms=   0.1342 kT  max=   0.3060  <|dacc|>=0.0392  f(>0.1)=0.083  rms(dE_ref)=   0.787
    Na_wall/small      n= 128 rms=   0.0228 kT  max=   0.0794  <|dacc|>=0.0084  f(>0.1)=0.000  rms(dE_ref)=   0.201
    Na_bulk/small      n= 139 rms=   0.0276 kT  max=   0.1201  <|dacc|>=0.0104  f(>0.1)=0.000  rms(dE_ref)=   0.167
    Cl/small           n= 119 rms=   0.0238 kT  max=   0.0747  <|dacc|>=0.0089  f(>0.1)=0.000  rms(dE_ref)=   0.082
    dipole/small       n= 119 rms=   0.0366 kT  max=   0.1075  <|dacc|>=0.0137  f(>0.1)=0.000  rms(dE_ref)=   0.143
    moves 83.8s
  frame 3000 (step 150050): prod recompute 0.9s
    ref energy 2.3s
    wall force  prod=      2.8845  flip=      4.6662  ref=      4.6429  ideal=      4.5841  logged=2.884452 kJ/(mol nm^3)
    Na_wall/large      n=  53 rms=   0.1652 kT  max=   0.3712  <|dacc|>=0.0422  f(>0.1)=0.132  rms(dE_ref)=   1.201
    Na_bulk/large      n=  57 rms=   0.1511 kT  max=   0.3773  <|dacc|>=0.0363  f(>0.1)=0.105  rms(dE_ref)=   1.151
    Cl/large           n=  49 rms=   0.1512 kT  max=   0.3935  <|dacc|>=0.0498  f(>0.1)=0.143  rms(dE_ref)=   1.063
    dipole/large       n=  32 rms=   0.1288 kT  max=   0.3424  <|dacc|>=0.0344  f(>0.1)=0.125  rms(dE_ref)=   0.910
    Na_wall/small      n= 130 rms=   0.0230 kT  max=   0.0757  <|dacc|>=0.0084  f(>0.1)=0.000  rms(dE_ref)=   0.183
    Na_bulk/small      n= 127 rms=   0.0230 kT  max=   0.0792  <|dacc|>=0.0086  f(>0.1)=0.000  rms(dE_ref)=   0.141
    Cl/small           n= 128 rms=   0.0224 kT  max=   0.0738  <|dacc|>=0.0063  f(>0.1)=0.000  rms(dE_ref)=   0.113
    dipole/small       n= 124 rms=   0.0267 kT  max=   0.0767  <|dacc|>=0.0096  f(>0.1)=0.000  rms(dE_ref)=   0.144
    moves 88.1s
  frame 4000 (step 200050): prod recompute 1.0s
    ref energy 2.4s
    wall force  prod=      2.6754  flip=      4.7725  ref=      4.7639  ideal=      4.5841  logged=2.675411 kJ/(mol nm^3)
    Na_wall/large      n=  46 rms=   0.1105 kT  max=   0.2446  <|dacc|>=0.0266  f(>0.1)=0.000  rms(dE_ref)=   1.326
    Na_bulk/large      n=  59 rms=   0.1467 kT  max=   0.3656  <|dacc|>=0.0299  f(>0.1)=0.119  rms(dE_ref)=   1.117
    Cl/large           n=  50 rms=   0.1275 kT  max=   0.3637  <|dacc|>=0.0371  f(>0.1)=0.100  rms(dE_ref)=   0.814
    dipole/large       n=  35 rms=   0.1275 kT  max=   0.2941  <|dacc|>=0.0405  f(>0.1)=0.114  rms(dE_ref)=   1.003
    Na_wall/small      n= 130 rms=   0.0203 kT  max=   0.0574  <|dacc|>=0.0075  f(>0.1)=0.000  rms(dE_ref)=   0.174
    Na_bulk/small      n= 128 rms=   0.0235 kT  max=   0.0603  <|dacc|>=0.0080  f(>0.1)=0.000  rms(dE_ref)=   0.162
    Cl/small           n= 135 rms=   0.0175 kT  max=   0.0635  <|dacc|>=0.0064  f(>0.1)=0.000  rms(dE_ref)=   0.099
    dipole/small       n= 129 rms=   0.0311 kT  max=   0.1013  <|dacc|>=0.0109  f(>0.1)=0.000  rms(dE_ref)=   0.134
    moves 90.3s
  -> /home/fluffymelon/AntiDLVO/ewald_audit/results/frames/results_prod_neutral__pz_27p6__sigma__ions_dipole_sigma_pz_27p6_H_3_sigma_-10_C_0.01_Cz_0.1_20260216_125816.json  (327s)
