task 16 -> results_prod_neutral/pz_27p6/H/ions_dipole_H_pz_27p6_H_5_sigma_-20_C_0.01_Cz_0.1_20260216_125816

==============================================================================
results_prod_neutral__pz_27p6__H__ions_dipole_H_pz_27p6_H_5_sigma_-20_C_0.01_Cz_0.1_20260216_125816
==============================================================================
Traceback (most recent call last):
  File "cupy/cuda/device.pyx", line 40, in cupy.cuda.device.get_device_id
  File "cupy_backends/cuda/api/runtime.pyx", line 202, in cupy_backends.cuda.api.runtime.getDevice
  File "cupy_backends/cuda/api/runtime.pyx", line 146, in cupy_backends.cuda.api.runtime.check_status
cupy_backends.cuda.api.runtime.CUDARuntimeError: cudaErrorNoDevice: no CUDA-capable device is detected
Exception ignored in: 'cupy.cuda.memory.MemoryPool.used_bytes'
Traceback (most recent call last):
  File "cupy/cuda/device.pyx", line 40, in cupy.cuda.device.get_device_id
  File "cupy_backends/cuda/api/runtime.pyx", line 202, in cupy_backends.cuda.api.runtime.getDevice
  File "cupy_backends/cuda/api/runtime.pyx", line 146, in cupy_backends.cuda.api.runtime.check_status
cupy_backends.cuda.api.runtime.CUDARuntimeError: cudaErrorNoDevice: no CUDA-capable device is detected
Traceback (most recent call last):
  File "cupy/cuda/device.pyx", line 40, in cupy.cuda.device.get_device_id
  File "cupy_backends/cuda/api/runtime.pyx", line 202, in cupy_backends.cuda.api.runtime.getDevice
  File "cupy_backends/cuda/api/runtime.pyx", line 146, in cupy_backends.cuda.api.runtime.check_status
cupy_backends.cuda.api.runtime.CUDARuntimeError: cudaErrorNoDevice: no CUDA-capable device is detected
Exception ignored in: 'cupy.cuda.memory.MemoryPool.total_bytes'
Traceback (most recent call last):
  File "cupy/cuda/device.pyx", line 40, in cupy.cuda.device.get_device_id
  File "cupy_backends/cuda/api/runtime.pyx", line 202, in cupy_backends.cuda.api.runtime.getDevice
  File "cupy_backends/cuda/api/runtime.pyx", line 146, in cupy_backends.cuda.api.runtime.check_status
cupy_backends.cuda.api.runtime.CUDARuntimeError: cudaErrorNoDevice: no CUDA-capable device is detected
Traceback (most recent call last):
  File "cupy/cuda/device.pyx", line 40, in cupy.cuda.device.get_device_id
  File "cupy_backends/cuda/api/runtime.pyx", line 202, in cupy_backends.cuda.api.runtime.getDevice
  File "cupy_backends/cuda/api/runtime.pyx", line 146, in cupy_backends.cuda.api.runtime.check_status
cupy_backends.cuda.api.runtime.CUDARuntimeError: cudaErrorNoDevice: no CUDA-capable device is detected
Exception ignored in: 'cupy.cuda.memory.MemoryPool.used_bytes'
Traceback (most recent call last):
  File "cupy/cuda/device.pyx", line 40, in cupy.cuda.device.get_device_id
  File "cupy_backends/cuda/api/runtime.pyx", line 202, in cupy_backends.cuda.api.runtime.getDevice
  File "cupy_backends/cuda/api/runtime.pyx", line 146, in cupy_backends.cuda.api.runtime.check_status
cupy_backends.cuda.api.runtime.CUDARuntimeError: cudaErrorNoDevice: no CUDA-capable device is detected
Traceback (most recent call last):
  File "cupy/cuda/device.pyx", line 40, in cupy.cuda.device.get_device_id
  File "cupy_backends/cuda/api/runtime.pyx", line 202, in cupy_backends.cuda.api.runtime.getDevice
  File "cupy_backends/cuda/api/runtime.pyx", line 146, in cupy_backends.cuda.api.runtime.check_status
cupy_backends.cuda.api.runtime.CUDARuntimeError: cudaErrorNoDevice: no CUDA-capable device is detected
Exception ignored in: 'cupy.cuda.memory.MemoryPool.total_bytes'
Traceback (most recent call last):
  File "cupy/cuda/device.pyx", line 40, in cupy.cuda.device.get_device_id
  File "cupy_backends/cuda/api/runtime.pyx", line 202, in cupy_backends.cuda.api.runtime.getDevice
  File "cupy_backends/cuda/api/runtime.pyx", line 146, in cupy_backends.cuda.api.runtime.check_status
cupy_backends.cuda.api.runtime.CUDARuntimeError: cudaErrorNoDevice: no CUDA-capable device is detected
[GPU_MEMORY] ensure_capacity START (capacity=2048): used=0.00 MB, total_allocated=0.00 MB
[GPU_MEMORY] ensure_capacity INIT (Sc shape=(3374, 2048), Ss shape=(3374, 2048)): used=0.00 MB, total_allocated=0.00 MB

====== TOPOLOGY CONFIGURATION SUMMARY ======

Registered Types:
  0: Na (mass=39.0983, charge=1.0)
  1: Cl (mass=35.453, charge=-1.0)
  2: Ip (mass=18.01528, charge=1.0)
  3: Im (mass=18.01528, charge=-1.0)
  4: G (mass=0.0, charge=0.0)
  5: Wb (mass=1.0, charge=-1.0)
  6: Wt (mass=1.0, charge=-1.0)

Pair Interactions:
  Na(0) - Na(0): HardSphere, EwaldReal
  Cl(1) - Cl(1): HardSphere, EwaldReal
  Na(0) - Cl(1): HardSphere, EwaldReal
  Na(0) - Ip(2): HardSphere, EwaldReal
  Na(0) - Im(3): HardSphere, EwaldReal
  Cl(1) - Ip(2): HardSphere, EwaldReal
  Cl(1) - Im(3): HardSphere, EwaldReal
  Na(0) - G(4): HardSphere
  Cl(1) - G(4): HardSphere
  Ip(2) - Ip(2): HardSphere, EwaldReal
  Im(3) - Im(3): HardSphere, EwaldReal
  Ip(2) - Im(3): HardSphere, EwaldReal
  Ip(2) - G(4): HardSphere
  Im(3) - G(4): HardSphere
  G(4) - G(4): HardSphere
  Na(0) - Wb(5): EwaldReal
  Cl(1) - Wb(5): EwaldReal
  Ip(2) - Wb(5): EwaldReal
  Im(3) - Wb(5): EwaldReal
  Na(0) - Wt(6): EwaldReal
  Cl(1) - Wt(6): EwaldReal
  Ip(2) - Wt(6): EwaldReal
  Im(3) - Wt(6): EwaldReal
  Wb(5) - Wb(5): EwaldReal
  Wt(6) - Wt(6): EwaldReal
  Wb(5) - Wt(6): EwaldReal
pair_interactions_counter: 26
Warning: 26 pair interactions found, expected 28
Warning: Missing pair interactions for: G-Wb, G-Wt

One-Body Forces:
  Na(0): HardWall, HardWall
  Cl(1): HardWall, HardWall
  Ip(2): HardWall, HardWall
  Im(3): HardWall, HardWall
  G(4): HardWall, HardWall

==========================================
Processing spec 1/3
Count:   0%|          | 0/980 [00:00<?, ?it/s]Count:  61%|██████    | 593/980 [00:00<00:00, 5903.31it/s]Count: 100%|██████████| 980/980 [00:00<00:00, 3497.67it/s]
Processing spec 2/3
Count:   0%|          | 0/12 [00:00<?, ?it/s]Count: 100%|██████████| 12/12 [00:00<00:00, 2278.69it/s]
Processing spec 3/3
Count:   0%|          | 0/120 [00:00<?, ?it/s]Count:  23%|██▎       | 28/120 [00:00<00:00, 275.54it/s]Traceback (most recent call last):
  File "cupy/cuda/device.pyx", line 40, in cupy.cuda.device.get_device_id
  File "cupy_backends/cuda/api/runtime.pyx", line 202, in cupy_backends.cuda.api.runtime.getDevice
  File "cupy_backends/cuda/api/runtime.pyx", line 146, in cupy_backends.cuda.api.runtime.check_status
cupy_backends.cuda.api.runtime.CUDARuntimeError: cudaErrorNoDevice: no CUDA-capable device is detected
Exception ignored in: 'cupy.cuda.memory.MemoryPool.used_bytes'
Traceback (most recent call last):
  File "cupy/cuda/device.pyx", line 40, in cupy.cuda.device.get_device_id
  File "cupy_backends/cuda/api/runtime.pyx", line 202, in cupy_backends.cuda.api.runtime.getDevice
  File "cupy_backends/cuda/api/runtime.pyx", line 146, in cupy_backends.cuda.api.runtime.check_status
cupy_backends.cuda.api.runtime.CUDARuntimeError: cudaErrorNoDevice: no CUDA-capable device is detected
Traceback (most recent call last):
  File "cupy/cuda/device.pyx", line 40, in cupy.cuda.device.get_device_id
  File "cupy_backends/cuda/api/runtime.pyx", line 202, in cupy_backends.cuda.api.runtime.getDevice
  File "cupy_backends/cuda/api/runtime.pyx", line 146, in cupy_backends.cuda.api.runtime.check_status
cupy_backends.cuda.api.runtime.CUDARuntimeError: cudaErrorNoDevice: no CUDA-capable device is detected
Exception ignored in: 'cupy.cuda.memory.MemoryPool.total_bytes'
Traceback (most recent call last):
  File "cupy/cuda/device.pyx", line 40, in cupy.cuda.device.get_device_id
  File "cupy_backends/cuda/api/runtime.pyx", line 202, in cupy_backends.cuda.api.runtime.getDevice
  File "cupy_backends/cuda/api/runtime.pyx", line 146, in cupy_backends.cuda.api.runtime.check_status
cupy_backends.cuda.api.runtime.CUDARuntimeError: cudaErrorNoDevice: no CUDA-capable device is detected
Traceback (most recent call last):
  File "cupy/cuda/device.pyx", line 40, in cupy.cuda.device.get_device_id
  File "cupy_backends/cuda/api/runtime.pyx", line 202, in cupy_backends.cuda.api.runtime.getDevice
  File "cupy_backends/cuda/api/runtime.pyx", line 146, in cupy_backends.cuda.api.runtime.check_status
cupy_backends.cuda.api.runtime.CUDARuntimeError: cudaErrorNoDevice: no CUDA-capable device is detected
Exception ignored in: 'cupy.cuda.memory.MemoryPool.used_bytes'
Traceback (most recent call last):
  File "cupy/cuda/device.pyx", line 40, in cupy.cuda.device.get_device_id
  File "cupy_backends/cuda/api/runtime.pyx", line 202, in cupy_backends.cuda.api.runtime.getDevice
  File "cupy_backends/cuda/api/runtime.pyx", line 146, in cupy_backends.cuda.api.runtime.check_status
cupy_backends.cuda.api.runtime.CUDARuntimeError: cudaErrorNoDevice: no CUDA-capable device is detected
Traceback (most recent call last):
  File "cupy/cuda/device.pyx", line 40, in cupy.cuda.device.get_device_id
  File "cupy_backends/cuda/api/runtime.pyx", line 202, in cupy_backends.cuda.api.runtime.getDevice
  File "cupy_backends/cuda/api/runtime.pyx", line 146, in cupy_backends.cuda.api.runtime.check_status
cupy_backends.cuda.api.runtime.CUDARuntimeError: cudaErrorNoDevice: no CUDA-capable device is detected
Exception ignored in: 'cupy.cuda.memory.MemoryPool.total_bytes'
Traceback (most recent call last):
  File "cupy/cuda/device.pyx", line 40, in cupy.cuda.device.get_device_id
  File "cupy_backends/cuda/api/runtime.pyx", line 202, in cupy_backends.cuda.api.runtime.getDevice
  File "cupy_backends/cuda/api/runtime.pyx", line 146, in cupy_backends.cuda.api.runtime.check_status
cupy_backends.cuda.api.runtime.CUDARuntimeError: cudaErrorNoDevice: no CUDA-capable device is detected
Traceback (most recent call last):
  File "cupy/cuda/device.pyx", line 40, in cupy.cuda.device.get_device_id
  File "cupy_backends/cuda/api/runtime.pyx", line 202, in cupy_backends.cuda.api.runtime.getDevice
  File "cupy_backends/cuda/api/runtime.pyx", line 146, in cupy_backends.cuda.api.runtime.check_status
cupy_backends.cuda.api.runtime.CUDARuntimeError: cudaErrorNoDevice: no CUDA-capable device is detected
Exception ignored in: 'cupy.cuda.memory.MemoryPool.used_bytes'
Traceback (most recent call last):
  File "cupy/cuda/device.pyx", line 40, in cupy.cuda.device.get_device_id
  File "cupy_backends/cuda/api/runtime.pyx", line 202, in cupy_backends.cuda.api.runtime.getDevice
  File "cupy_backends/cuda/api/runtime.pyx", line 146, in cupy_backends.cuda.api.runtime.check_status
cupy_backends.cuda.api.runtime.CUDARuntimeError: cudaErrorNoDevice: no CUDA-capable device is detected
Traceback (most recent call last):
  File "cupy/cuda/device.pyx", line 40, in cupy.cuda.device.get_device_id
  File "cupy_backends/cuda/api/runtime.pyx", line 202, in cupy_backends.cuda.api.runtime.getDevice
  File "cupy_backends/cuda/api/runtime.pyx", line 146, in cupy_backends.cuda.api.runtime.check_status
cupy_backends.cuda.api.runtime.CUDARuntimeError: cudaErrorNoDevice: no CUDA-capable device is detected
Exception ignored in: 'cupy.cuda.memory.MemoryPool.total_bytes'
Traceback (most recent call last):
  File "cupy/cuda/device.pyx", line 40, in cupy.cuda.device.get_device_id
  File "cupy_backends/cuda/api/runtime.pyx", line 202, in cupy_backends.cuda.api.runtime.getDevice
  File "cupy_backends/cuda/api/runtime.pyx", line 146, in cupy_backends.cuda.api.runtime.check_status
cupy_backends.cuda.api.runtime.CUDARuntimeError: cudaErrorNoDevice: no CUDA-capable device is detected
Traceback (most recent call last):
  File "cupy/cuda/device.pyx", line 40, in cupy.cuda.device.get_device_id
  File "cupy_backends/cuda/api/runtime.pyx", line 202, in cupy_backends.cuda.api.runtime.getDevice
  File "cupy_backends/cuda/api/runtime.pyx", line 146, in cupy_backends.cuda.api.runtime.check_status
cupy_backends.cuda.api.runtime.CUDARuntimeError: cudaErrorNoDevice: no CUDA-capable device is detected
Exception ignored in: 'cupy.cuda.memory.MemoryPool.used_bytes'
Traceback (most recent call last):
  File "cupy/cuda/device.pyx", line 40, in cupy.cuda.device.get_device_id
  File "cupy_backends/cuda/api/runtime.pyx", line 202, in cupy_backends.cuda.api.runtime.getDevice
  File "cupy_backends/cuda/api/runtime.pyx", line 146, in cupy_backends.cuda.api.runtime.check_status
cupy_backends.cuda.api.runtime.CUDARuntimeError: cudaErrorNoDevice: no CUDA-capable device is detected
Traceback (most recent call last):
  File "cupy/cuda/device.pyx", line 40, in cupy.cuda.device.get_device_id
  File "cupy_backends/cuda/api/runtime.pyx", line 202, in cupy_backends.cuda.api.runtime.getDevice
  File "cupy_backends/cuda/api/runtime.pyx", line 146, in cupy_backends.cuda.api.runtime.check_status
cupy_backends.cuda.api.runtime.CUDARuntimeError: cudaErrorNoDevice: no CUDA-capable device is detected
Exception ignored in: 'cupy.cuda.memory.MemoryPool.total_bytes'
Traceback (most recent call last):
  File "cupy/cuda/device.pyx", line 40, in cupy.cuda.device.get_device_id
  File "cupy_backends/cuda/api/runtime.pyx", line 202, in cupy_backends.cuda.api.runtime.getDevice
  File "cupy_backends/cuda/api/runtime.pyx", line 146, in cupy_backends.cuda.api.runtime.check_status
cupy_backends.cuda.api.runtime.CUDARuntimeError: cudaErrorNoDevice: no CUDA-capable device is detected
Count:  47%|████▋     | 56/120 [00:00<00:00, 221.83it/s]Count:  66%|██████▌   | 79/120 [00:00<00:00, 200.86it/s]Count:  83%|████████▎ | 100/120 [00:00<00:00, 182.21it/s]Count:  99%|█████████▉| 119/120 [00:00<00:00, 155.78it/s]Count: 100%|██████████| 120/120 [00:00<00:00, 177.24it/s]
[GPU_MEMORY] ensure_capacity START (capacity=4096): used=0.00 MB, total_allocated=0.00 MB
[GPU_MEMORY] ensure_capacity ALLOC (new_Sc shape=(3374, 4096), new_Ss shape=(3374, 4096)): used=0.00 MB, total_allocated=0.00 MB
[GPU_MEMORY] ensure_capacity COPY (copied 2048 columns): used=0.00 MB, total_allocated=0.00 MB
[GPU_MEMORY] ensure_capacity END (Sc shape=(3374, 4096), Ss shape=(3374, 4096)): used=0.00 MB, total_allocated=0.00 MB
min_dist: 0.7664256640749143
  N_atoms=2320  box=(20.0,20.0,5.0)  eps=78.0  T=298.0
  reference: z_scale=13.00 r_cut=9.0 alpha=0.2843 k_max=5.117 n_k=29398 grid=(17, 17, 53)
  trajectory: 20000 frames of 2320 atoms
  frame 2000 (step 100050): prod recompute 2.2s
    ref energy 4.7s
    ref check [z_scale x1.5] dE = +7.516e-09 kT  (n_k=44121)
    ref check [r_cut 4.5   ] dE = -9.580e-09 kT  (n_k=235291)
    ref check [eps 1e-12   ] dE = +6.670e-09 kT  (n_k=50911)
    wall force  prod=      8.7813  flip=     15.3480  ref=     16.4332  ideal=     16.3859  logged=8.781303 kJ/(mol nm^3)
    FD atom   968 Na  |F_fd|=2.2068  err_as_coded=4.3342e+00  err_if_real_flipped=1.4738e+00
    FD atom  1446 Na  |F_fd|=9.0739  err_as_coded=1.2233e+00  err_if_real_flipped=7.6028e-08
    FD atom   970 Na  |F_fd|=14.7399  err_as_coded=9.0296e+00  err_if_real_flipped=6.5770e-07
    FD atom  1481 Na  |F_fd|=13.4949  err_as_coded=6.6708e+00  err_if_real_flipped=4.1706e-07
    FD atom  1948 Cl  |F_fd|=1.6278  err_as_coded=9.3832e-01  err_if_real_flipped=4.2954e-08
    FD atom  1954 Cl  |F_fd|=2.2705  err_as_coded=1.7897e+00  err_if_real_flipped=7.0345e-08
    Na_wall/large      n=  30 rms=   0.2316 kT  max=   0.4961  <|dacc|>=0.0129  f(>0.1)=0.000  rms(dE_ref)=   2.770
    Na_bulk/large      n=  56 rms=   0.1806 kT  max=   0.3888  <|dacc|>=0.0358  f(>0.1)=0.107  rms(dE_ref)=   1.597
    Cl/large           n=  77 rms=   0.1422 kT  max=   0.3461  <|dacc|>=0.0315  f(>0.1)=0.130  rms(dE_ref)=   0.533
    dipole/large       n=  66 rms=   0.1567 kT  max=   0.4191  <|dacc|>=0.0478  f(>0.1)=0.167  rms(dE_ref)=   0.689
    Na_wall/small      n= 114 rms=   0.0491 kT  max=   0.1420  <|dacc|>=0.0162  f(>0.1)=0.000  rms(dE_ref)=   0.349
    Na_bulk/small      n= 117 rms=   0.0377 kT  max=   0.1243  <|dacc|>=0.0118  f(>0.1)=0.000  rms(dE_ref)=   0.259
    Cl/small           n= 136 rms=   0.0283 kT  max=   0.0993  <|dacc|>=0.0111  f(>0.1)=0.000  rms(dE_ref)=   0.071
    dipole/small       n= 131 rms=   0.0339 kT  max=   0.1072  <|dacc|>=0.0122  f(>0.1)=0.000  rms(dE_ref)=   0.140
    moves 1420.6s
  frame 3000 (step 150050): prod recompute 2.1s
    ref energy 4.5s
    wall force  prod=      8.4845  flip=     15.5134  ref=     16.5939  ideal=     16.3859  logged=8.484542 kJ/(mol nm^3)
    Na_wall/large      n=  35 rms=   0.2228 kT  max=   0.4669  <|dacc|>=0.0257  f(>0.1)=0.029  rms(dE_ref)=   2.532
    Na_bulk/large      n=  58 rms=   0.2054 kT  max=   0.4878  <|dacc|>=0.0339  f(>0.1)=0.086  rms(dE_ref)=   2.078
    Cl/large           n=  77 rms=   0.1742 kT  max=   0.6021  <|dacc|>=0.0385  f(>0.1)=0.156  rms(dE_ref)=   0.823
    dipole/large       n=  64 rms=   0.1401 kT  max=   0.3075  <|dacc|>=0.0382  f(>0.1)=0.125  rms(dE_ref)=   0.749
    Na_wall/small      n= 114 rms=   0.0498 kT  max=   0.1175  <|dacc|>=0.0183  f(>0.1)=0.000  rms(dE_ref)=   0.368
    Na_bulk/small      n= 124 rms=   0.0416 kT  max=   0.1306  <|dacc|>=0.0141  f(>0.1)=0.000  rms(dE_ref)=   0.268
    Cl/small           n= 139 rms=   0.0338 kT  max=   0.1061  <|dacc|>=0.0125  f(>0.1)=0.000  rms(dE_ref)=   0.075
    dipole/small       n= 128 rms=   0.0351 kT  max=   0.1199  <|dacc|>=0.0099  f(>0.1)=0.000  rms(dE_ref)=   0.122
    moves 1365.2s
  frame 4000 (step 200050): prod recompute 2.0s
    ref energy 4.4s
    wall force  prod=      8.5315  flip=     15.4654  ref=     16.5365  ideal=     16.3859  logged=8.531506 kJ/(mol nm^3)
    Na_wall/large      n=  36 rms=   0.2662 kT  max=   0.5649  <|dacc|>=0.0269  f(>0.1)=0.028  rms(dE_ref)=   2.676
    Na_bulk/large      n=  45 rms=   0.2262 kT  max=   0.5839  <|dacc|>=0.0359  f(>0.1)=0.111  rms(dE_ref)=   1.991
    Cl/large           n=  77 rms=   0.1300 kT  max=   0.4027  <|dacc|>=0.0439  f(>0.1)=0.104  rms(dE_ref)=   0.624
    dipole/large       n=  56 rms=   0.1654 kT  max=   0.4456  <|dacc|>=0.0350  f(>0.1)=0.143  rms(dE_ref)=   0.842
    Na_wall/small      n= 117 rms=   0.0488 kT  max=   0.1250  <|dacc|>=0.0136  f(>0.1)=0.000  rms(dE_ref)=   0.350
    Na_bulk/small      n= 125 rms=   0.0449 kT  max=   0.1102  <|dacc|>=0.0124  f(>0.1)=0.000  rms(dE_ref)=   0.316
    Cl/small           n= 131 rms=   0.0273 kT  max=   0.0902  <|dacc|>=0.0095  f(>0.1)=0.000  rms(dE_ref)=   0.073
    dipole/small       n= 121 rms=   0.0368 kT  max=   0.1117  <|dacc|>=0.0121  f(>0.1)=0.000  rms(dE_ref)=   0.143
    moves 1293.6s
  -> /home/fluffymelon/AntiDLVO/ewald_audit/results/frames/results_prod_neutral__pz_27p6__H__ions_dipole_H_pz_27p6_H_5_sigma_-20_C_0.01_Cz_0.1_20260216_125816.json  (4255s)
