task 14 -> results_prod_neutral/pz_27p6/sigma/ions_dipole_sigma_pz_27p6_H_3_sigma_-5_C_0.01_Cz_0.1_20260216_125815

==============================================================================
results_prod_neutral__pz_27p6__sigma__ions_dipole_sigma_pz_27p6_H_3_sigma_-5_C_0.01_Cz_0.1_20260216_125815
==============================================================================
Traceback (most recent call last):
  File "cupy/cuda/device.pyx", line 40, in cupy.cuda.device.get_device_id
  File "cupy_backends/cuda/api/runtime.pyx", line 202, in cupy_backends.cuda.api.runtime.getDevice
  File "cupy_backends/cuda/api/runtime.pyx", line 146, in cupy_backends.cuda.api.runtime.check_status
cupy_backends.cuda.api.runtime.CUDARuntimeError: cudaErrorNoDevice: no CUDA-capable device is detected
Exception ignored in: 'cupy.cuda.memory.MemoryPool.used_bytes'
Traceback (most recent call last):
  File "cupy/cuda/device.pyx", line 40, in cupy.cuda.device.get_device_id
  File "cupy_backends/cuda/api/runtime.pyx", line 202, in cupy_backends.cuda.api.runtime.getDevice
  File "cupy_backends/cuda/api/runtime.pyx", line 146, in cupy_backends.cuda.api.runtime.check_status
cupy_backends.cuda.api.runtime.CUDARuntimeError: cudaErrorNoDevice: no CUDA-capable device is detected
Traceback (most recent call last):
  File "cupy/cuda/device.pyx", line 40, in cupy.cuda.device.get_device_id
  File "cupy_backends/cuda/api/runtime.pyx", line 202, in cupy_backends.cuda.api.runtime.getDevice
  File "cupy_backends/cuda/api/runtime.pyx", line 146, in cupy_backends.cuda.api.runtime.check_status
cupy_backends.cuda.api.runtime.CUDARuntimeError: cudaErrorNoDevice: no CUDA-capable device is detected
Exception ignored in: 'cupy.cuda.memory.MemoryPool.total_bytes'
Traceback (most recent call last):
  File "cupy/cuda/device.pyx", line 40, in cupy.cuda.device.get_device_id
  File "cupy_backends/cuda/api/runtime.pyx", line 202, in cupy_backends.cuda.api.runtime.getDevice
  File "cupy_backends/cuda/api/runtime.pyx", line 146, in cupy_backends.cuda.api.runtime.check_status
cupy_backends.cuda.api.runtime.CUDARuntimeError: cudaErrorNoDevice: no CUDA-capable device is detected
Traceback (most recent call last):
  File "cupy/cuda/device.pyx", line 40, in cupy.cuda.device.get_device_id
  File "cupy_backends/cuda/api/runtime.pyx", line 202, in cupy_backends.cuda.api.runtime.getDevice
  File "cupy_backends/cuda/api/runtime.pyx", line 146, in cupy_backends.cuda.api.runtime.check_status
cupy_backends.cuda.api.runtime.CUDARuntimeError: cudaErrorNoDevice: no CUDA-capable device is detected
Exception ignored in: 'cupy.cuda.memory.MemoryPool.used_bytes'
Traceback (most recent call last):
  File "cupy/cuda/device.pyx", line 40, in cupy.cuda.device.get_device_id
  File "cupy_backends/cuda/api/runtime.pyx", line 202, in cupy_backends.cuda.api.runtime.getDevice
  File "cupy_backends/cuda/api/runtime.pyx", line 146, in cupy_backends.cuda.api.runtime.check_status
cupy_backends.cuda.api.runtime.CUDARuntimeError: cudaErrorNoDevice: no CUDA-capable device is detected
Traceback (most recent call last):
  File "cupy/cuda/device.pyx", line 40, in cupy.cuda.device.get_device_id
  File "cupy_backends/cuda/api/runtime.pyx", line 202, in cupy_backends.cuda.api.runtime.getDevice
  File "cupy_backends/cuda/api/runtime.pyx", line 146, in cupy_backends.cuda.api.runtime.check_status
cupy_backends.cuda.api.runtime.CUDARuntimeError: cudaErrorNoDevice: no CUDA-capable device is detected
Exception ignored in: 'cupy.cuda.memory.MemoryPool.total_bytes'
Traceback (most recent call last):
  File "cupy/cuda/device.pyx", line 40, in cupy.cuda.device.get_device_id
  File "cupy_backends/cuda/api/runtime.pyx", line 202, in cupy_backends.cuda.api.runtime.getDevice
  File "cupy_backends/cuda/api/runtime.pyx", line 146, in cupy_backends.cuda.api.runtime.check_status
cupy_backends.cuda.api.runtime.CUDARuntimeError: cudaErrorNoDevice: no CUDA-capable device is detected
[GPU_MEMORY] ensure_capacity START (capacity=2048): used=0.00 MB, total_allocated=0.00 MB
[GPU_MEMORY] ensure_capacity INIT (Sc shape=(3374, 2048), Ss shape=(3374, 2048)): used=0.00 MB, total_allocated=0.00 MB

====== TOPOLOGY CONFIGURATION SUMMARY ======

Registered Types:
  0: Na (mass=39.0983, charge=1.0)
  1: Cl (mass=35.453, charge=-1.0)
  2: Ip (mass=18.01528, charge=1.0)
  3: Im (mass=18.01528, charge=-1.0)
  4: G (mass=0.0, charge=0.0)
  5: Wb (mass=1.0, charge=-1.0)
  6: Wt (mass=1.0, charge=-1.0)

Pair Interactions:
  Na(0) - Na(0): HardSphere, EwaldReal
  Cl(1) - Cl(1): HardSphere, EwaldReal
  Na(0) - Cl(1): HardSphere, EwaldReal
  Na(0) - Ip(2): HardSphere, EwaldReal
  Na(0) - Im(3): HardSphere, EwaldReal
  Cl(1) - Ip(2): HardSphere, EwaldReal
  Cl(1) - Im(3): HardSphere, EwaldReal
  Na(0) - G(4): HardSphere
  Cl(1) - G(4): HardSphere
  Ip(2) - Ip(2): HardSphere, EwaldReal
  Im(3) - Im(3): HardSphere, EwaldReal
  Ip(2) - Im(3): HardSphere, EwaldReal
  Ip(2) - G(4): HardSphere
  Im(3) - G(4): HardSphere
  G(4) - G(4): HardSphere
  Na(0) - Wb(5): EwaldReal
  Cl(1) - Wb(5): EwaldReal
  Ip(2) - Wb(5): EwaldReal
  Im(3) - Wb(5): EwaldReal
  Na(0) - Wt(6): EwaldReal
  Cl(1) - Wt(6): EwaldReal
  Ip(2) - Wt(6): EwaldReal
  Im(3) - Wt(6): EwaldReal
  Wb(5) - Wb(5): EwaldReal
  Wt(6) - Wt(6): EwaldReal
  Wb(5) - Wt(6): EwaldReal
pair_interactions_counter: 26
Warning: 26 pair interactions found, expected 28
Warning: Missing pair interactions for: G-Wb, G-Wt

One-Body Forces:
  Na(0): HardWall, HardWall
  Cl(1): HardWall, HardWall
  Ip(2): HardWall, HardWall
  Im(3): HardWall, HardWall
  G(4): HardWall, HardWall

==========================================
Processing spec 1/3
Count:   0%|          | 0/249 [00:00<?, ?it/s]Count: 100%|██████████| 249/249 [00:00<00:00, 12840.34it/s]
Processing spec 2/3
Count:   0%|          | 0/7 [00:00<?, ?it/s]Count: 100%|██████████| 7/7 [00:00<00:00, 7499.39it/s]
Processing spec 3/3
Count:   0%|          | 0/72 [00:00<?, ?it/s]Count: 100%|██████████| 72/72 [00:00<00:00, 1557.98it/s]
min_dist: 0.7663515836010653
  N_atoms=714  box=(20.0,20.0,3.0)  eps=78.0  T=298.0
  reference: z_scale=21.00 r_cut=9.0 alpha=0.2843 k_max=5.117 n_k=28485 grid=(17, 17, 52)
  trajectory: 20000 frames of 714 atoms
  frame 2000 (step 100050): prod recompute 0.5s
    ref energy 1.3s
    ref check [z_scale x1.5] dE = -1.708e-08 kT  (n_k=42770)
    ref check [r_cut 4.5   ] dE = -4.281e-10 kT  (n_k=228068)
    ref check [eps 1e-12   ] dE = +2.276e-09 kT  (n_k=49313)
    wall force  prod=      0.7318  flip=      1.0526  ref=      1.0478  ideal=      1.0241  logged=0.7318419 kJ/(mol nm^3)
    FD atom   242 Na  |F_fd|=1.8206  err_as_coded=8.2977e-01  err_if_real_flipped=7.3470e-08
    FD atom   364 Na  |F_fd|=3.1289  err_as_coded=1.2878e-01  err_if_real_flipped=2.3499e-08
    FD atom   243 Na  |F_fd|=4.6662  err_as_coded=2.3939e+00  err_if_real_flipped=1.6702e-07
    FD atom   372 Na  |F_fd|=9.9982  err_as_coded=1.1666e+01  err_if_real_flipped=1.1839e-06
    FD atom   491 Cl  |F_fd|=4.8173  err_as_coded=1.4815e-01  err_if_real_flipped=4.0088e-08
    FD atom   494 Cl  |F_fd|=2.8649  err_as_coded=3.7307e+00  err_if_real_flipped=1.0294e-07
    Na_wall/large      n=  62 rms=   0.1558 kT  max=   0.4137  <|dacc|>=0.0407  f(>0.1)=0.145  rms(dE_ref)=   0.812
    Na_bulk/large      n=  70 rms=   0.1656 kT  max=   0.5018  <|dacc|>=0.0436  f(>0.1)=0.186  rms(dE_ref)=   0.551
    Cl/large           n=  72 rms=   0.1351 kT  max=   0.3716  <|dacc|>=0.0420  f(>0.1)=0.208  rms(dE_ref)=   0.486
    dipole/large       n=  54 rms=   0.1294 kT  max=   0.3502  <|dacc|>=0.0403  f(>0.1)=0.130  rms(dE_ref)=   0.723
    Na_wall/small      n= 144 rms=   0.0210 kT  max=   0.0579  <|dacc|>=0.0085  f(>0.1)=0.000  rms(dE_ref)=   0.109
    Na_bulk/small      n= 139 rms=   0.0212 kT  max=   0.0671  <|dacc|>=0.0066  f(>0.1)=0.000  rms(dE_ref)=   0.091
    Cl/small           n= 121 rms=   0.0258 kT  max=   0.0807  <|dacc|>=0.0109  f(>0.1)=0.000  rms(dE_ref)=   0.078
    dipole/small       n= 128 rms=   0.0340 kT  max=   0.1289  <|dacc|>=0.0133  f(>0.1)=0.008  rms(dE_ref)=   0.113
    moves 54.4s
  frame 3000 (step 150050): prod recompute 0.5s
    ref energy 1.3s
    wall force  prod=      0.6798  flip=      1.0725  ref=      1.0755  ideal=      1.0241  logged=0.679822 kJ/(mol nm^3)
    Na_wall/large      n=  65 rms=   0.1732 kT  max=   0.3975  <|dacc|>=0.0754  f(>0.1)=0.277  rms(dE_ref)=   0.694
    Na_bulk/large      n=  88 rms=   0.1425 kT  max=   0.5919  <|dacc|>=0.0380  f(>0.1)=0.136  rms(dE_ref)=   0.652
    Cl/large           n=  75 rms=   0.1178 kT  max=   0.4090  <|dacc|>=0.0319  f(>0.1)=0.040  rms(dE_ref)=   0.765
    dipole/large       n=  53 rms=   0.1326 kT  max=   0.2969  <|dacc|>=0.0344  f(>0.1)=0.113  rms(dE_ref)=   0.600
    Na_wall/small      n= 135 rms=   0.0243 kT  max=   0.0635  <|dacc|>=0.0088  f(>0.1)=0.000  rms(dE_ref)=   0.109
    Na_bulk/small      n= 139 rms=   0.0201 kT  max=   0.0663  <|dacc|>=0.0064  f(>0.1)=0.000  rms(dE_ref)=   0.087
    Cl/small           n= 142 rms=   0.0172 kT  max=   0.0503  <|dacc|>=0.0077  f(>0.1)=0.000  rms(dE_ref)=   0.076
    dipole/small       n= 131 rms=   0.0304 kT  max=   0.0852  <|dacc|>=0.0106  f(>0.1)=0.000  rms(dE_ref)=   0.134
    moves 58.0s
  frame 4000 (step 200050): prod recompute 0.5s
    ref energy 1.4s
    wall force  prod=      0.6914  flip=      1.0697  ref=      1.0730  ideal=      1.0241  logged=0.6914255 kJ/(mol nm^3)
    Na_wall/large      n=  70 rms=   0.1316 kT  max=   0.3651  <|dacc|>=0.0490  f(>0.1)=0.143  rms(dE_ref)=   0.704
    Na_bulk/large      n=  76 rms=   0.1422 kT  max=   0.4339  <|dacc|>=0.0322  f(>0.1)=0.066  rms(dE_ref)=   0.648
    Cl/large           n=  72 rms=   0.1455 kT  max=   0.4368  <|dacc|>=0.0439  f(>0.1)=0.194  rms(dE_ref)=   0.631
    dipole/large       n=  68 rms=   0.1273 kT  max=   0.3926  <|dacc|>=0.0378  f(>0.1)=0.103  rms(dE_ref)=   0.589
    Na_wall/small      n= 144 rms=   0.0232 kT  max=   0.0981  <|dacc|>=0.0068  f(>0.1)=0.000  rms(dE_ref)=   0.106
    Na_bulk/small      n= 138 rms=   0.0225 kT  max=   0.0701  <|dacc|>=0.0070  f(>0.1)=0.000  rms(dE_ref)=   0.088
    Cl/small           n= 139 rms=   0.0246 kT  max=   0.0916  <|dacc|>=0.0075  f(>0.1)=0.000  rms(dE_ref)=   0.088
    dipole/small       n= 128 rms=   0.0301 kT  max=   0.0990  <|dacc|>=0.0097  f(>0.1)=0.000  rms(dE_ref)=   0.099
    moves 58.9s
  -> /home/fluffymelon/AntiDLVO/ewald_audit/results/frames/results_prod_neutral__pz_27p6__sigma__ions_dipole_sigma_pz_27p6_H_3_sigma_-5_C_0.01_Cz_0.1_20260216_125815.json  (207s)
