task 2 -> results_prod_neutral/pz_17/sigma/ions_dipole_sigma_pz_17_H_3_sigma_-10_C_0.01_Cz_0.1_20260216_125433

==============================================================================
results_prod_neutral__pz_17__sigma__ions_dipole_sigma_pz_17_H_3_sigma_-10_C_0.01_Cz_0.1_20260216_125433
==============================================================================
Traceback (most recent call last):
  File "cupy/cuda/device.pyx", line 40, in cupy.cuda.device.get_device_id
  File "cupy_backends/cuda/api/runtime.pyx", line 202, in cupy_backends.cuda.api.runtime.getDevice
  File "cupy_backends/cuda/api/runtime.pyx", line 146, in cupy_backends.cuda.api.runtime.check_status
cupy_backends.cuda.api.runtime.CUDARuntimeError: cudaErrorNoDevice: no CUDA-capable device is detected
Exception ignored in: 'cupy.cuda.memory.MemoryPool.used_bytes'
Traceback (most recent call last):
  File "cupy/cuda/device.pyx", line 40, in cupy.cuda.device.get_device_id
  File "cupy_backends/cuda/api/runtime.pyx", line 202, in cupy_backends.cuda.api.runtime.getDevice
  File "cupy_backends/cuda/api/runtime.pyx", line 146, in cupy_backends.cuda.api.runtime.check_status
cupy_backends.cuda.api.runtime.CUDARuntimeError: cudaErrorNoDevice: no CUDA-capable device is detected
Traceback (most recent call last):
  File "cupy/cuda/device.pyx", line 40, in cupy.cuda.device.get_device_id
  File "cupy_backends/cuda/api/runtime.pyx", line 202, in cupy_backends.cuda.api.runtime.getDevice
  File "cupy_backends/cuda/api/runtime.pyx", line 146, in cupy_backends.cuda.api.runtime.check_status
cupy_backends.cuda.api.runtime.CUDARuntimeError: cudaErrorNoDevice: no CUDA-capable device is detected
Exception ignored in: 'cupy.cuda.memory.MemoryPool.total_bytes'
Traceback (most recent call last):
  File "cupy/cuda/device.pyx", line 40, in cupy.cuda.device.get_device_id
  File "cupy_backends/cuda/api/runtime.pyx", line 202, in cupy_backends.cuda.api.runtime.getDevice
  File "cupy_backends/cuda/api/runtime.pyx", line 146, in cupy_backends.cuda.api.runtime.check_status
cupy_backends.cuda.api.runtime.CUDARuntimeError: cudaErrorNoDevice: no CUDA-capable device is detected
Traceback (most recent call last):
  File "cupy/cuda/device.pyx", line 40, in cupy.cuda.device.get_device_id
  File "cupy_backends/cuda/api/runtime.pyx", line 202, in cupy_backends.cuda.api.runtime.getDevice
  File "cupy_backends/cuda/api/runtime.pyx", line 146, in cupy_backends.cuda.api.runtime.check_status
cupy_backends.cuda.api.runtime.CUDARuntimeError: cudaErrorNoDevice: no CUDA-capable device is detected
Exception ignored in: 'cupy.cuda.memory.MemoryPool.used_bytes'
Traceback (most recent call last):
  File "cupy/cuda/device.pyx", line 40, in cupy.cuda.device.get_device_id
  File "cupy_backends/cuda/api/runtime.pyx", line 202, in cupy_backends.cuda.api.runtime.getDevice
  File "cupy_backends/cuda/api/runtime.pyx", line 146, in cupy_backends.cuda.api.runtime.check_status
cupy_backends.cuda.api.runtime.CUDARuntimeError: cudaErrorNoDevice: no CUDA-capable device is detected
Traceback (most recent call last):
  File "cupy/cuda/device.pyx", line 40, in cupy.cuda.device.get_device_id
  File "cupy_backends/cuda/api/runtime.pyx", line 202, in cupy_backends.cuda.api.runtime.getDevice
  File "cupy_backends/cuda/api/runtime.pyx", line 146, in cupy_backends.cuda.api.runtime.check_status
cupy_backends.cuda.api.runtime.CUDARuntimeError: cudaErrorNoDevice: no CUDA-capable device is detected
Exception ignored in: 'cupy.cuda.memory.MemoryPool.total_bytes'
Traceback (most recent call last):
  File "cupy/cuda/device.pyx", line 40, in cupy.cuda.device.get_device_id
  File "cupy_backends/cuda/api/runtime.pyx", line 202, in cupy_backends.cuda.api.runtime.getDevice
  File "cupy_backends/cuda/api/runtime.pyx", line 146, in cupy_backends.cuda.api.runtime.check_status
cupy_backends.cuda.api.runtime.CUDARuntimeError: cudaErrorNoDevice: no CUDA-capable device is detected
[GPU_MEMORY] ensure_capacity START (capacity=2048): used=0.00 MB, total_allocated=0.00 MB
[GPU_MEMORY] ensure_capacity INIT (Sc shape=(3374, 2048), Ss shape=(3374, 2048)): used=0.00 MB, total_allocated=0.00 MB

====== TOPOLOGY CONFIGURATION SUMMARY ======

Registered Types:
  0: Na (mass=39.0983, charge=1.0)
  1: Cl (mass=35.453, charge=-1.0)
  2: Ip (mass=18.01528, charge=1.0)
  3: Im (mass=18.01528, charge=-1.0)
  4: G (mass=0.0, charge=0.0)
  5: Wb (mass=1.0, charge=-1.0)
  6: Wt (mass=1.0, charge=-1.0)

Pair Interactions:
  Na(0) - Na(0): HardSphere, EwaldReal
  Cl(1) - Cl(1): HardSphere, EwaldReal
  Na(0) - Cl(1): HardSphere, EwaldReal
  Na(0) - Ip(2): HardSphere, EwaldReal
  Na(0) - Im(3): HardSphere, EwaldReal
  Cl(1) - Ip(2): HardSphere, EwaldReal
  Cl(1) - Im(3): HardSphere, EwaldReal
  Na(0) - G(4): HardSphere
  Cl(1) - G(4): HardSphere
  Ip(2) - Ip(2): HardSphere, EwaldReal
  Im(3) - Im(3): HardSphere, EwaldReal
  Ip(2) - Im(3): HardSphere, EwaldReal
  Ip(2) - G(4): HardSphere
  Im(3) - G(4): HardSphere
  G(4) - G(4): HardSphere
  Na(0) - Wb(5): EwaldReal
  Cl(1) - Wb(5): EwaldReal
  Ip(2) - Wb(5): EwaldReal
  Im(3) - Wb(5): EwaldReal
  Na(0) - Wt(6): EwaldReal
  Cl(1) - Wt(6): EwaldReal
  Ip(2) - Wt(6): EwaldReal
  Im(3) - Wt(6): EwaldReal
  Wb(5) - Wb(5): EwaldReal
  Wt(6) - Wt(6): EwaldReal
  Wb(5) - Wt(6): EwaldReal
pair_interactions_counter: 26
Warning: 26 pair interactions found, expected 28
Warning: Missing pair interactions for: G-Wb, G-Wt

One-Body Forces:
  Na(0): HardWall, HardWall
  Cl(1): HardWall, HardWall
  Ip(2): HardWall, HardWall
  Im(3): HardWall, HardWall
  G(4): HardWall, HardWall

==========================================
Processing spec 1/3
Count:   0%|          | 0/519 [00:00<?, ?it/s]Count: 100%|██████████| 519/519 [00:00<00:00, 5146.90it/s]Count: 100%|██████████| 519/519 [00:00<00:00, 5140.27it/s]
Processing spec 2/3
Count:   0%|          | 0/7 [00:00<?, ?it/s]Count: 100%|██████████| 7/7 [00:00<00:00, 3281.19it/s]
Processing spec 3/3
Count:   0%|          | 0/72 [00:00<?, ?it/s]Count:  62%|██████▎   | 45/72 [00:00<00:00, 405.32it/s]Count: 100%|██████████| 72/72 [00:00<00:00, 339.18it/s]
min_dist: 0.7661408874739992
  N_atoms=1254  box=(20.0,20.0,3.0)  eps=78.0  T=298.0
  reference: z_scale=21.00 r_cut=9.0 alpha=0.2843 k_max=5.117 n_k=28485 grid=(17, 17, 52)
  trajectory: 20000 frames of 1254 atoms
  frame 2000 (step 100050): prod recompute 0.9s
    ref energy 2.2s
    ref check [z_scale x1.5] dE = -4.129e-09 kT  (n_k=42770)
    ref check [r_cut 4.5   ] dE = -5.289e-09 kT  (n_k=228068)
    ref check [eps 1e-12   ] dE = +3.125e-09 kT  (n_k=49313)
    wall force  prod=      2.8089  flip=      4.7434  ref=      4.7333  ideal=      4.5841  logged=2.80894 kJ/(mol nm^3)
    FD atom   512 Na  |F_fd|=4.2999  err_as_coded=2.0120e+00  err_if_real_flipped=1.0413e+00
    FD atom   775 Na  |F_fd|=2.8618  err_as_coded=3.6728e-01  err_if_real_flipped=5.2021e-08
    FD atom   515 Na  |F_fd|=7.0787  err_as_coded=3.6707e+00  err_if_real_flipped=2.2530e-07
    FD atom   770 Na  |F_fd|=4.9067  err_as_coded=2.2637e+00  err_if_real_flipped=1.4892e-07
    FD atom  1031 Cl  |F_fd|=3.6578  err_as_coded=1.1067e+00  err_if_real_flipped=1.2871e-07
    FD atom  1034 Cl  |F_fd|=4.7950  err_as_coded=9.7607e-01  err_if_real_flipped=5.8123e-08
    Na_wall/large      n=  49 rms=   0.1493 kT  max=   0.4515  <|dacc|>=0.0387  f(>0.1)=0.102  rms(dE_ref)=   1.154
    Na_bulk/large      n=  58 rms=   0.1302 kT  max=   0.3272  <|dacc|>=0.0241  f(>0.1)=0.017  rms(dE_ref)=   1.227
    Cl/large           n=  65 rms=   0.1635 kT  max=   0.3640  <|dacc|>=0.0414  f(>0.1)=0.138  rms(dE_ref)=   0.987
    dipole/large       n=  40 rms=   0.0859 kT  max=   0.2166  <|dacc|>=0.0278  f(>0.1)=0.050  rms(dE_ref)=   0.447
    Na_wall/small      n= 124 rms=   0.0213 kT  max=   0.0568  <|dacc|>=0.0082  f(>0.1)=0.000  rms(dE_ref)=   0.184
    Na_bulk/small      n= 131 rms=   0.0240 kT  max=   0.0845  <|dacc|>=0.0104  f(>0.1)=0.000  rms(dE_ref)=   0.164
    Cl/small           n= 133 rms=   0.0268 kT  max=   0.0825  <|dacc|>=0.0104  f(>0.1)=0.000  rms(dE_ref)=   0.117
    dipole/small       n= 126 rms=   0.0249 kT  max=   0.0740  <|dacc|>=0.0086  f(>0.1)=0.000  rms(dE_ref)=   0.114
    moves 90.5s
  frame 3000 (step 150050): prod recompute 0.9s
    ref energy 2.3s
    wall force  prod=      2.8286  flip=      4.7426  ref=      4.7333  ideal=      4.5841  logged=2.828579 kJ/(mol nm^3)
    Na_wall/large      n=  61 rms=   0.1371 kT  max=   0.4640  <|dacc|>=0.0398  f(>0.1)=0.082  rms(dE_ref)=   1.279
    Na_bulk/large      n=  65 rms=   0.1162 kT  max=   0.3183  <|dacc|>=0.0210  f(>0.1)=0.000  rms(dE_ref)=   1.157
    Cl/large           n=  52 rms=   0.1375 kT  max=   0.3024  <|dacc|>=0.0274  f(>0.1)=0.058  rms(dE_ref)=   0.924
    dipole/large       n=  44 rms=   0.0971 kT  max=   0.2473  <|dacc|>=0.0376  f(>0.1)=0.114  rms(dE_ref)=   0.620
    Na_wall/small      n= 122 rms=   0.0208 kT  max=   0.0612  <|dacc|>=0.0090  f(>0.1)=0.000  rms(dE_ref)=   0.191
    Na_bulk/small      n= 136 rms=   0.0203 kT  max=   0.0622  <|dacc|>=0.0063  f(>0.1)=0.000  rms(dE_ref)=   0.167
    Cl/small           n= 119 rms=   0.0238 kT  max=   0.0752  <|dacc|>=0.0075  f(>0.1)=0.000  rms(dE_ref)=   0.111
    dipole/small       n= 128 rms=   0.0216 kT  max=   0.0574  <|dacc|>=0.0082  f(>0.1)=0.000  rms(dE_ref)=   0.077
    moves 88.1s
  frame 4000 (step 200050): prod recompute 0.9s
    ref energy 2.3s
    wall force  prod=      2.7856  flip=      4.6581  ref=      4.6510  ideal=      4.5841  logged=2.785639 kJ/(mol nm^3)
    Na_wall/large      n=  47 rms=   0.1566 kT  max=   0.4348  <|dacc|>=0.0460  f(>0.1)=0.128  rms(dE_ref)=   1.071
    Na_bulk/large      n=  53 rms=   0.1293 kT  max=   0.3621  <|dacc|>=0.0390  f(>0.1)=0.132  rms(dE_ref)=   1.146
    Cl/large           n=  59 rms=   0.1477 kT  max=   0.3928  <|dacc|>=0.0439  f(>0.1)=0.119  rms(dE_ref)=   1.124
    dipole/large       n=  43 rms=   0.1034 kT  max=   0.2615  <|dacc|>=0.0363  f(>0.1)=0.093  rms(dE_ref)=   0.428
    Na_wall/small      n= 125 rms=   0.0240 kT  max=   0.0902  <|dacc|>=0.0087  f(>0.1)=0.000  rms(dE_ref)=   0.195
    Na_bulk/small      n= 138 rms=   0.0197 kT  max=   0.0568  <|dacc|>=0.0077  f(>0.1)=0.000  rms(dE_ref)=   0.167
    Cl/small           n= 121 rms=   0.0287 kT  max=   0.1118  <|dacc|>=0.0089  f(>0.1)=0.000  rms(dE_ref)=   0.111
    dipole/small       n= 124 rms=   0.0205 kT  max=   0.0561  <|dacc|>=0.0093  f(>0.1)=0.000  rms(dE_ref)=   0.103
    moves 84.9s
  -> /home/fluffymelon/AntiDLVO/ewald_audit/results/frames/results_prod_neutral__pz_17__sigma__ions_dipole_sigma_pz_17_H_3_sigma_-10_C_0.01_Cz_0.1_20260216_125433.json  (346s)
