task 4 -> results_prod_neutral/pz_17/sigma/ions_dipole_sigma_pz_17_H_3_sigma_0_C_0.01_Cz_0.1_20260216_163305

==============================================================================
results_prod_neutral__pz_17__sigma__ions_dipole_sigma_pz_17_H_3_sigma_0_C_0.01_Cz_0.1_20260216_163305
==============================================================================
Traceback (most recent call last):
  File "cupy/cuda/device.pyx", line 40, in cupy.cuda.device.get_device_id
  File "cupy_backends/cuda/api/runtime.pyx", line 202, in cupy_backends.cuda.api.runtime.getDevice
  File "cupy_backends/cuda/api/runtime.pyx", line 146, in cupy_backends.cuda.api.runtime.check_status
cupy_backends.cuda.api.runtime.CUDARuntimeError: cudaErrorNoDevice: no CUDA-capable device is detected
Exception ignored in: 'cupy.cuda.memory.MemoryPool.used_bytes'
Traceback (most recent call last):
  File "cupy/cuda/device.pyx", line 40, in cupy.cuda.device.get_device_id
  File "cupy_backends/cuda/api/runtime.pyx", line 202, in cupy_backends.cuda.api.runtime.getDevice
  File "cupy_backends/cuda/api/runtime.pyx", line 146, in cupy_backends.cuda.api.runtime.check_status
cupy_backends.cuda.api.runtime.CUDARuntimeError: cudaErrorNoDevice: no CUDA-capable device is detected
Traceback (most recent call last):
  File "cupy/cuda/device.pyx", line 40, in cupy.cuda.device.get_device_id
  File "cupy_backends/cuda/api/runtime.pyx", line 202, in cupy_backends.cuda.api.runtime.getDevice
  File "cupy_backends/cuda/api/runtime.pyx", line 146, in cupy_backends.cuda.api.runtime.check_status
cupy_backends.cuda.api.runtime.CUDARuntimeError: cudaErrorNoDevice: no CUDA-capable device is detected
Exception ignored in: 'cupy.cuda.memory.MemoryPool.total_bytes'
Traceback (most recent call last):
  File "cupy/cuda/device.pyx", line 40, in cupy.cuda.device.get_device_id
  File "cupy_backends/cuda/api/runtime.pyx", line 202, in cupy_backends.cuda.api.runtime.getDevice
  File "cupy_backends/cuda/api/runtime.pyx", line 146, in cupy_backends.cuda.api.runtime.check_status
cupy_backends.cuda.api.runtime.CUDARuntimeError: cudaErrorNoDevice: no CUDA-capable device is detected
Traceback (most recent call last):
  File "cupy/cuda/device.pyx", line 40, in cupy.cuda.device.get_device_id
  File "cupy_backends/cuda/api/runtime.pyx", line 202, in cupy_backends.cuda.api.runtime.getDevice
  File "cupy_backends/cuda/api/runtime.pyx", line 146, in cupy_backends.cuda.api.runtime.check_status
cupy_backends.cuda.api.runtime.CUDARuntimeError: cudaErrorNoDevice: no CUDA-capable device is detected
Exception ignored in: 'cupy.cuda.memory.MemoryPool.used_bytes'
Traceback (most recent call last):
  File "cupy/cuda/device.pyx", line 40, in cupy.cuda.device.get_device_id
  File "cupy_backends/cuda/api/runtime.pyx", line 202, in cupy_backends.cuda.api.runtime.getDevice
  File "cupy_backends/cuda/api/runtime.pyx", line 146, in cupy_backends.cuda.api.runtime.check_status
cupy_backends.cuda.api.runtime.CUDARuntimeError: cudaErrorNoDevice: no CUDA-capable device is detected
Traceback (most recent call last):
  File "cupy/cuda/device.pyx", line 40, in cupy.cuda.device.get_device_id
  File "cupy_backends/cuda/api/runtime.pyx", line 202, in cupy_backends.cuda.api.runtime.getDevice
  File "cupy_backends/cuda/api/runtime.pyx", line 146, in cupy_backends.cuda.api.runtime.check_status
cupy_backends.cuda.api.runtime.CUDARuntimeError: cudaErrorNoDevice: no CUDA-capable device is detected
Exception ignored in: 'cupy.cuda.memory.MemoryPool.total_bytes'
Traceback (most recent call last):
  File "cupy/cuda/device.pyx", line 40, in cupy.cuda.device.get_device_id
  File "cupy_backends/cuda/api/runtime.pyx", line 202, in cupy_backends.cuda.api.runtime.getDevice
  File "cupy_backends/cuda/api/runtime.pyx", line 146, in cupy_backends.cuda.api.runtime.check_status
cupy_backends.cuda.api.runtime.CUDARuntimeError: cudaErrorNoDevice: no CUDA-capable device is detected
[GPU_MEMORY] ensure_capacity START (capacity=2048): used=0.00 MB, total_allocated=0.00 MB
[GPU_MEMORY] ensure_capacity INIT (Sc shape=(3374, 2048), Ss shape=(3374, 2048)): used=0.00 MB, total_allocated=0.00 MB

====== TOPOLOGY CONFIGURATION SUMMARY ======

Registered Types:
  0: Na (mass=39.0983, charge=1.0)
  1: Cl (mass=35.453, charge=-1.0)
  2: Ip (mass=18.01528, charge=1.0)
  3: Im (mass=18.01528, charge=-1.0)
  4: G (mass=0.0, charge=0.0)
  5: Wb (mass=1.0, charge=-1.0)
  6: Wt (mass=1.0, charge=-1.0)

Pair Interactions:
  Na(0) - Na(0): HardSphere, EwaldReal
  Cl(1) - Cl(1): HardSphere, EwaldReal
  Na(0) - Cl(1): HardSphere, EwaldReal
  Na(0) - Ip(2): HardSphere, EwaldReal
  Na(0) - Im(3): HardSphere, EwaldReal
  Cl(1) - Ip(2): HardSphere, EwaldReal
  Cl(1) - Im(3): HardSphere, EwaldReal
  Na(0) - G(4): HardSphere
  Cl(1) - G(4): HardSphere
  Ip(2) - Ip(2): HardSphere, EwaldReal
  Im(3) - Im(3): HardSphere, EwaldReal
  Ip(2) - Im(3): HardSphere, EwaldReal
  Ip(2) - G(4): HardSphere
  Im(3) - G(4): HardSphere
  G(4) - G(4): HardSphere
  Na(0) - Wb(5): EwaldReal
  Cl(1) - Wb(5): EwaldReal
  Ip(2) - Wb(5): EwaldReal
  Im(3) - Wb(5): EwaldReal
  Na(0) - Wt(6): EwaldReal
  Cl(1) - Wt(6): EwaldReal
  Ip(2) - Wt(6): EwaldReal
  Im(3) - Wt(6): EwaldReal
  Wb(5) - Wb(5): EwaldReal
  Wt(6) - Wt(6): EwaldReal
  Wb(5) - Wt(6): EwaldReal
pair_interactions_counter: 26
Warning: 26 pair interactions found, expected 28
Warning: Missing pair interactions for: G-Wb, G-Wt

One-Body Forces:
  Na(0): HardWall, HardWall
  Cl(1): HardWall, HardWall
  Ip(2): HardWall, HardWall
  Im(3): HardWall, HardWall
  G(4): HardWall, HardWall

==========================================
Processing spec 1/3
Count:   0%|          | 0/7 [00:00<?, ?it/s]Count: 100%|██████████| 7/7 [00:00<00:00, 8515.12it/s]
Processing spec 2/3
Count:   0%|          | 0/7 [00:00<?, ?it/s]Count: 100%|██████████| 7/7 [00:00<00:00, 9664.29it/s]
Processing spec 3/3
Count:   0%|          | 0/72 [00:00<?, ?it/s]Count: 100%|██████████| 72/72 [00:00<00:00, 4649.00it/s]
min_dist: 0.8247315056342331
  N_atoms=230  box=(20.0,20.0,3.0)  eps=78.0  T=298.0
  reference: z_scale=21.00 r_cut=9.0 alpha=0.2843 k_max=5.117 n_k=28485 grid=(17, 17, 52)
  trajectory: 20000 frames of 230 atoms
  frame 2000 (step 100050): prod recompute 0.1s
    ref energy 0.4s
    ref check [z_scale x1.5] dE = -3.017e-09 kT  (n_k=42770)
    ref check [r_cut 4.5   ] dE = -6.903e-10 kT  (n_k=228068)
    ref check [eps 1e-12   ] dE = +2.145e-10 kT  (n_k=49313)
    wall force  prod=      0.0000  flip=      0.0000  ref=      0.0000  ideal=      0.0000  logged=0.0 kJ/(mol nm^3)
    FD atom     0 Na  |F_fd|=1.2993  err_as_coded=2.1813e+00  err_if_real_flipped=1.9818e-07
    FD atom     3 Na  |F_fd|=0.7538  err_as_coded=4.1155e-02  err_if_real_flipped=1.1765e-08
    FD atom     6 Na  |F_fd|=0.8302  err_as_coded=7.7066e-01  err_if_real_flipped=5.1159e-08
    FD atom     6 Na  |F_fd|=0.8302  err_as_coded=7.7066e-01  err_if_real_flipped=5.1159e-08
    FD atom     7 Cl  |F_fd|=1.6611  err_as_coded=8.6912e-01  err_if_real_flipped=2.0571e-08
    FD atom    10 Cl  |F_fd|=0.2641  err_as_coded=4.6729e-09  err_if_real_flipped=4.6729e-09
    Na_wall/large      n=  68 rms=   0.0512 kT  max=   0.1412  <|dacc|>=0.0075  f(>0.1)=0.000  rms(dE_ref)=   0.123
    Na_bulk/large      n= 112 rms=   0.0466 kT  max=   0.1338  <|dacc|>=0.0240  f(>0.1)=0.027  rms(dE_ref)=   0.152
    Cl/large           n= 105 rms=   0.0381 kT  max=   0.1087  <|dacc|>=0.0118  f(>0.1)=0.000  rms(dE_ref)=   0.128
    dipole/large       n=  97 rms=   0.0315 kT  max=   0.0821  <|dacc|>=0.0126  f(>0.1)=0.000  rms(dE_ref)=   0.100
    Na_wall/small      n= 150 rms=   0.0057 kT  max=   0.0140  <|dacc|>=0.0022  f(>0.1)=0.000  rms(dE_ref)=   0.024
    Na_bulk/small      n= 128 rms=   0.0058 kT  max=   0.0275  <|dacc|>=0.0026  f(>0.1)=0.000  rms(dE_ref)=   0.024
    Cl/small           n= 150 rms=   0.0083 kT  max=   0.0365  <|dacc|>=0.0029  f(>0.1)=0.000  rms(dE_ref)=   0.021
    dipole/small       n= 144 rms=   0.0069 kT  max=   0.0245  <|dacc|>=0.0028  f(>0.1)=0.000  rms(dE_ref)=   0.016
    moves 26.8s
  frame 3000 (step 150050): prod recompute 0.1s
    ref energy 0.4s
    wall force  prod=      0.0000  flip=      0.0000  ref=      0.0000  ideal=      0.0000  logged=0.0 kJ/(mol nm^3)
    Na_wall/large      n=  91 rms=   0.0486 kT  max=   0.1050  <|dacc|>=0.0253  f(>0.1)=0.000  rms(dE_ref)=   0.198
    Na_bulk/large      n= 104 rms=   0.0641 kT  max=   0.1269  <|dacc|>=0.0103  f(>0.1)=0.000  rms(dE_ref)=   0.129
    Cl/large           n= 121 rms=   0.0483 kT  max=   0.1253  <|dacc|>=0.0194  f(>0.1)=0.000  rms(dE_ref)=   0.116
    dipole/large       n= 113 rms=   0.0300 kT  max=   0.0859  <|dacc|>=0.0129  f(>0.1)=0.000  rms(dE_ref)=   0.084
    Na_wall/small      n= 141 rms=   0.0094 kT  max=   0.0321  <|dacc|>=0.0033  f(>0.1)=0.000  rms(dE_ref)=   0.020
    Na_bulk/small      n= 123 rms=   0.0070 kT  max=   0.0221  <|dacc|>=0.0019  f(>0.1)=0.000  rms(dE_ref)=   0.023
    Cl/small           n= 150 rms=   0.0088 kT  max=   0.0221  <|dacc|>=0.0030  f(>0.1)=0.000  rms(dE_ref)=   0.013
    dipole/small       n= 143 rms=   0.0057 kT  max=   0.0231  <|dacc|>=0.0022  f(>0.1)=0.000  rms(dE_ref)=   0.015
    moves 28.4s
  frame 4000 (step 200050): prod recompute 0.1s
    ref energy 0.4s
    wall force  prod=      0.0000  flip=      0.0000  ref=      0.0000  ideal=      0.0000  logged=0.0 kJ/(mol nm^3)
    Na_wall/large      n= 100 rms=   0.0245 kT  max=   0.0649  <|dacc|>=0.0091  f(>0.1)=0.000  rms(dE_ref)=   0.143
    Na_bulk/large      n= 138 rms=   0.0528 kT  max=   0.1394  <|dacc|>=0.0182  f(>0.1)=0.014  rms(dE_ref)=   0.150
    Cl/large           n= 105 rms=   0.0341 kT  max=   0.0888  <|dacc|>=0.0122  f(>0.1)=0.000  rms(dE_ref)=   0.091
    dipole/large       n= 102 rms=   0.0342 kT  max=   0.1004  <|dacc|>=0.0149  f(>0.1)=0.000  rms(dE_ref)=   0.087
    Na_wall/small      n= 150 rms=   0.0012 kT  max=   0.0033  <|dacc|>=0.0004  f(>0.1)=0.000  rms(dE_ref)=   0.013
    Na_bulk/small      n= 150 rms=   0.0066 kT  max=   0.0193  <|dacc|>=0.0029  f(>0.1)=0.000  rms(dE_ref)=   0.021
    Cl/small           n= 145 rms=   0.0049 kT  max=   0.0140  <|dacc|>=0.0020  f(>0.1)=0.000  rms(dE_ref)=   0.011
    dipole/small       n= 145 rms=   0.0064 kT  max=   0.0264  <|dacc|>=0.0021  f(>0.1)=0.000  rms(dE_ref)=   0.014
    moves 31.4s
  -> /home/fluffymelon/AntiDLVO/ewald_audit/results/frames/results_prod_neutral__pz_17__sigma__ions_dipole_sigma_pz_17_H_3_sigma_0_C_0.01_Cz_0.1_20260216_163305.json  (100s)
