task 17 -> results_prod_neutral/pz_27p6/H/ions_dipole_H_pz_27p6_H_7_sigma_-20_C_0.01_Cz_0.1_20260216_125816

==============================================================================
results_prod_neutral__pz_27p6__H__ions_dipole_H_pz_27p6_H_7_sigma_-20_C_0.01_Cz_0.1_20260216_125816
==============================================================================
Traceback (most recent call last):
  File "cupy/cuda/device.pyx", line 40, in cupy.cuda.device.get_device_id
  File "cupy_backends/cuda/api/runtime.pyx", line 202, in cupy_backends.cuda.api.runtime.getDevice
  File "cupy_backends/cuda/api/runtime.pyx", line 146, in cupy_backends.cuda.api.runtime.check_status
cupy_backends.cuda.api.runtime.CUDARuntimeError: cudaErrorNoDevice: no CUDA-capable device is detected
Exception ignored in: 'cupy.cuda.memory.MemoryPool.used_bytes'
Traceback (most recent call last):
  File "cupy/cuda/device.pyx", line 40, in cupy.cuda.device.get_device_id
  File "cupy_backends/cuda/api/runtime.pyx", line 202, in cupy_backends.cuda.api.runtime.getDevice
  File "cupy_backends/cuda/api/runtime.pyx", line 146, in cupy_backends.cuda.api.runtime.check_status
cupy_backends.cuda.api.runtime.CUDARuntimeError: cudaErrorNoDevice: no CUDA-capable device is detected
Traceback (most recent call last):
  File "cupy/cuda/device.pyx", line 40, in cupy.cuda.device.get_device_id
  File "cupy_backends/cuda/api/runtime.pyx", line 202, in cupy_backends.cuda.api.runtime.getDevice
  File "cupy_backends/cuda/api/runtime.pyx", line 146, in cupy_backends.cuda.api.runtime.check_status
cupy_backends.cuda.api.runtime.CUDARuntimeError: cudaErrorNoDevice: no CUDA-capable device is detected
Exception ignored in: 'cupy.cuda.memory.MemoryPool.total_bytes'
Traceback (most recent call last):
  File "cupy/cuda/device.pyx", line 40, in cupy.cuda.device.get_device_id
  File "cupy_backends/cuda/api/runtime.pyx", line 202, in cupy_backends.cuda.api.runtime.getDevice
  File "cupy_backends/cuda/api/runtime.pyx", line 146, in cupy_backends.cuda.api.runtime.check_status
cupy_backends.cuda.api.runtime.CUDARuntimeError: cudaErrorNoDevice: no CUDA-capable device is detected
Traceback (most recent call last):
  File "cupy/cuda/device.pyx", line 40, in cupy.cuda.device.get_device_id
  File "cupy_backends/cuda/api/runtime.pyx", line 202, in cupy_backends.cuda.api.runtime.getDevice
  File "cupy_backends/cuda/api/runtime.pyx", line 146, in cupy_backends.cuda.api.runtime.check_status
cupy_backends.cuda.api.runtime.CUDARuntimeError: cudaErrorNoDevice: no CUDA-capable device is detected
Exception ignored in: 'cupy.cuda.memory.MemoryPool.used_bytes'
Traceback (most recent call last):
  File "cupy/cuda/device.pyx", line 40, in cupy.cuda.device.get_device_id
  File "cupy_backends/cuda/api/runtime.pyx", line 202, in cupy_backends.cuda.api.runtime.getDevice
  File "cupy_backends/cuda/api/runtime.pyx", line 146, in cupy_backends.cuda.api.runtime.check_status
cupy_backends.cuda.api.runtime.CUDARuntimeError: cudaErrorNoDevice: no CUDA-capable device is detected
Traceback (most recent call last):
  File "cupy/cuda/device.pyx", line 40, in cupy.cuda.device.get_device_id
  File "cupy_backends/cuda/api/runtime.pyx", line 202, in cupy_backends.cuda.api.runtime.getDevice
  File "cupy_backends/cuda/api/runtime.pyx", line 146, in cupy_backends.cuda.api.runtime.check_status
cupy_backends.cuda.api.runtime.CUDARuntimeError: cudaErrorNoDevice: no CUDA-capable device is detected
Exception ignored in: 'cupy.cuda.memory.MemoryPool.total_bytes'
Traceback (most recent call last):
  File "cupy/cuda/device.pyx", line 40, in cupy.cuda.device.get_device_id
  File "cupy_backends/cuda/api/runtime.pyx", line 202, in cupy_backends.cuda.api.runtime.getDevice
  File "cupy_backends/cuda/api/runtime.pyx", line 146, in cupy_backends.cuda.api.runtime.check_status
cupy_backends.cuda.api.runtime.CUDARuntimeError: cudaErrorNoDevice: no CUDA-capable device is detected
[GPU_MEMORY] ensure_capacity START (capacity=2048): used=0.00 MB, total_allocated=0.00 MB
[GPU_MEMORY] ensure_capacity INIT (Sc shape=(3374, 2048), Ss shape=(3374, 2048)): used=0.00 MB, total_allocated=0.00 MB

====== TOPOLOGY CONFIGURATION SUMMARY ======

Registered Types:
  0: Na (mass=39.0983, charge=1.0)
  1: Cl (mass=35.453, charge=-1.0)
  2: Ip (mass=18.01528, charge=1.0)
  3: Im (mass=18.01528, charge=-1.0)
  4: G (mass=0.0, charge=0.0)
  5: Wb (mass=1.0, charge=-1.0)
  6: Wt (mass=1.0, charge=-1.0)

Pair Interactions:
  Na(0) - Na(0): HardSphere, EwaldReal
  Cl(1) - Cl(1): HardSphere, EwaldReal
  Na(0) - Cl(1): HardSphere, EwaldReal
  Na(0) - Ip(2): HardSphere, EwaldReal
  Na(0) - Im(3): HardSphere, EwaldReal
  Cl(1) - Ip(2): HardSphere, EwaldReal
  Cl(1) - Im(3): HardSphere, EwaldReal
  Na(0) - G(4): HardSphere
  Cl(1) - G(4): HardSphere
  Ip(2) - Ip(2): HardSphere, EwaldReal
  Im(3) - Im(3): HardSphere, EwaldReal
  Ip(2) - Im(3): HardSphere, EwaldReal
  Ip(2) - G(4): HardSphere
  Im(3) - G(4): HardSphere
  G(4) - G(4): HardSphere
  Na(0) - Wb(5): EwaldReal
  Cl(1) - Wb(5): EwaldReal
  Ip(2) - Wb(5): EwaldReal
  Im(3) - Wb(5): EwaldReal
  Na(0) - Wt(6): EwaldReal
  Cl(1) - Wt(6): EwaldReal
  Ip(2) - Wt(6): EwaldReal
  Im(3) - Wt(6): EwaldReal
  Wb(5) - Wb(5): EwaldReal
  Wt(6) - Wt(6): EwaldReal
  Wb(5) - Wt(6): EwaldReal
pair_interactions_counter: 26
Warning: 26 pair interactions found, expected 28
Warning: Missing pair interactions for: G-Wb, G-Wt

One-Body Forces:
  Na(0): HardWall, HardWall
  Cl(1): HardWall, HardWall
  Ip(2): HardWall, HardWall
  Im(3): HardWall, HardWall
  G(4): HardWall, HardWall

==========================================
Processing spec 1/3
Count:   0%|          | 0/984 [00:00<?, ?it/s]Count:  73%|███████▎  | 717/984 [00:00<00:00, 7167.73it/s]Count: 100%|██████████| 984/984 [00:00<00:00, 5491.23it/s]
Processing spec 2/3
Count:   0%|          | 0/16 [00:00<?, ?it/s]Count: 100%|██████████| 16/16 [00:00<00:00, 2680.92it/s]
Processing spec 3/3
Count:   0%|          | 0/168 [00:00<?, ?it/s]Traceback (most recent call last):
  File "cupy/cuda/device.pyx", line 40, in cupy.cuda.device.get_device_id
  File "cupy_backends/cuda/api/runtime.pyx", line 202, in cupy_backends.cuda.api.runtime.getDevice
  File "cupy_backends/cuda/api/runtime.pyx", line 146, in cupy_backends.cuda.api.runtime.check_status
cupy_backends.cuda.api.runtime.CUDARuntimeError: cudaErrorNoDevice: no CUDA-capable device is detected
Exception ignored in: 'cupy.cuda.memory.MemoryPool.used_bytes'
Traceback (most recent call last):
  File "cupy/cuda/device.pyx", line 40, in cupy.cuda.device.get_device_id
  File "cupy_backends/cuda/api/runtime.pyx", line 202, in cupy_backends.cuda.api.runtime.getDevice
  File "cupy_backends/cuda/api/runtime.pyx", line 146, in cupy_backends.cuda.api.runtime.check_status
cupy_backends.cuda.api.runtime.CUDARuntimeError: cudaErrorNoDevice: no CUDA-capable device is detected
Traceback (most recent call last):
  File "cupy/cuda/device.pyx", line 40, in cupy.cuda.device.get_device_id
  File "cupy_backends/cuda/api/runtime.pyx", line 202, in cupy_backends.cuda.api.runtime.getDevice
  File "cupy_backends/cuda/api/runtime.pyx", line 146, in cupy_backends.cuda.api.runtime.check_status
cupy_backends.cuda.api.runtime.CUDARuntimeError: cudaErrorNoDevice: no CUDA-capable device is detected
Exception ignored in: 'cupy.cuda.memory.MemoryPool.total_bytes'
Traceback (most recent call last):
  File "cupy/cuda/device.pyx", line 40, in cupy.cuda.device.get_device_id
  File "cupy_backends/cuda/api/runtime.pyx", line 202, in cupy_backends.cuda.api.runtime.getDevice
  File "cupy_backends/cuda/api/runtime.pyx", line 146, in cupy_backends.cuda.api.runtime.check_status
cupy_backends.cuda.api.runtime.CUDARuntimeError: cudaErrorNoDevice: no CUDA-capable device is detected
Traceback (most recent call last):
  File "cupy/cuda/device.pyx", line 40, in cupy.cuda.device.get_device_id
  File "cupy_backends/cuda/api/runtime.pyx", line 202, in cupy_backends.cuda.api.runtime.getDevice
  File "cupy_backends/cuda/api/runtime.pyx", line 146, in cupy_backends.cuda.api.runtime.check_status
cupy_backends.cuda.api.runtime.CUDARuntimeError: cudaErrorNoDevice: no CUDA-capable device is detected
Exception ignored in: 'cupy.cuda.memory.MemoryPool.used_bytes'
Traceback (most recent call last):
  File "cupy/cuda/device.pyx", line 40, in cupy.cuda.device.get_device_id
  File "cupy_backends/cuda/api/runtime.pyx", line 202, in cupy_backends.cuda.api.runtime.getDevice
  File "cupy_backends/cuda/api/runtime.pyx", line 146, in cupy_backends.cuda.api.runtime.check_status
cupy_backends.cuda.api.runtime.CUDARuntimeError: cudaErrorNoDevice: no CUDA-capable device is detected
Traceback (most recent call last):
  File "cupy/cuda/device.pyx", line 40, in cupy.cuda.device.get_device_id
  File "cupy_backends/cuda/api/runtime.pyx", line 202, in cupy_backends.cuda.api.runtime.getDevice
  File "cupy_backends/cuda/api/runtime.pyx", line 146, in cupy_backends.cuda.api.runtime.check_status
cupy_backends.cuda.api.runtime.CUDARuntimeError: cudaErrorNoDevice: no CUDA-capable device is detected
Exception ignored in: 'cupy.cuda.memory.MemoryPool.total_bytes'
Traceback (most recent call last):
  File "cupy/cuda/device.pyx", line 40, in cupy.cuda.device.get_device_id
  File "cupy_backends/cuda/api/runtime.pyx", line 202, in cupy_backends.cuda.api.runtime.getDevice
  File "cupy_backends/cuda/api/runtime.pyx", line 146, in cupy_backends.cuda.api.runtime.check_status
cupy_backends.cuda.api.runtime.CUDARuntimeError: cudaErrorNoDevice: no CUDA-capable device is detected
Traceback (most recent call last):
  File "cupy/cuda/device.pyx", line 40, in cupy.cuda.device.get_device_id
  File "cupy_backends/cuda/api/runtime.pyx", line 202, in cupy_backends.cuda.api.runtime.getDevice
  File "cupy_backends/cuda/api/runtime.pyx", line 146, in cupy_backends.cuda.api.runtime.check_status
cupy_backends.cuda.api.runtime.CUDARuntimeError: cudaErrorNoDevice: no CUDA-capable device is detected
Exception ignored in: 'cupy.cuda.memory.MemoryPool.used_bytes'
Traceback (most recent call last):
  File "cupy/cuda/device.pyx", line 40, in cupy.cuda.device.get_device_id
  File "cupy_backends/cuda/api/runtime.pyx", line 202, in cupy_backends.cuda.api.runtime.getDevice
  File "cupy_backends/cuda/api/runtime.pyx", line 146, in cupy_backends.cuda.api.runtime.check_status
cupy_backends.cuda.api.runtime.CUDARuntimeError: cudaErrorNoDevice: no CUDA-capable device is detected
Traceback (most recent call last):
  File "cupy/cuda/device.pyx", line 40, in cupy.cuda.device.get_device_id
  File "cupy_backends/cuda/api/runtime.pyx", line 202, in cupy_backends.cuda.api.runtime.getDevice
  File "cupy_backends/cuda/api/runtime.pyx", line 146, in cupy_backends.cuda.api.runtime.check_status
cupy_backends.cuda.api.runtime.CUDARuntimeError: cudaErrorNoDevice: no CUDA-capable device is detected
Exception ignored in: 'cupy.cuda.memory.MemoryPool.total_bytes'
Traceback (most recent call last):
  File "cupy/cuda/device.pyx", line 40, in cupy.cuda.device.get_device_id
  File "cupy_backends/cuda/api/runtime.pyx", line 202, in cupy_backends.cuda.api.runtime.getDevice
  File "cupy_backends/cuda/api/runtime.pyx", line 146, in cupy_backends.cuda.api.runtime.check_status
cupy_backends.cuda.api.runtime.CUDARuntimeError: cudaErrorNoDevice: no CUDA-capable device is detected
Traceback (most recent call last):
  File "cupy/cuda/device.pyx", line 40, in cupy.cuda.device.get_device_id
  File "cupy_backends/cuda/api/runtime.pyx", line 202, in cupy_backends.cuda.api.runtime.getDevice
  File "cupy_backends/cuda/api/runtime.pyx", line 146, in cupy_backends.cuda.api.runtime.check_status
cupy_backends.cuda.api.runtime.CUDARuntimeError: cudaErrorNoDevice: no CUDA-capable device is detected
Exception ignored in: 'cupy.cuda.memory.MemoryPool.used_bytes'
Traceback (most recent call last):
  File "cupy/cuda/device.pyx", line 40, in cupy.cuda.device.get_device_id
  File "cupy_backends/cuda/api/runtime.pyx", line 202, in cupy_backends.cuda.api.runtime.getDevice
  File "cupy_backends/cuda/api/runtime.pyx", line 146, in cupy_backends.cuda.api.runtime.check_status
cupy_backends.cuda.api.runtime.CUDARuntimeError: cudaErrorNoDevice: no CUDA-capable device is detected
Traceback (most recent call last):
  File "cupy/cuda/device.pyx", line 40, in cupy.cuda.device.get_device_id
  File "cupy_backends/cuda/api/runtime.pyx", line 202, in cupy_backends.cuda.api.runtime.getDevice
  File "cupy_backends/cuda/api/runtime.pyx", line 146, in cupy_backends.cuda.api.runtime.check_status
cupy_backends.cuda.api.runtime.CUDARuntimeError: cudaErrorNoDevice: no CUDA-capable device is detected
Exception ignored in: 'cupy.cuda.memory.MemoryPool.total_bytes'
Traceback (most recent call last):
  File "cupy/cuda/device.pyx", line 40, in cupy.cuda.device.get_device_id
  File "cupy_backends/cuda/api/runtime.pyx", line 202, in cupy_backends.cuda.api.runtime.getDevice
  File "cupy_backends/cuda/api/runtime.pyx", line 146, in cupy_backends.cuda.api.runtime.check_status
cupy_backends.cuda.api.runtime.CUDARuntimeError: cudaErrorNoDevice: no CUDA-capable device is detected
Count:  35%|███▍      | 58/168 [00:00<00:00, 577.76it/s]Count:  69%|██████▉   | 116/168 [00:00<00:00, 567.93it/s]Count: 100%|██████████| 168/168 [00:00<00:00, 548.11it/s]
[GPU_MEMORY] ensure_capacity START (capacity=4096): used=0.00 MB, total_allocated=0.00 MB
[GPU_MEMORY] ensure_capacity ALLOC (new_Sc shape=(3374, 4096), new_Ss shape=(3374, 4096)): used=0.00 MB, total_allocated=0.00 MB
[GPU_MEMORY] ensure_capacity COPY (copied 2048 columns): used=0.00 MB, total_allocated=0.00 MB
[GPU_MEMORY] ensure_capacity END (Sc shape=(3374, 4096), Ss shape=(3374, 4096)): used=0.00 MB, total_allocated=0.00 MB
min_dist: 0.766851113367171
  N_atoms=2472  box=(20.0,20.0,7.0)  eps=78.0  T=298.0
  reference: z_scale=9.57 r_cut=9.0 alpha=0.2843 k_max=5.117 n_k=30324 grid=(17, 17, 55)
  trajectory: 20000 frames of 2472 atoms
  frame 2000 (step 100050): prod recompute 2.2s
    ref energy 5.0s
    ref check [z_scale x1.5] dE = -9.740e-10 kT  (n_k=45519)
    ref check [r_cut 4.5   ] dE = -1.114e-08 kT  (n_k=242443)
    ref check [eps 1e-12   ] dE = +5.738e-09 kT  (n_k=52473)
    wall force  prod=      7.6912  flip=     13.8935  ref=     16.4509  ideal=     16.3859  logged=7.691169 kJ/(mol nm^3)
    FD atom   968 Na  |F_fd|=12.0475  err_as_coded=6.0990e+00  err_if_real_flipped=2.5632e-07
    FD atom  1465 Na  |F_fd|=17.7690  err_as_coded=1.6334e+01  err_if_real_flipped=7.5714e-07
    FD atom   971 Na  |F_fd|=11.3069  err_as_coded=3.3950e+00  err_if_real_flipped=1.5074e-07
    FD atom  1455 Na  |F_fd|=9.9498  err_as_coded=3.8017e+00  err_if_real_flipped=4.3896e-07
    FD atom  1952 Cl  |F_fd|=1.0524  err_as_coded=2.7298e-02  err_if_real_flipped=4.4813e-08
    FD atom  1960 Cl  |F_fd|=2.3453  err_as_coded=4.4356e-01  err_if_real_flipped=7.0136e-08
    Na_wall/large      n=  43 rms=   0.4868 kT  max=   0.9997  <|dacc|>=0.0317  f(>0.1)=0.047  rms(dE_ref)=   3.006
    Na_bulk/large      n=  44 rms=   0.3040 kT  max=   0.7661  <|dacc|>=0.0404  f(>0.1)=0.114  rms(dE_ref)=   1.599
    Cl/large           n=  90 rms=   0.2066 kT  max=   0.5062  <|dacc|>=0.0665  f(>0.1)=0.289  rms(dE_ref)=   0.441
    dipole/large       n=  73 rms=   0.1986 kT  max=   0.7061  <|dacc|>=0.0523  f(>0.1)=0.219  rms(dE_ref)=   0.543
    Na_wall/small      n= 121 rms=   0.0834 kT  max=   0.2251  <|dacc|>=0.0283  f(>0.1)=0.017  rms(dE_ref)=   0.363
    Na_bulk/small      n= 125 rms=   0.0734 kT  max=   0.2112  <|dacc|>=0.0191  f(>0.1)=0.008  rms(dE_ref)=   0.315
    Cl/small           n= 143 rms=   0.0327 kT  max=   0.1123  <|dacc|>=0.0126  f(>0.1)=0.000  rms(dE_ref)=   0.058
    dipole/small       n= 139 rms=   0.0464 kT  max=   0.1353  <|dacc|>=0.0147  f(>0.1)=0.007  rms(dE_ref)=   0.117
    moves 1658.2s
  frame 3000 (step 150050): prod recompute 2.2s
    ref energy 4.9s
    wall force  prod=      7.4631  flip=     13.9129  ref=     16.5124  ideal=     16.3859  logged=7.463087 kJ/(mol nm^3)
    Na_wall/large      n=  41 rms=   0.3970 kT  max=   0.9421  <|dacc|>=0.0362  f(>0.1)=0.146  rms(dE_ref)=   2.774
    Na_bulk/large      n=  59 rms=   0.3244 kT  max=   1.1145  <|dacc|>=0.0490  f(>0.1)=0.169  rms(dE_ref)=   1.658
    Cl/large           n=  97 rms=   0.1747 kT  max=   0.4605  <|dacc|>=0.0567  f(>0.1)=0.247  rms(dE_ref)=   0.543
    dipole/large       n=  96 rms=   0.2265 kT  max=   0.7686  <|dacc|>=0.0514  f(>0.1)=0.208  rms(dE_ref)=   0.632
    Na_wall/small      n= 109 rms=   0.0813 kT  max=   0.2369  <|dacc|>=0.0323  f(>0.1)=0.037  rms(dE_ref)=   0.359
    Na_bulk/small      n= 124 rms=   0.0580 kT  max=   0.1924  <|dacc|>=0.0156  f(>0.1)=0.008  rms(dE_ref)=   0.244
    Cl/small           n= 144 rms=   0.0339 kT  max=   0.1351  <|dacc|>=0.0113  f(>0.1)=0.000  rms(dE_ref)=   0.065
    dipole/small       n= 140 rms=   0.0409 kT  max=   0.1500  <|dacc|>=0.0133  f(>0.1)=0.007  rms(dE_ref)=   0.088
    moves 1625.4s
  frame 4000 (step 200050): prod recompute 2.2s
    ref energy 4.8s
    wall force  prod=      7.5629  flip=     13.9723  ref=     16.5274  ideal=     16.3859  logged=7.562892 kJ/(mol nm^3)
    Na_wall/large      n=  37 rms=   0.4781 kT  max=   1.0195  <|dacc|>=0.0349  f(>0.1)=0.054  rms(dE_ref)=   2.986
    Na_bulk/large      n=  61 rms=   0.3938 kT  max=   0.9591  <|dacc|>=0.0510  f(>0.1)=0.164  rms(dE_ref)=   1.872
    Cl/large           n= 105 rms=   0.1929 kT  max=   0.5172  <|dacc|>=0.0577  f(>0.1)=0.219  rms(dE_ref)=   0.396
    dipole/large       n=  86 rms=   0.2069 kT  max=   0.4518  <|dacc|>=0.0662  f(>0.1)=0.279  rms(dE_ref)=   0.637
    Na_wall/small      n= 119 rms=   0.0886 kT  max=   0.2218  <|dacc|>=0.0260  f(>0.1)=0.034  rms(dE_ref)=   0.377
    Na_bulk/small      n= 136 rms=   0.0678 kT  max=   0.2412  <|dacc|>=0.0197  f(>0.1)=0.007  rms(dE_ref)=   0.291
    Cl/small           n= 134 rms=   0.0268 kT  max=   0.0857  <|dacc|>=0.0101  f(>0.1)=0.000  rms(dE_ref)=   0.056
    dipole/small       n= 141 rms=   0.0452 kT  max=   0.1325  <|dacc|>=0.0148  f(>0.1)=0.007  rms(dE_ref)=   0.089
    moves 1636.5s
  -> /home/fluffymelon/AntiDLVO/ewald_audit/results/frames/results_prod_neutral__pz_27p6__H__ions_dipole_H_pz_27p6_H_7_sigma_-20_C_0.01_Cz_0.1_20260216_125816.json  (5111s)
