task 11 -> results_prod/pz_17/Cz/ions_dipole_Cz_pz_17_H_3_sigma_-20_C_0.01_Cz_0.7_20251124_154702

==============================================================================
results_prod__pz_17__Cz__ions_dipole_Cz_pz_17_H_3_sigma_-20_C_0.01_Cz_0.7_20251124_154702
==============================================================================
Traceback (most recent call last):
  File "cupy/cuda/device.pyx", line 40, in cupy.cuda.device.get_device_id
  File "cupy_backends/cuda/api/runtime.pyx", line 202, in cupy_backends.cuda.api.runtime.getDevice
  File "cupy_backends/cuda/api/runtime.pyx", line 146, in cupy_backends.cuda.api.runtime.check_status
cupy_backends.cuda.api.runtime.CUDARuntimeError: cudaErrorNoDevice: no CUDA-capable device is detected
Exception ignored in: 'cupy.cuda.memory.MemoryPool.used_bytes'
Traceback (most recent call last):
  File "cupy/cuda/device.pyx", line 40, in cupy.cuda.device.get_device_id
  File "cupy_backends/cuda/api/runtime.pyx", line 202, in cupy_backends.cuda.api.runtime.getDevice
  File "cupy_backends/cuda/api/runtime.pyx", line 146, in cupy_backends.cuda.api.runtime.check_status
cupy_backends.cuda.api.runtime.CUDARuntimeError: cudaErrorNoDevice: no CUDA-capable device is detected
Traceback (most recent call last):
  File "cupy/cuda/device.pyx", line 40, in cupy.cuda.device.get_device_id
  File "cupy_backends/cuda/api/runtime.pyx", line 202, in cupy_backends.cuda.api.runtime.getDevice
  File "cupy_backends/cuda/api/runtime.pyx", line 146, in cupy_backends.cuda.api.runtime.check_status
cupy_backends.cuda.api.runtime.CUDARuntimeError: cudaErrorNoDevice: no CUDA-capable device is detected
Exception ignored in: 'cupy.cuda.memory.MemoryPool.total_bytes'
Traceback (most recent call last):
  File "cupy/cuda/device.pyx", line 40, in cupy.cuda.device.get_device_id
  File "cupy_backends/cuda/api/runtime.pyx", line 202, in cupy_backends.cuda.api.runtime.getDevice
  File "cupy_backends/cuda/api/runtime.pyx", line 146, in cupy_backends.cuda.api.runtime.check_status
cupy_backends.cuda.api.runtime.CUDARuntimeError: cudaErrorNoDevice: no CUDA-capable device is detected
Traceback (most recent call last):
  File "cupy/cuda/device.pyx", line 40, in cupy.cuda.device.get_device_id
  File "cupy_backends/cuda/api/runtime.pyx", line 202, in cupy_backends.cuda.api.runtime.getDevice
  File "cupy_backends/cuda/api/runtime.pyx", line 146, in cupy_backends.cuda.api.runtime.check_status
cupy_backends.cuda.api.runtime.CUDARuntimeError: cudaErrorNoDevice: no CUDA-capable device is detected
Exception ignored in: 'cupy.cuda.memory.MemoryPool.used_bytes'
Traceback (most recent call last):
  File "cupy/cuda/device.pyx", line 40, in cupy.cuda.device.get_device_id
  File "cupy_backends/cuda/api/runtime.pyx", line 202, in cupy_backends.cuda.api.runtime.getDevice
  File "cupy_backends/cuda/api/runtime.pyx", line 146, in cupy_backends.cuda.api.runtime.check_status
cupy_backends.cuda.api.runtime.CUDARuntimeError: cudaErrorNoDevice: no CUDA-capable device is detected
Traceback (most recent call last):
  File "cupy/cuda/device.pyx", line 40, in cupy.cuda.device.get_device_id
  File "cupy_backends/cuda/api/runtime.pyx", line 202, in cupy_backends.cuda.api.runtime.getDevice
  File "cupy_backends/cuda/api/runtime.pyx", line 146, in cupy_backends.cuda.api.runtime.check_status
cupy_backends.cuda.api.runtime.CUDARuntimeError: cudaErrorNoDevice: no CUDA-capable device is detected
Exception ignored in: 'cupy.cuda.memory.MemoryPool.total_bytes'
Traceback (most recent call last):
  File "cupy/cuda/device.pyx", line 40, in cupy.cuda.device.get_device_id
  File "cupy_backends/cuda/api/runtime.pyx", line 202, in cupy_backends.cuda.api.runtime.getDevice
  File "cupy_backends/cuda/api/runtime.pyx", line 146, in cupy_backends.cuda.api.runtime.check_status
cupy_backends.cuda.api.runtime.CUDARuntimeError: cudaErrorNoDevice: no CUDA-capable device is detected
[GPU_MEMORY] ensure_capacity START (capacity=2048): used=0.00 MB, total_allocated=0.00 MB
[GPU_MEMORY] ensure_capacity INIT (Sc shape=(3374, 2048), Ss shape=(3374, 2048)): used=0.00 MB, total_allocated=0.00 MB

====== TOPOLOGY CONFIGURATION SUMMARY ======

Registered Types:
  0: Na (mass=39.0983, charge=1.0)
  1: Cl (mass=35.453, charge=-1.0)
  2: Ip (mass=18.01528, charge=1.0)
  3: Im (mass=18.01528, charge=-1.0)
  4: G (mass=0.0, charge=0.0)
  5: Wb (mass=1.0, charge=-1.0)
  6: Wt (mass=1.0, charge=-1.0)

Pair Interactions:
  Na(0) - Na(0): HardSphere, EwaldReal
  Cl(1) - Cl(1): HardSphere, EwaldReal
  Na(0) - Cl(1): HardSphere, EwaldReal
  Na(0) - Ip(2): HardSphere, EwaldReal
  Na(0) - Im(3): HardSphere, EwaldReal
  Cl(1) - Ip(2): HardSphere, EwaldReal
  Cl(1) - Im(3): HardSphere, EwaldReal
  Na(0) - G(4): HardSphere
  Cl(1) - G(4): HardSphere
  Ip(2) - Ip(2): HardSphere, EwaldReal
  Im(3) - Im(3): HardSphere, EwaldReal
  Ip(2) - Im(3): HardSphere, EwaldReal
  Ip(2) - G(4): HardSphere
  Im(3) - G(4): HardSphere
  G(4) - G(4): HardSphere
  Na(0) - Wb(5): EwaldReal
  Cl(1) - Wb(5): EwaldReal
  Ip(2) - Wb(5): EwaldReal
  Im(3) - Wb(5): EwaldReal
  Na(0) - Wt(6): EwaldReal
  Cl(1) - Wt(6): EwaldReal
  Ip(2) - Wt(6): EwaldReal
  Im(3) - Wt(6): EwaldReal
  Wb(5) - Wb(5): EwaldReal
  Wt(6) - Wt(6): EwaldReal
  Wb(5) - Wt(6): EwaldReal
pair_interactions_counter: 26
Warning: 26 pair interactions found, expected 28
Warning: Missing pair interactions for: G-Wb, G-Wt

One-Body Forces:
  Na(0): HardWall, HardWall
  Cl(1): HardWall, HardWall
  Ip(2): HardWall, HardWall
  Im(3): HardWall, HardWall
  G(4): HardWall, HardWall

==========================================
Processing spec 1/3
Count:   0%|          | 0/7 [00:00<?, ?it/s]Count: 100%|██████████| 7/7 [00:00<00:00, 8085.96it/s]
Processing spec 2/3
Count:   0%|          | 0/7 [00:00<?, ?it/s]Count: 100%|██████████| 7/7 [00:00<00:00, 10205.12it/s]
Processing spec 3/3
Count:   0%|          | 0/505 [00:00<?, ?it/s]Count:  42%|████▏     | 213/505 [00:00<00:00, 2128.16it/s]Traceback (most recent call last):
  File "cupy/cuda/device.pyx", line 40, in cupy.cuda.device.get_device_id
  File "cupy_backends/cuda/api/runtime.pyx", line 202, in cupy_backends.cuda.api.runtime.getDevice
  File "cupy_backends/cuda/api/runtime.pyx", line 146, in cupy_backends.cuda.api.runtime.check_status
cupy_backends.cuda.api.runtime.CUDARuntimeError: cudaErrorNoDevice: no CUDA-capable device is detected
Exception ignored in: 'cupy.cuda.memory.MemoryPool.used_bytes'
Traceback (most recent call last):
  File "cupy/cuda/device.pyx", line 40, in cupy.cuda.device.get_device_id
  File "cupy_backends/cuda/api/runtime.pyx", line 202, in cupy_backends.cuda.api.runtime.getDevice
  File "cupy_backends/cuda/api/runtime.pyx", line 146, in cupy_backends.cuda.api.runtime.check_status
cupy_backends.cuda.api.runtime.CUDARuntimeError: cudaErrorNoDevice: no CUDA-capable device is detected
Traceback (most recent call last):
  File "cupy/cuda/device.pyx", line 40, in cupy.cuda.device.get_device_id
  File "cupy_backends/cuda/api/runtime.pyx", line 202, in cupy_backends.cuda.api.runtime.getDevice
  File "cupy_backends/cuda/api/runtime.pyx", line 146, in cupy_backends.cuda.api.runtime.check_status
cupy_backends.cuda.api.runtime.CUDARuntimeError: cudaErrorNoDevice: no CUDA-capable device is detected
Exception ignored in: 'cupy.cuda.memory.MemoryPool.total_bytes'
Traceback (most recent call last):
  File "cupy/cuda/device.pyx", line 40, in cupy.cuda.device.get_device_id
  File "cupy_backends/cuda/api/runtime.pyx", line 202, in cupy_backends.cuda.api.runtime.getDevice
  File "cupy_backends/cuda/api/runtime.pyx", line 146, in cupy_backends.cuda.api.runtime.check_status
cupy_backends.cuda.api.runtime.CUDARuntimeError: cudaErrorNoDevice: no CUDA-capable device is detected
Traceback (most recent call last):
  File "cupy/cuda/device.pyx", line 40, in cupy.cuda.device.get_device_id
  File "cupy_backends/cuda/api/runtime.pyx", line 202, in cupy_backends.cuda.api.runtime.getDevice
  File "cupy_backends/cuda/api/runtime.pyx", line 146, in cupy_backends.cuda.api.runtime.check_status
cupy_backends.cuda.api.runtime.CUDARuntimeError: cudaErrorNoDevice: no CUDA-capable device is detected
Exception ignored in: 'cupy.cuda.memory.MemoryPool.used_bytes'
Traceback (most recent call last):
  File "cupy/cuda/device.pyx", line 40, in cupy.cuda.device.get_device_id
  File "cupy_backends/cuda/api/runtime.pyx", line 202, in cupy_backends.cuda.api.runtime.getDevice
  File "cupy_backends/cuda/api/runtime.pyx", line 146, in cupy_backends.cuda.api.runtime.check_status
cupy_backends.cuda.api.runtime.CUDARuntimeError: cudaErrorNoDevice: no CUDA-capable device is detected
Traceback (most recent call last):
  File "cupy/cuda/device.pyx", line 40, in cupy.cuda.device.get_device_id
  File "cupy_backends/cuda/api/runtime.pyx", line 202, in cupy_backends.cuda.api.runtime.getDevice
  File "cupy_backends/cuda/api/runtime.pyx", line 146, in cupy_backends.cuda.api.runtime.check_status
cupy_backends.cuda.api.runtime.CUDARuntimeError: cudaErrorNoDevice: no CUDA-capable device is detected
Exception ignored in: 'cupy.cuda.memory.MemoryPool.total_bytes'
Traceback (most recent call last):
  File "cupy/cuda/device.pyx", line 40, in cupy.cuda.device.get_device_id
  File "cupy_backends/cuda/api/runtime.pyx", line 202, in cupy_backends.cuda.api.runtime.getDevice
  File "cupy_backends/cuda/api/runtime.pyx", line 146, in cupy_backends.cuda.api.runtime.check_status
cupy_backends.cuda.api.runtime.CUDARuntimeError: cudaErrorNoDevice: no CUDA-capable device is detected
Traceback (most recent call last):
  File "cupy/cuda/device.pyx", line 40, in cupy.cuda.device.get_device_id
  File "cupy_backends/cuda/api/runtime.pyx", line 202, in cupy_backends.cuda.api.runtime.getDevice
  File "cupy_backends/cuda/api/runtime.pyx", line 146, in cupy_backends.cuda.api.runtime.check_status
cupy_backends.cuda.api.runtime.CUDARuntimeError: cudaErrorNoDevice: no CUDA-capable device is detected
Exception ignored in: 'cupy.cuda.memory.MemoryPool.used_bytes'
Traceback (most recent call last):
  File "cupy/cuda/device.pyx", line 40, in cupy.cuda.device.get_device_id
  File "cupy_backends/cuda/api/runtime.pyx", line 202, in cupy_backends.cuda.api.runtime.getDevice
  File "cupy_backends/cuda/api/runtime.pyx", line 146, in cupy_backends.cuda.api.runtime.check_status
cupy_backends.cuda.api.runtime.CUDARuntimeError: cudaErrorNoDevice: no CUDA-capable device is detected
Traceback (most recent call last):
  File "cupy/cuda/device.pyx", line 40, in cupy.cuda.device.get_device_id
  File "cupy_backends/cuda/api/runtime.pyx", line 202, in cupy_backends.cuda.api.runtime.getDevice
  File "cupy_backends/cuda/api/runtime.pyx", line 146, in cupy_backends.cuda.api.runtime.check_status
cupy_backends.cuda.api.runtime.CUDARuntimeError: cudaErrorNoDevice: no CUDA-capable device is detected
Exception ignored in: 'cupy.cuda.memory.MemoryPool.total_bytes'
Traceback (most recent call last):
  File "cupy/cuda/device.pyx", line 40, in cupy.cuda.device.get_device_id
  File "cupy_backends/cuda/api/runtime.pyx", line 202, in cupy_backends.cuda.api.runtime.getDevice
  File "cupy_backends/cuda/api/runtime.pyx", line 146, in cupy_backends.cuda.api.runtime.check_status
cupy_backends.cuda.api.runtime.CUDARuntimeError: cudaErrorNoDevice: no CUDA-capable device is detected
Traceback (most recent call last):
  File "cupy/cuda/device.pyx", line 40, in cupy.cuda.device.get_device_id
  File "cupy_backends/cuda/api/runtime.pyx", line 202, in cupy_backends.cuda.api.runtime.getDevice
  File "cupy_backends/cuda/api/runtime.pyx", line 146, in cupy_backends.cuda.api.runtime.check_status
cupy_backends.cuda.api.runtime.CUDARuntimeError: cudaErrorNoDevice: no CUDA-capable device is detected
Exception ignored in: 'cupy.cuda.memory.MemoryPool.used_bytes'
Traceback (most recent call last):
  File "cupy/cuda/device.pyx", line 40, in cupy.cuda.device.get_device_id
  File "cupy_backends/cuda/api/runtime.pyx", line 202, in cupy_backends.cuda.api.runtime.getDevice
  File "cupy_backends/cuda/api/runtime.pyx", line 146, in cupy_backends.cuda.api.runtime.check_status
cupy_backends.cuda.api.runtime.CUDARuntimeError: cudaErrorNoDevice: no CUDA-capable device is detected
Traceback (most recent call last):
  File "cupy/cuda/device.pyx", line 40, in cupy.cuda.device.get_device_id
  File "cupy_backends/cuda/api/runtime.pyx", line 202, in cupy_backends.cuda.api.runtime.getDevice
  File "cupy_backends/cuda/api/runtime.pyx", line 146, in cupy_backends.cuda.api.runtime.check_status
cupy_backends.cuda.api.runtime.CUDARuntimeError: cudaErrorNoDevice: no CUDA-capable device is detected
Exception ignored in: 'cupy.cuda.memory.MemoryPool.total_bytes'
Traceback (most recent call last):
  File "cupy/cuda/device.pyx", line 40, in cupy.cuda.device.get_device_id
  File "cupy_backends/cuda/api/runtime.pyx", line 202, in cupy_backends.cuda.api.runtime.getDevice
  File "cupy_backends/cuda/api/runtime.pyx", line 146, in cupy_backends.cuda.api.runtime.check_status
cupy_backends.cuda.api.runtime.CUDARuntimeError: cudaErrorNoDevice: no CUDA-capable device is detected
Count:  84%|████████▍ | 426/505 [00:00<00:00, 613.30it/s] Count: 100%|██████████| 505/505 [00:01<00:00, 346.91it/s]
[GPU_MEMORY] ensure_capacity START (capacity=4096): used=0.00 MB, total_allocated=0.00 MB
[GPU_MEMORY] ensure_capacity ALLOC (new_Sc shape=(3374, 4096), new_Ss shape=(3374, 4096)): used=0.00 MB, total_allocated=0.00 MB
[GPU_MEMORY] ensure_capacity COPY (copied 2048 columns): used=0.00 MB, total_allocated=0.00 MB
[GPU_MEMORY] ensure_capacity END (Sc shape=(3374, 4096), Ss shape=(3374, 4096)): used=0.00 MB, total_allocated=0.00 MB
min_dist: 0.7660460601149143
  N_atoms=2497  box=(20.0,20.0,3.0)  eps=78.0  T=298.0
  reference: z_scale=21.00 r_cut=9.0 alpha=0.2843 k_max=5.117 n_k=28485 grid=(17, 17, 52)
  trajectory: 20000 frames of 2497 atoms
  frame 2000 (step 100050): prod recompute 2.0s
    ref energy 4.6s
    ref check [z_scale x1.5] dE = +2.778e+04 kT  (n_k=42770)
    ref check [r_cut 4.5   ] dE = -6.319e-09 kT  (n_k=228068)
    ref check [eps 1e-12   ] dE = +1.288e-08 kT  (n_k=49313)
    wall force  prod=    -16.7125  flip=    -16.2411  ref=    -16.3454  ideal=     16.3859  logged=-16.71247 kJ/(mol nm^3)
    FD atom   970 Na  |F_fd|=1.3530  err_as_coded=3.7267e+00  err_if_real_flipped=2.4118e-07
    FD atom   971 Na  |F_fd|=4.8925  err_as_coded=1.0001e+01  err_if_real_flipped=6.6884e-07
    FD atom   968 Na  |F_fd|=4.4597  err_as_coded=5.6506e+00  err_if_real_flipped=3.1316e-07
    FD atom   972 Na  |F_fd|=2.1348  err_as_coded=6.6279e+00  err_if_real_flipped=4.4940e-07
    FD atom   975 Cl  |F_fd|=1.9119  err_as_coded=2.3281e+00  err_if_real_flipped=6.8762e-08
    FD atom   978 Cl  |F_fd|=2.0669  err_as_coded=7.0989e-01  err_if_real_flipped=1.5533e-08
    Na_wall/large      n=  34 rms=   0.6492 kT  max=   1.1152  <|dacc|>=0.3172  f(>0.1)=0.794  rms(dE_ref)=   0.204
    Na_bulk/large      n=  35 rms=   0.3713 kT  max=   0.9700  <|dacc|>=0.0495  f(>0.1)=0.171  rms(dE_ref)=   0.380
    Cl/large           n=  27 rms=   0.4346 kT  max=   0.9780  <|dacc|>=0.1203  f(>0.1)=0.481  rms(dE_ref)=   0.270
    dipole/large       n=  30 rms=   0.3090 kT  max=   0.7199  <|dacc|>=0.1113  f(>0.1)=0.467  rms(dE_ref)=   0.178
    Na_wall/small      n= 104 rms=   0.0857 kT  max=   0.1719  <|dacc|>=0.0389  f(>0.1)=0.087  rms(dE_ref)=   0.043
    Na_bulk/small      n=  80 rms=   0.0691 kT  max=   0.1693  <|dacc|>=0.0272  f(>0.1)=0.100  rms(dE_ref)=   0.071
    Cl/small           n= 134 rms=   0.0620 kT  max=   0.1552  <|dacc|>=0.0217  f(>0.1)=0.030  rms(dE_ref)=   0.037
    dipole/small       n= 117 rms=   0.0491 kT  max=   0.1411  <|dacc|>=0.0203  f(>0.1)=0.000  rms(dE_ref)=   0.043
    moves 1183.6s
  frame 3000 (step 150050): prod recompute 2.0s
    ref energy 4.6s
    wall force  prod=    -16.6303  flip=    -16.2388  ref=    -16.3546  ideal=     16.3859  logged=-16.6303 kJ/(mol nm^3)
    Na_wall/large      n=  28 rms=   0.6335 kT  max=   1.2140  <|dacc|>=0.2506  f(>0.1)=0.643  rms(dE_ref)=   0.284
    Na_bulk/large      n=  39 rms=   0.4673 kT  max=   1.0005  <|dacc|>=0.1757  f(>0.1)=0.692  rms(dE_ref)=   0.348
    Cl/large           n=  36 rms=   0.4741 kT  max=   1.1612  <|dacc|>=0.1825  f(>0.1)=0.500  rms(dE_ref)=   0.330
    dipole/large       n=  35 rms=   0.2269 kT  max=   0.5371  <|dacc|>=0.1064  f(>0.1)=0.371  rms(dE_ref)=   0.164
    Na_wall/small      n= 108 rms=   0.0889 kT  max=   0.1902  <|dacc|>=0.0454  f(>0.1)=0.139  rms(dE_ref)=   0.060
    Na_bulk/small      n= 133 rms=   0.0758 kT  max=   0.1788  <|dacc|>=0.0294  f(>0.1)=0.053  rms(dE_ref)=   0.046
    Cl/small           n= 112 rms=   0.0563 kT  max=   0.1396  <|dacc|>=0.0203  f(>0.1)=0.054  rms(dE_ref)=   0.046
    dipole/small       n= 116 rms=   0.0467 kT  max=   0.1300  <|dacc|>=0.0185  f(>0.1)=0.000  rms(dE_ref)=   0.042
    moves 1267.5s
  frame 4000 (step 200050): prod recompute 1.9s
    ref energy 4.4s
    wall force  prod=    -16.6300  flip=    -16.2488  ref=    -16.3690  ideal=     16.3859  logged=-16.63005 kJ/(mol nm^3)
    Na_wall/large      n=  28 rms=   0.5992 kT  max=   1.0232  <|dacc|>=0.3005  f(>0.1)=0.750  rms(dE_ref)=   0.232
    Na_bulk/large      n=  30 rms=   0.5030 kT  max=   1.1615  <|dacc|>=0.1688  f(>0.1)=0.433  rms(dE_ref)=   0.366
    Cl/large           n=  28 rms=   0.5214 kT  max=   1.1150  <|dacc|>=0.1737  f(>0.1)=0.500  rms(dE_ref)=   0.222
    dipole/large       n=  23 rms=   0.3570 kT  max=   0.8791  <|dacc|>=0.0936  f(>0.1)=0.304  rms(dE_ref)=   0.220
    Na_wall/small      n= 124 rms=   0.0869 kT  max=   0.1736  <|dacc|>=0.0391  f(>0.1)=0.097  rms(dE_ref)=   0.047
    Na_bulk/small      n= 131 rms=   0.0811 kT  max=   0.1534  <|dacc|>=0.0329  f(>0.1)=0.046  rms(dE_ref)=   0.056
    Cl/small           n= 134 rms=   0.0736 kT  max=   0.1465  <|dacc|>=0.0328  f(>0.1)=0.067  rms(dE_ref)=   0.043
    dipole/small       n= 106 rms=   0.0549 kT  max=   0.1616  <|dacc|>=0.0223  f(>0.1)=0.028  rms(dE_ref)=   0.045
    moves 1201.9s
  -> /home/fluffymelon/AntiDLVO/ewald_audit/results/frames/results_prod__pz_17__Cz__ions_dipole_Cz_pz_17_H_3_sigma_-20_C_0.01_Cz_0.7_20251124_154702.json  (3831s)
