task 20 -> results_prod_neutral/pz_27p6/Cz/ions_dipole_Cz_pz_27p6_H_3_sigma_-20_C_0.01_Cz_0_20260217_030915

==============================================================================
results_prod_neutral__pz_27p6__Cz__ions_dipole_Cz_pz_27p6_H_3_sigma_-20_C_0.01_Cz_0_20260217_030915
==============================================================================
Traceback (most recent call last):
  File "cupy/cuda/device.pyx", line 40, in cupy.cuda.device.get_device_id
  File "cupy_backends/cuda/api/runtime.pyx", line 202, in cupy_backends.cuda.api.runtime.getDevice
  File "cupy_backends/cuda/api/runtime.pyx", line 146, in cupy_backends.cuda.api.runtime.check_status
cupy_backends.cuda.api.runtime.CUDARuntimeError: cudaErrorNoDevice: no CUDA-capable device is detected
Exception ignored in: 'cupy.cuda.memory.MemoryPool.used_bytes'
Traceback (most recent call last):
  File "cupy/cuda/device.pyx", line 40, in cupy.cuda.device.get_device_id
  File "cupy_backends/cuda/api/runtime.pyx", line 202, in cupy_backends.cuda.api.runtime.getDevice
  File "cupy_backends/cuda/api/runtime.pyx", line 146, in cupy_backends.cuda.api.runtime.check_status
cupy_backends.cuda.api.runtime.CUDARuntimeError: cudaErrorNoDevice: no CUDA-capable device is detected
Traceback (most recent call last):
  File "cupy/cuda/device.pyx", line 40, in cupy.cuda.device.get_device_id
  File "cupy_backends/cuda/api/runtime.pyx", line 202, in cupy_backends.cuda.api.runtime.getDevice
  File "cupy_backends/cuda/api/runtime.pyx", line 146, in cupy_backends.cuda.api.runtime.check_status
cupy_backends.cuda.api.runtime.CUDARuntimeError: cudaErrorNoDevice: no CUDA-capable device is detected
Exception ignored in: 'cupy.cuda.memory.MemoryPool.total_bytes'
Traceback (most recent call last):
  File "cupy/cuda/device.pyx", line 40, in cupy.cuda.device.get_device_id
  File "cupy_backends/cuda/api/runtime.pyx", line 202, in cupy_backends.cuda.api.runtime.getDevice
  File "cupy_backends/cuda/api/runtime.pyx", line 146, in cupy_backends.cuda.api.runtime.check_status
cupy_backends.cuda.api.runtime.CUDARuntimeError: cudaErrorNoDevice: no CUDA-capable device is detected
Traceback (most recent call last):
  File "cupy/cuda/device.pyx", line 40, in cupy.cuda.device.get_device_id
  File "cupy_backends/cuda/api/runtime.pyx", line 202, in cupy_backends.cuda.api.runtime.getDevice
  File "cupy_backends/cuda/api/runtime.pyx", line 146, in cupy_backends.cuda.api.runtime.check_status
cupy_backends.cuda.api.runtime.CUDARuntimeError: cudaErrorNoDevice: no CUDA-capable device is detected
Exception ignored in: 'cupy.cuda.memory.MemoryPool.used_bytes'
Traceback (most recent call last):
  File "cupy/cuda/device.pyx", line 40, in cupy.cuda.device.get_device_id
  File "cupy_backends/cuda/api/runtime.pyx", line 202, in cupy_backends.cuda.api.runtime.getDevice
  File "cupy_backends/cuda/api/runtime.pyx", line 146, in cupy_backends.cuda.api.runtime.check_status
cupy_backends.cuda.api.runtime.CUDARuntimeError: cudaErrorNoDevice: no CUDA-capable device is detected
Traceback (most recent call last):
  File "cupy/cuda/device.pyx", line 40, in cupy.cuda.device.get_device_id
  File "cupy_backends/cuda/api/runtime.pyx", line 202, in cupy_backends.cuda.api.runtime.getDevice
  File "cupy_backends/cuda/api/runtime.pyx", line 146, in cupy_backends.cuda.api.runtime.check_status
cupy_backends.cuda.api.runtime.CUDARuntimeError: cudaErrorNoDevice: no CUDA-capable device is detected
Exception ignored in: 'cupy.cuda.memory.MemoryPool.total_bytes'
Traceback (most recent call last):
  File "cupy/cuda/device.pyx", line 40, in cupy.cuda.device.get_device_id
  File "cupy_backends/cuda/api/runtime.pyx", line 202, in cupy_backends.cuda.api.runtime.getDevice
  File "cupy_backends/cuda/api/runtime.pyx", line 146, in cupy_backends.cuda.api.runtime.check_status
cupy_backends.cuda.api.runtime.CUDARuntimeError: cudaErrorNoDevice: no CUDA-capable device is detected
[GPU_MEMORY] ensure_capacity START (capacity=2048): used=0.00 MB, total_allocated=0.00 MB
[GPU_MEMORY] ensure_capacity INIT (Sc shape=(3374, 2048), Ss shape=(3374, 2048)): used=0.00 MB, total_allocated=0.00 MB

====== TOPOLOGY CONFIGURATION SUMMARY ======

Registered Types:
  0: Na (mass=39.0983, charge=1.0)
  1: Cl (mass=35.453, charge=-1.0)
  2: Ip (mass=18.01528, charge=1.0)
  3: Im (mass=18.01528, charge=-1.0)
  4: G (mass=0.0, charge=0.0)
  5: Wb (mass=1.0, charge=-1.0)
  6: Wt (mass=1.0, charge=-1.0)

Pair Interactions:
  Na(0) - Na(0): HardSphere, EwaldReal
  Cl(1) - Cl(1): HardSphere, EwaldReal
  Na(0) - Cl(1): HardSphere, EwaldReal
  Na(0) - Ip(2): HardSphere, EwaldReal
  Na(0) - Im(3): HardSphere, EwaldReal
  Cl(1) - Ip(2): HardSphere, EwaldReal
  Cl(1) - Im(3): HardSphere, EwaldReal
  Na(0) - G(4): HardSphere
  Cl(1) - G(4): HardSphere
  Ip(2) - Ip(2): HardSphere, EwaldReal
  Im(3) - Im(3): HardSphere, EwaldReal
  Ip(2) - Im(3): HardSphere, EwaldReal
  Ip(2) - G(4): HardSphere
  Im(3) - G(4): HardSphere
  G(4) - G(4): HardSphere
  Na(0) - Wb(5): EwaldReal
  Cl(1) - Wb(5): EwaldReal
  Ip(2) - Wb(5): EwaldReal
  Im(3) - Wb(5): EwaldReal
  Na(0) - Wt(6): EwaldReal
  Cl(1) - Wt(6): EwaldReal
  Ip(2) - Wt(6): EwaldReal
  Im(3) - Wt(6): EwaldReal
  Wb(5) - Wb(5): EwaldReal
  Wt(6) - Wt(6): EwaldReal
  Wb(5) - Wt(6): EwaldReal
pair_interactions_counter: 26
Warning: 26 pair interactions found, expected 28
Warning: Missing pair interactions for: G-Wb, G-Wt

One-Body Forces:
  Na(0): HardWall, HardWall
  Cl(1): HardWall, HardWall
  Ip(2): HardWall, HardWall
  Im(3): HardWall, HardWall
  G(4): HardWall, HardWall

==========================================
Processing spec 1/2
Count:   0%|          | 0/975 [00:00<?, ?it/s]Count:  49%|████▊     | 473/975 [00:00<00:00, 4722.96it/s]Count:  97%|█████████▋| 946/975 [00:02<00:00, 312.77it/s] Count: 100%|██████████| 975/975 [00:03<00:00, 272.81it/s]
Processing spec 2/2
Count:   0%|          | 0/7 [00:00<?, ?it/s]Count:  43%|████▎     | 3/7 [00:00<00:00, 28.03it/s]Count:  86%|████████▌ | 6/7 [00:00<00:00, 20.13it/s]Count: 100%|██████████| 7/7 [00:00<00:00, 24.32it/s]
min_dist: 0.7660797897245328
  N_atoms=1950  box=(20.0,20.0,3.0)  eps=78.0  T=298.0
  reference: z_scale=21.00 r_cut=9.0 alpha=0.2843 k_max=5.117 n_k=28485 grid=(17, 17, 52)
  trajectory: 20000 frames of 1950 atoms
  frame 2000 (step 100050): prod recompute 1.3s
    ref energy 3.4s
    ref check [z_scale x1.5] dE = -5.712e-09 kT  (n_k=42770)
    ref check [r_cut 4.5   ] dE = -1.078e-08 kT  (n_k=228068)
    ref check [eps 1e-12   ] dE = +2.049e-09 kT  (n_k=49313)
    wall force  prod=      9.1974  flip=     16.5702  ref=     16.5734  ideal=     16.3859  logged=9.197435 kJ/(mol nm^3)
    FD atom   971 Na  |F_fd|=2.7013  err_as_coded=3.5569e-01  err_if_real_flipped=1.8189e-08
    FD atom  1464 Na  |F_fd|=4.6305  err_as_coded=5.5048e-01  err_if_real_flipped=1.0296e-07
    FD atom   968 Na  |F_fd|=22.3655  err_as_coded=1.7938e+01  err_if_real_flipped=8.1186e-07
    FD atom  1441 Na  |F_fd|=13.5635  err_as_coded=3.9258e+00  err_if_real_flipped=2.1495e-07
    FD atom  1943 Cl  |F_fd|=3.8925  err_as_coded=2.1915e+00  err_if_real_flipped=2.3345e-07
    FD atom  1946 Cl  |F_fd|=3.9042  err_as_coded=2.5865e+00  err_if_real_flipped=2.8990e-07
    Na_wall/large      n=  37 rms=   0.1555 kT  max=   0.3752  <|dacc|>=0.0234  f(>0.1)=0.054  rms(dE_ref)=   2.545
    Na_bulk/large      n=  48 rms=   0.1263 kT  max=   0.3649  <|dacc|>=0.0305  f(>0.1)=0.125  rms(dE_ref)=   1.857
    Cl/large           n=  37 rms=   0.1111 kT  max=   0.3795  <|dacc|>=0.0461  f(>0.1)=0.108  rms(dE_ref)=   0.595
    Na_wall/small      n= 107 rms=   0.0228 kT  max=   0.0598  <|dacc|>=0.0074  f(>0.1)=0.000  rms(dE_ref)=   0.356
    Na_bulk/small      n= 121 rms=   0.0205 kT  max=   0.0637  <|dacc|>=0.0084  f(>0.1)=0.000  rms(dE_ref)=   0.255
    Cl/small           n= 104 rms=   0.0238 kT  max=   0.0592  <|dacc|>=0.0088  f(>0.1)=0.000  rms(dE_ref)=   0.086
    moves 135.8s
  frame 3000 (step 150050): prod recompute 1.3s
    ref energy 3.4s
    wall force  prod=      9.2622  flip=     16.5691  ref=     16.5726  ideal=     16.3859  logged=9.262178 kJ/(mol nm^3)
    Na_wall/large      n=  26 rms=   0.1330 kT  max=   0.3453  <|dacc|>=0.0206  f(>0.1)=0.000  rms(dE_ref)=   2.882
    Na_bulk/large      n=  39 rms=   0.1522 kT  max=   0.4651  <|dacc|>=0.0261  f(>0.1)=0.077  rms(dE_ref)=   2.111
    Cl/large           n=  37 rms=   0.1433 kT  max=   0.3930  <|dacc|>=0.0452  f(>0.1)=0.189  rms(dE_ref)=   0.937
    Na_wall/small      n= 118 rms=   0.0280 kT  max=   0.0882  <|dacc|>=0.0087  f(>0.1)=0.000  rms(dE_ref)=   0.364
    Na_bulk/small      n= 120 rms=   0.0246 kT  max=   0.0697  <|dacc|>=0.0086  f(>0.1)=0.000  rms(dE_ref)=   0.263
    Cl/small           n= 124 rms=   0.0242 kT  max=   0.0639  <|dacc|>=0.0079  f(>0.1)=0.000  rms(dE_ref)=   0.098
    moves 137.6s
  frame 4000 (step 200050): prod recompute 1.3s
    ref energy 3.4s
    wall force  prod=      9.3303  flip=     16.6525  ref=     16.6455  ideal=     16.3859  logged=9.330282 kJ/(mol nm^3)
    Na_wall/large      n=  36 rms=   0.1740 kT  max=   0.4314  <|dacc|>=0.0359  f(>0.1)=0.139  rms(dE_ref)=   2.118
    Na_bulk/large      n=  39 rms=   0.1625 kT  max=   0.4767  <|dacc|>=0.0229  f(>0.1)=0.051  rms(dE_ref)=   1.926
    Cl/large           n=  24 rms=   0.0798 kT  max=   0.1852  <|dacc|>=0.0267  f(>0.1)=0.042  rms(dE_ref)=   0.603
    Na_wall/small      n= 113 rms=   0.0243 kT  max=   0.0896  <|dacc|>=0.0074  f(>0.1)=0.000  rms(dE_ref)=   0.364
    Na_bulk/small      n= 119 rms=   0.0256 kT  max=   0.0632  <|dacc|>=0.0081  f(>0.1)=0.000  rms(dE_ref)=   0.293
    Cl/small           n= 122 rms=   0.0297 kT  max=   0.0757  <|dacc|>=0.0112  f(>0.1)=0.000  rms(dE_ref)=   0.099
    moves 135.7s
  -> /home/fluffymelon/AntiDLVO/ewald_audit/results/frames/results_prod_neutral__pz_27p6__Cz__ions_dipole_Cz_pz_27p6_H_3_sigma_-20_C_0.01_Cz_0_20260217_030915.json  (498s)
