
==============================================================================
results_prod_neutral__pz_17__sigma__ions_dipole_sigma_pz_17_H_3_sigma_-20_C_0.01_Cz_0.1_20260216_133324
==============================================================================
  corrected Ewald: alpha=0.17056 (a=0.4130) r_cut=9.0 z_scale=8.0 k_max=3.0701 n_c=12
Traceback (most recent call last):
  File "cupy/cuda/device.pyx", line 40, in cupy.cuda.device.get_device_id
  File "cupy_backends/cuda/api/runtime.pyx", line 202, in cupy_backends.cuda.api.runtime.getDevice
  File "cupy_backends/cuda/api/runtime.pyx", line 146, in cupy_backends.cuda.api.runtime.check_status
cupy_backends.cuda.api.runtime.CUDARuntimeError: cudaErrorNoDevice: no CUDA-capable device is detected
Exception ignored in: 'cupy.cuda.memory.MemoryPool.used_bytes'
Traceback (most recent call last):
  File "cupy/cuda/device.pyx", line 40, in cupy.cuda.device.get_device_id
  File "cupy_backends/cuda/api/runtime.pyx", line 202, in cupy_backends.cuda.api.runtime.getDevice
  File "cupy_backends/cuda/api/runtime.pyx", line 146, in cupy_backends.cuda.api.runtime.check_status
cupy_backends.cuda.api.runtime.CUDARuntimeError: cudaErrorNoDevice: no CUDA-capable device is detected
Traceback (most recent call last):
  File "cupy/cuda/device.pyx", line 40, in cupy.cuda.device.get_device_id
  File "cupy_backends/cuda/api/runtime.pyx", line 202, in cupy_backends.cuda.api.runtime.getDevice
  File "cupy_backends/cuda/api/runtime.pyx", line 146, in cupy_backends.cuda.api.runtime.check_status
cupy_backends.cuda.api.runtime.CUDARuntimeError: cudaErrorNoDevice: no CUDA-capable device is detected
Exception ignored in: 'cupy.cuda.memory.MemoryPool.total_bytes'
Traceback (most recent call last):
  File "cupy/cuda/device.pyx", line 40, in cupy.cuda.device.get_device_id
  File "cupy_backends/cuda/api/runtime.pyx", line 202, in cupy_backends.cuda.api.runtime.getDevice
  File "cupy_backends/cuda/api/runtime.pyx", line 146, in cupy_backends.cuda.api.runtime.check_status
cupy_backends.cuda.api.runtime.CUDARuntimeError: cudaErrorNoDevice: no CUDA-capable device is detected
Traceback (most recent call last):
  File "cupy/cuda/device.pyx", line 40, in cupy.cuda.device.get_device_id
  File "cupy_backends/cuda/api/runtime.pyx", line 202, in cupy_backends.cuda.api.runtime.getDevice
  File "cupy_backends/cuda/api/runtime.pyx", line 146, in cupy_backends.cuda.api.runtime.check_status
cupy_backends.cuda.api.runtime.CUDARuntimeError: cudaErrorNoDevice: no CUDA-capable device is detected
Exception ignored in: 'cupy.cuda.memory.MemoryPool.used_bytes'
Traceback (most recent call last):
  File "cupy/cuda/device.pyx", line 40, in cupy.cuda.device.get_device_id
  File "cupy_backends/cuda/api/runtime.pyx", line 202, in cupy_backends.cuda.api.runtime.getDevice
  File "cupy_backends/cuda/api/runtime.pyx", line 146, in cupy_backends.cuda.api.runtime.check_status
cupy_backends.cuda.api.runtime.CUDARuntimeError: cudaErrorNoDevice: no CUDA-capable device is detected
Traceback (most recent call last):
  File "cupy/cuda/device.pyx", line 40, in cupy.cuda.device.get_device_id
  File "cupy_backends/cuda/api/runtime.pyx", line 202, in cupy_backends.cuda.api.runtime.getDevice
  File "cupy_backends/cuda/api/runtime.pyx", line 146, in cupy_backends.cuda.api.runtime.check_status
cupy_backends.cuda.api.runtime.CUDARuntimeError: cudaErrorNoDevice: no CUDA-capable device is detected
Exception ignored in: 'cupy.cuda.memory.MemoryPool.total_bytes'
Traceback (most recent call last):
  File "cupy/cuda/device.pyx", line 40, in cupy.cuda.device.get_device_id
  File "cupy_backends/cuda/api/runtime.pyx", line 202, in cupy_backends.cuda.api.runtime.getDevice
  File "cupy_backends/cuda/api/runtime.pyx", line 146, in cupy_backends.cuda.api.runtime.check_status
cupy_backends.cuda.api.runtime.CUDARuntimeError: cudaErrorNoDevice: no CUDA-capable device is detected
[EWALD] anisotropic k-grid: k_max=3.1416 1/nm n=(10,10,12) -> 5012 k-vectors
[GPU_MEMORY] ensure_capacity START (capacity=2048): used=0.00 MB, total_allocated=0.00 MB
[GPU_MEMORY] ensure_capacity INIT (Sc shape=(5012, 2048), Ss shape=(5012, 2048)): used=0.00 MB, total_allocated=0.00 MB

====== TOPOLOGY CONFIGURATION SUMMARY ======

Registered Types:
  0: Na (mass=39.0983, charge=1.0)
  1: Cl (mass=35.453, charge=-1.0)
  2: Ip (mass=18.01528, charge=1.0)
  3: Im (mass=18.01528, charge=-1.0)
  4: G (mass=0.0, charge=0.0)
  5: Wb (mass=1.0, charge=-1.0)
  6: Wt (mass=1.0, charge=-1.0)

Pair Interactions:
  Na(0) - Na(0): HardSphere, EwaldReal
  Cl(1) - Cl(1): HardSphere, EwaldReal
  Na(0) - Cl(1): HardSphere, EwaldReal
  Na(0) - Ip(2): HardSphere, EwaldReal
  Na(0) - Im(3): HardSphere, EwaldReal
  Cl(1) - Ip(2): HardSphere, EwaldReal
  Cl(1) - Im(3): HardSphere, EwaldReal
  Na(0) - G(4): HardSphere
  Cl(1) - G(4): HardSphere
  Ip(2) - Ip(2): HardSphere, EwaldReal
  Im(3) - Im(3): HardSphere, EwaldReal
  Ip(2) - Im(3): HardSphere, EwaldReal
  Ip(2) - G(4): HardSphere
  Im(3) - G(4): HardSphere
  G(4) - G(4): HardSphere
  Na(0) - Wb(5): EwaldReal
  Cl(1) - Wb(5): EwaldReal
  Ip(2) - Wb(5): EwaldReal
  Im(3) - Wb(5): EwaldReal
  Na(0) - Wt(6): EwaldReal
  Cl(1) - Wt(6): EwaldReal
  Ip(2) - Wt(6): EwaldReal
  Im(3) - Wt(6): EwaldReal
  Wb(5) - Wb(5): EwaldReal
  Wt(6) - Wt(6): EwaldReal
  Wb(5) - Wt(6): EwaldReal
pair_interactions_counter: 26
Warning: 26 pair interactions found, expected 28
Warning: Missing pair interactions for: G-Wb, G-Wt

One-Body Forces:
  Na(0): HardWall, HardWall
  Cl(1): HardWall, HardWall
  Ip(2): HardWall, HardWall
  Im(3): HardWall, HardWall
  G(4): HardWall, HardWall

==========================================
Processing spec 1/3
Count:   0%|          | 0/975 [00:00<?, ?it/s]Count:  98%|█████████▊| 952/975 [00:00<00:00, 9513.23it/s]Count: 100%|██████████| 975/975 [00:00<00:00, 9455.21it/s]
Processing spec 2/3
Count:   0%|          | 0/7 [00:00<?, ?it/s]Count: 100%|██████████| 7/7 [00:00<00:00, 7399.23it/s]
Processing spec 3/3
Count:   0%|          | 0/72 [00:00<?, ?it/s]Traceback (most recent call last):
  File "cupy/cuda/device.pyx", line 40, in cupy.cuda.device.get_device_id
  File "cupy_backends/cuda/api/runtime.pyx", line 202, in cupy_backends.cuda.api.runtime.getDevice
  File "cupy_backends/cuda/api/runtime.pyx", line 146, in cupy_backends.cuda.api.runtime.check_status
cupy_backends.cuda.api.runtime.CUDARuntimeError: cudaErrorNoDevice: no CUDA-capable device is detected
Exception ignored in: 'cupy.cuda.memory.MemoryPool.used_bytes'
Traceback (most recent call last):
  File "cupy/cuda/device.pyx", line 40, in cupy.cuda.device.get_device_id
  File "cupy_backends/cuda/api/runtime.pyx", line 202, in cupy_backends.cuda.api.runtime.getDevice
  File "cupy_backends/cuda/api/runtime.pyx", line 146, in cupy_backends.cuda.api.runtime.check_status
cupy_backends.cuda.api.runtime.CUDARuntimeError: cudaErrorNoDevice: no CUDA-capable device is detected
Traceback (most recent call last):
  File "cupy/cuda/device.pyx", line 40, in cupy.cuda.device.get_device_id
  File "cupy_backends/cuda/api/runtime.pyx", line 202, in cupy_backends.cuda.api.runtime.getDevice
  File "cupy_backends/cuda/api/runtime.pyx", line 146, in cupy_backends.cuda.api.runtime.check_status
cupy_backends.cuda.api.runtime.CUDARuntimeError: cudaErrorNoDevice: no CUDA-capable device is detected
Exception ignored in: 'cupy.cuda.memory.MemoryPool.total_bytes'
Traceback (most recent call last):
  File "cupy/cuda/device.pyx", line 40, in cupy.cuda.device.get_device_id
  File "cupy_backends/cuda/api/runtime.pyx", line 202, in cupy_backends.cuda.api.runtime.getDevice
  File "cupy_backends/cuda/api/runtime.pyx", line 146, in cupy_backends.cuda.api.runtime.check_status
cupy_backends.cuda.api.runtime.CUDARuntimeError: cudaErrorNoDevice: no CUDA-capable device is detected
Traceback (most recent call last):
  File "cupy/cuda/device.pyx", line 40, in cupy.cuda.device.get_device_id
  File "cupy_backends/cuda/api/runtime.pyx", line 202, in cupy_backends.cuda.api.runtime.getDevice
  File "cupy_backends/cuda/api/runtime.pyx", line 146, in cupy_backends.cuda.api.runtime.check_status
cupy_backends.cuda.api.runtime.CUDARuntimeError: cudaErrorNoDevice: no CUDA-capable device is detected
Exception ignored in: 'cupy.cuda.memory.MemoryPool.used_bytes'
Traceback (most recent call last):
  File "cupy/cuda/device.pyx", line 40, in cupy.cuda.device.get_device_id
  File "cupy_backends/cuda/api/runtime.pyx", line 202, in cupy_backends.cuda.api.runtime.getDevice
  File "cupy_backends/cuda/api/runtime.pyx", line 146, in cupy_backends.cuda.api.runtime.check_status
cupy_backends.cuda.api.runtime.CUDARuntimeError: cudaErrorNoDevice: no CUDA-capable device is detected
Traceback (most recent call last):
  File "cupy/cuda/device.pyx", line 40, in cupy.cuda.device.get_device_id
  File "cupy_backends/cuda/api/runtime.pyx", line 202, in cupy_backends.cuda.api.runtime.getDevice
  File "cupy_backends/cuda/api/runtime.pyx", line 146, in cupy_backends.cuda.api.runtime.check_status
cupy_backends.cuda.api.runtime.CUDARuntimeError: cudaErrorNoDevice: no CUDA-capable device is detected
Exception ignored in: 'cupy.cuda.memory.MemoryPool.total_bytes'
Traceback (most recent call last):
  File "cupy/cuda/device.pyx", line 40, in cupy.cuda.device.get_device_id
  File "cupy_backends/cuda/api/runtime.pyx", line 202, in cupy_backends.cuda.api.runtime.getDevice
  File "cupy_backends/cuda/api/runtime.pyx", line 146, in cupy_backends.cuda.api.runtime.check_status
cupy_backends.cuda.api.runtime.CUDARuntimeError: cudaErrorNoDevice: no CUDA-capable device is detected
Traceback (most recent call last):
  File "cupy/cuda/device.pyx", line 40, in cupy.cuda.device.get_device_id
  File "cupy_backends/cuda/api/runtime.pyx", line 202, in cupy_backends.cuda.api.runtime.getDevice
  File "cupy_backends/cuda/api/runtime.pyx", line 146, in cupy_backends.cuda.api.runtime.check_status
cupy_backends.cuda.api.runtime.CUDARuntimeError: cudaErrorNoDevice: no CUDA-capable device is detected
Exception ignored in: 'cupy.cuda.memory.MemoryPool.used_bytes'
Traceback (most recent call last):
  File "cupy/cuda/device.pyx", line 40, in cupy.cuda.device.get_device_id
  File "cupy_backends/cuda/api/runtime.pyx", line 202, in cupy_backends.cuda.api.runtime.getDevice
  File "cupy_backends/cuda/api/runtime.pyx", line 146, in cupy_backends.cuda.api.runtime.check_status
cupy_backends.cuda.api.runtime.CUDARuntimeError: cudaErrorNoDevice: no CUDA-capable device is detected
Traceback (most recent call last):
  File "cupy/cuda/device.pyx", line 40, in cupy.cuda.device.get_device_id
  File "cupy_backends/cuda/api/runtime.pyx", line 202, in cupy_backends.cuda.api.runtime.getDevice
  File "cupy_backends/cuda/api/runtime.pyx", line 146, in cupy_backends.cuda.api.runtime.check_status
cupy_backends.cuda.api.runtime.CUDARuntimeError: cudaErrorNoDevice: no CUDA-capable device is detected
Exception ignored in: 'cupy.cuda.memory.MemoryPool.total_bytes'
Traceback (most recent call last):
  File "cupy/cuda/device.pyx", line 40, in cupy.cuda.device.get_device_id
  File "cupy_backends/cuda/api/runtime.pyx", line 202, in cupy_backends.cuda.api.runtime.getDevice
  File "cupy_backends/cuda/api/runtime.pyx", line 146, in cupy_backends.cuda.api.runtime.check_status
cupy_backends.cuda.api.runtime.CUDARuntimeError: cudaErrorNoDevice: no CUDA-capable device is detected
Traceback (most recent call last):
  File "cupy/cuda/device.pyx", line 40, in cupy.cuda.device.get_device_id
  File "cupy_backends/cuda/api/runtime.pyx", line 202, in cupy_backends.cuda.api.runtime.getDevice
  File "cupy_backends/cuda/api/runtime.pyx", line 146, in cupy_backends.cuda.api.runtime.check_status
cupy_backends.cuda.api.runtime.CUDARuntimeError: cudaErrorNoDevice: no CUDA-capable device is detected
Exception ignored in: 'cupy.cuda.memory.MemoryPool.used_bytes'
Traceback (most recent call last):
  File "cupy/cuda/device.pyx", line 40, in cupy.cuda.device.get_device_id
  File "cupy_backends/cuda/api/runtime.pyx", line 202, in cupy_backends.cuda.api.runtime.getDevice
  File "cupy_backends/cuda/api/runtime.pyx", line 146, in cupy_backends.cuda.api.runtime.check_status
cupy_backends.cuda.api.runtime.CUDARuntimeError: cudaErrorNoDevice: no CUDA-capable device is detected
Traceback (most recent call last):
  File "cupy/cuda/device.pyx", line 40, in cupy.cuda.device.get_device_id
  File "cupy_backends/cuda/api/runtime.pyx", line 202, in cupy_backends.cuda.api.runtime.getDevice
  File "cupy_backends/cuda/api/runtime.pyx", line 146, in cupy_backends.cuda.api.runtime.check_status
cupy_backends.cuda.api.runtime.CUDARuntimeError: cudaErrorNoDevice: no CUDA-capable device is detected
Exception ignored in: 'cupy.cuda.memory.MemoryPool.total_bytes'
Traceback (most recent call last):
  File "cupy/cuda/device.pyx", line 40, in cupy.cuda.device.get_device_id
  File "cupy_backends/cuda/api/runtime.pyx", line 202, in cupy_backends.cuda.api.runtime.getDevice
  File "cupy_backends/cuda/api/runtime.pyx", line 146, in cupy_backends.cuda.api.runtime.check_status
cupy_backends.cuda.api.runtime.CUDARuntimeError: cudaErrorNoDevice: no CUDA-capable device is detected
Count: 100%|██████████| 72/72 [00:00<00:00, 1143.86it/s]
[GPU_MEMORY] ensure_capacity START (capacity=4096): used=0.00 MB, total_allocated=0.00 MB
[GPU_MEMORY] ensure_capacity ALLOC (new_Sc shape=(5012, 4096), new_Ss shape=(5012, 4096)): used=0.00 MB, total_allocated=0.00 MB
[GPU_MEMORY] ensure_capacity COPY (copied 2048 columns): used=0.00 MB, total_allocated=0.00 MB
[GPU_MEMORY] ensure_capacity END (Sc shape=(5012, 4096), Ss shape=(5012, 4096)): used=0.00 MB, total_allocated=0.00 MB
min_dist: 0.07464165046248289
  N_atoms=2166  box=(20.0,20.0,3.0)  eps=78.0  T=298.0
  reference: z_scale=21.00 r_cut=9.0 alpha=0.2843 k_max=5.117 n_k=28485 grid=(17, 17, 52)
  trajectory: 20000 frames of 2166 atoms
  frame 2000 (step 100050): prod recompute 2.2s
    ref energy 3.9s
    wall force  prod=     16.5438  flip=    -10.4349  ref=     16.5438  ideal=     16.3859  logged=9.111089 kJ/(mol nm^3)
    FD atom   968 Na  |F_fd|=4.4468  err_as_coded=7.2237e-03  err_if_real_flipped=7.0357e+00
    FD atom  1443 Na  |F_fd|=14.7939  err_as_coded=7.2241e-03  err_if_real_flipped=2.6280e+01
    FD atom   972 Na  |F_fd|=7.0202  err_as_coded=7.2238e-03  err_if_real_flipped=1.1439e+01
    FD atom  1474 Na  |F_fd|=17.7065  err_as_coded=7.2237e-03  err_if_real_flipped=3.1171e+01
    FD atom  1943 Cl  |F_fd|=3.0334  err_as_coded=7.2236e-03  err_if_real_flipped=6.0308e+00
    FD atom  1946 Cl  |F_fd|=6.3031  err_as_coded=7.2234e-03  err_if_real_flipped=1.1152e+01
    Na_wall/large      n=  23 rms=   0.0001 kT  max=   0.0002  <|dacc|>=0.0000  f(>0.1)=0.000  rms(dE_ref)=   2.545
    Na_bulk/large      n=  22 rms=   0.0001 kT  max=   0.0002  <|dacc|>=0.0000  f(>0.1)=0.000  rms(dE_ref)=   1.820
    Cl/large           n=  15 rms=   0.0001 kT  max=   0.0002  <|dacc|>=0.0001  f(>0.1)=0.000  rms(dE_ref)=   0.864
    dipole/large       n=  18 rms=   0.0000 kT  max=   0.0001  <|dacc|>=0.0000  f(>0.1)=0.000  rms(dE_ref)=   1.068
    Na_wall/small      n=  87 rms=   0.0000 kT  max=   0.0000  <|dacc|>=0.0000  f(>0.1)=0.000  rms(dE_ref)=   0.362
    Na_bulk/small      n=  88 rms=   0.0000 kT  max=   0.0000  <|dacc|>=0.0000  f(>0.1)=0.000  rms(dE_ref)=   0.298
    Cl/small           n=  96 rms=   0.0000 kT  max=   0.0000  <|dacc|>=0.0000  f(>0.1)=0.000  rms(dE_ref)=   0.074
    dipole/small       n=  85 rms=   0.0000 kT  max=   0.0000  <|dacc|>=0.0000  f(>0.1)=0.000  rms(dE_ref)=   0.106
    moves 1128.4s
  -> /home/fluffymelon/AntiDLVO/ewald_audit/results/frames_fixed/results_prod_neutral__pz_17__sigma__ions_dipole_sigma_pz_17_H_3_sigma_-20_C_0.01_Cz_0.1_20260216_133324.json  (1235s)

==============================================================================
results_prod_neutral__pz_17__H__ions_dipole_H_pz_17_H_5_sigma_-20_C_0.01_Cz_0.1_20260216_125433
==============================================================================
  corrected Ewald: alpha=0.17056 (a=0.4130) r_cut=9.0 z_scale=4.0 k_max=3.0701 n_c=10
Traceback (most recent call last):
  File "cupy/cuda/device.pyx", line 40, in cupy.cuda.device.get_device_id
  File "cupy_backends/cuda/api/runtime.pyx", line 202, in cupy_backends.cuda.api.runtime.getDevice
  File "cupy_backends/cuda/api/runtime.pyx", line 146, in cupy_backends.cuda.api.runtime.check_status
cupy_backends.cuda.api.runtime.CUDARuntimeError: cudaErrorNoDevice: no CUDA-capable device is detected
Exception ignored in: 'cupy.cuda.memory.MemoryPool.used_bytes'
Traceback (most recent call last):
  File "cupy/cuda/device.pyx", line 40, in cupy.cuda.device.get_device_id
  File "cupy_backends/cuda/api/runtime.pyx", line 202, in cupy_backends.cuda.api.runtime.getDevice
  File "cupy_backends/cuda/api/runtime.pyx", line 146, in cupy_backends.cuda.api.runtime.check_status
cupy_backends.cuda.api.runtime.CUDARuntimeError: cudaErrorNoDevice: no CUDA-capable device is detected
Traceback (most recent call last):
  File "cupy/cuda/device.pyx", line 40, in cupy.cuda.device.get_device_id
  File "cupy_backends/cuda/api/runtime.pyx", line 202, in cupy_backends.cuda.api.runtime.getDevice
  File "cupy_backends/cuda/api/runtime.pyx", line 146, in cupy_backends.cuda.api.runtime.check_status
cupy_backends.cuda.api.runtime.CUDARuntimeError: cudaErrorNoDevice: no CUDA-capable device is detected
Exception ignored in: 'cupy.cuda.memory.MemoryPool.total_bytes'
Traceback (most recent call last):
  File "cupy/cuda/device.pyx", line 40, in cupy.cuda.device.get_device_id
  File "cupy_backends/cuda/api/runtime.pyx", line 202, in cupy_backends.cuda.api.runtime.getDevice
  File "cupy_backends/cuda/api/runtime.pyx", line 146, in cupy_backends.cuda.api.runtime.check_status
cupy_backends.cuda.api.runtime.CUDARuntimeError: cudaErrorNoDevice: no CUDA-capable device is detected
Traceback (most recent call last):
  File "cupy/cuda/device.pyx", line 40, in cupy.cuda.device.get_device_id
  File "cupy_backends/cuda/api/runtime.pyx", line 202, in cupy_backends.cuda.api.runtime.getDevice
  File "cupy_backends/cuda/api/runtime.pyx", line 146, in cupy_backends.cuda.api.runtime.check_status
cupy_backends.cuda.api.runtime.CUDARuntimeError: cudaErrorNoDevice: no CUDA-capable device is detected
Exception ignored in: 'cupy.cuda.memory.MemoryPool.used_bytes'
Traceback (most recent call last):
  File "cupy/cuda/device.pyx", line 40, in cupy.cuda.device.get_device_id
  File "cupy_backends/cuda/api/runtime.pyx", line 202, in cupy_backends.cuda.api.runtime.getDevice
  File "cupy_backends/cuda/api/runtime.pyx", line 146, in cupy_backends.cuda.api.runtime.check_status
cupy_backends.cuda.api.runtime.CUDARuntimeError: cudaErrorNoDevice: no CUDA-capable device is detected
Traceback (most recent call last):
  File "cupy/cuda/device.pyx", line 40, in cupy.cuda.device.get_device_id
  File "cupy_backends/cuda/api/runtime.pyx", line 202, in cupy_backends.cuda.api.runtime.getDevice
  File "cupy_backends/cuda/api/runtime.pyx", line 146, in cupy_backends.cuda.api.runtime.check_status
cupy_backends.cuda.api.runtime.CUDARuntimeError: cudaErrorNoDevice: no CUDA-capable device is detected
Exception ignored in: 'cupy.cuda.memory.MemoryPool.total_bytes'
Traceback (most recent call last):
  File "cupy/cuda/device.pyx", line 40, in cupy.cuda.device.get_device_id
  File "cupy_backends/cuda/api/runtime.pyx", line 202, in cupy_backends.cuda.api.runtime.getDevice
  File "cupy_backends/cuda/api/runtime.pyx", line 146, in cupy_backends.cuda.api.runtime.check_status
cupy_backends.cuda.api.runtime.CUDARuntimeError: cudaErrorNoDevice: no CUDA-capable device is detected
[EWALD] anisotropic k-grid: k_max=3.1416 1/nm n=(10,10,10) -> 4168 k-vectors
[GPU_MEMORY] ensure_capacity START (capacity=2048): used=0.00 MB, total_allocated=0.00 MB
[GPU_MEMORY] ensure_capacity INIT (Sc shape=(4168, 2048), Ss shape=(4168, 2048)): used=0.00 MB, total_allocated=0.00 MB

====== TOPOLOGY CONFIGURATION SUMMARY ======

Registered Types:
  0: Na (mass=39.0983, charge=1.0)
  1: Cl (mass=35.453, charge=-1.0)
  2: Ip (mass=18.01528, charge=1.0)
  3: Im (mass=18.01528, charge=-1.0)
  4: G (mass=0.0, charge=0.0)
  5: Wb (mass=1.0, charge=-1.0)
  6: Wt (mass=1.0, charge=-1.0)

Pair Interactions:
  Na(0) - Na(0): HardSphere, EwaldReal
  Cl(1) - Cl(1): HardSphere, EwaldReal
  Na(0) - Cl(1): HardSphere, EwaldReal
  Na(0) - Ip(2): HardSphere, EwaldReal
  Na(0) - Im(3): HardSphere, EwaldReal
  Cl(1) - Ip(2): HardSphere, EwaldReal
  Cl(1) - Im(3): HardSphere, EwaldReal
  Na(0) - G(4): HardSphere
  Cl(1) - G(4): HardSphere
  Ip(2) - Ip(2): HardSphere, EwaldReal
  Im(3) - Im(3): HardSphere, EwaldReal
  Ip(2) - Im(3): HardSphere, EwaldReal
  Ip(2) - G(4): HardSphere
  Im(3) - G(4): HardSphere
  G(4) - G(4): HardSphere
  Na(0) - Wb(5): EwaldReal
  Cl(1) - Wb(5): EwaldReal
  Ip(2) - Wb(5): EwaldReal
  Im(3) - Wb(5): EwaldReal
  Na(0) - Wt(6): EwaldReal
  Cl(1) - Wt(6): EwaldReal
  Ip(2) - Wt(6): EwaldReal
  Im(3) - Wt(6): EwaldReal
  Wb(5) - Wb(5): EwaldReal
  Wt(6) - Wt(6): EwaldReal
  Wb(5) - Wt(6): EwaldReal
pair_interactions_counter: 26
Warning: 26 pair interactions found, expected 28
Warning: Missing pair interactions for: G-Wb, G-Wt

One-Body Forces:
  Na(0): HardWall, HardWall
  Cl(1): HardWall, HardWall
  Ip(2): HardWall, HardWall
  Im(3): HardWall, HardWall
  G(4): HardWall, HardWall

==========================================
Processing spec 1/3
Count:   0%|          | 0/980 [00:00<?, ?it/s]Count:  96%|█████████▌| 942/980 [00:00<00:00, 9417.05it/s]Count: 100%|██████████| 980/980 [00:00<00:00, 9335.35it/s]
Processing spec 2/3
Count:   0%|          | 0/12 [00:00<?, ?it/s]Count: 100%|██████████| 12/12 [00:00<00:00, 7520.04it/s]
Processing spec 3/3
Count:   0%|          | 0/120 [00:00<?, ?it/s]Traceback (most recent call last):
  File "cupy/cuda/device.pyx", line 40, in cupy.cuda.device.get_device_id
  File "cupy_backends/cuda/api/runtime.pyx", line 202, in cupy_backends.cuda.api.runtime.getDevice
  File "cupy_backends/cuda/api/runtime.pyx", line 146, in cupy_backends.cuda.api.runtime.check_status
cupy_backends.cuda.api.runtime.CUDARuntimeError: cudaErrorNoDevice: no CUDA-capable device is detected
Exception ignored in: 'cupy.cuda.memory.MemoryPool.used_bytes'
Traceback (most recent call last):
  File "cupy/cuda/device.pyx", line 40, in cupy.cuda.device.get_device_id
  File "cupy_backends/cuda/api/runtime.pyx", line 202, in cupy_backends.cuda.api.runtime.getDevice
  File "cupy_backends/cuda/api/runtime.pyx", line 146, in cupy_backends.cuda.api.runtime.check_status
cupy_backends.cuda.api.runtime.CUDARuntimeError: cudaErrorNoDevice: no CUDA-capable device is detected
Traceback (most recent call last):
  File "cupy/cuda/device.pyx", line 40, in cupy.cuda.device.get_device_id
  File "cupy_backends/cuda/api/runtime.pyx", line 202, in cupy_backends.cuda.api.runtime.getDevice
  File "cupy_backends/cuda/api/runtime.pyx", line 146, in cupy_backends.cuda.api.runtime.check_status
cupy_backends.cuda.api.runtime.CUDARuntimeError: cudaErrorNoDevice: no CUDA-capable device is detected
Exception ignored in: 'cupy.cuda.memory.MemoryPool.total_bytes'
Traceback (most recent call last):
  File "cupy/cuda/device.pyx", line 40, in cupy.cuda.device.get_device_id
  File "cupy_backends/cuda/api/runtime.pyx", line 202, in cupy_backends.cuda.api.runtime.getDevice
  File "cupy_backends/cuda/api/runtime.pyx", line 146, in cupy_backends.cuda.api.runtime.check_status
cupy_backends.cuda.api.runtime.CUDARuntimeError: cudaErrorNoDevice: no CUDA-capable device is detected
Traceback (most recent call last):
  File "cupy/cuda/device.pyx", line 40, in cupy.cuda.device.get_device_id
  File "cupy_backends/cuda/api/runtime.pyx", line 202, in cupy_backends.cuda.api.runtime.getDevice
  File "cupy_backends/cuda/api/runtime.pyx", line 146, in cupy_backends.cuda.api.runtime.check_status
cupy_backends.cuda.api.runtime.CUDARuntimeError: cudaErrorNoDevice: no CUDA-capable device is detected
Exception ignored in: 'cupy.cuda.memory.MemoryPool.used_bytes'
Traceback (most recent call last):
  File "cupy/cuda/device.pyx", line 40, in cupy.cuda.device.get_device_id
  File "cupy_backends/cuda/api/runtime.pyx", line 202, in cupy_backends.cuda.api.runtime.getDevice
  File "cupy_backends/cuda/api/runtime.pyx", line 146, in cupy_backends.cuda.api.runtime.check_status
cupy_backends.cuda.api.runtime.CUDARuntimeError: cudaErrorNoDevice: no CUDA-capable device is detected
Traceback (most recent call last):
  File "cupy/cuda/device.pyx", line 40, in cupy.cuda.device.get_device_id
  File "cupy_backends/cuda/api/runtime.pyx", line 202, in cupy_backends.cuda.api.runtime.getDevice
  File "cupy_backends/cuda/api/runtime.pyx", line 146, in cupy_backends.cuda.api.runtime.check_status
cupy_backends.cuda.api.runtime.CUDARuntimeError: cudaErrorNoDevice: no CUDA-capable device is detected
Exception ignored in: 'cupy.cuda.memory.MemoryPool.total_bytes'
Traceback (most recent call last):
  File "cupy/cuda/device.pyx", line 40, in cupy.cuda.device.get_device_id
  File "cupy_backends/cuda/api/runtime.pyx", line 202, in cupy_backends.cuda.api.runtime.getDevice
  File "cupy_backends/cuda/api/runtime.pyx", line 146, in cupy_backends.cuda.api.runtime.check_status
cupy_backends.cuda.api.runtime.CUDARuntimeError: cudaErrorNoDevice: no CUDA-capable device is detected
Traceback (most recent call last):
  File "cupy/cuda/device.pyx", line 40, in cupy.cuda.device.get_device_id
  File "cupy_backends/cuda/api/runtime.pyx", line 202, in cupy_backends.cuda.api.runtime.getDevice
  File "cupy_backends/cuda/api/runtime.pyx", line 146, in cupy_backends.cuda.api.runtime.check_status
cupy_backends.cuda.api.runtime.CUDARuntimeError: cudaErrorNoDevice: no CUDA-capable device is detected
Exception ignored in: 'cupy.cuda.memory.MemoryPool.used_bytes'
Traceback (most recent call last):
  File "cupy/cuda/device.pyx", line 40, in cupy.cuda.device.get_device_id
  File "cupy_backends/cuda/api/runtime.pyx", line 202, in cupy_backends.cuda.api.runtime.getDevice
  File "cupy_backends/cuda/api/runtime.pyx", line 146, in cupy_backends.cuda.api.runtime.check_status
cupy_backends.cuda.api.runtime.CUDARuntimeError: cudaErrorNoDevice: no CUDA-capable device is detected
Traceback (most recent call last):
  File "cupy/cuda/device.pyx", line 40, in cupy.cuda.device.get_device_id
  File "cupy_backends/cuda/api/runtime.pyx", line 202, in cupy_backends.cuda.api.runtime.getDevice
  File "cupy_backends/cuda/api/runtime.pyx", line 146, in cupy_backends.cuda.api.runtime.check_status
cupy_backends.cuda.api.runtime.CUDARuntimeError: cudaErrorNoDevice: no CUDA-capable device is detected
Exception ignored in: 'cupy.cuda.memory.MemoryPool.total_bytes'
Traceback (most recent call last):
  File "cupy/cuda/device.pyx", line 40, in cupy.cuda.device.get_device_id
  File "cupy_backends/cuda/api/runtime.pyx", line 202, in cupy_backends.cuda.api.runtime.getDevice
  File "cupy_backends/cuda/api/runtime.pyx", line 146, in cupy_backends.cuda.api.runtime.check_status
cupy_backends.cuda.api.runtime.CUDARuntimeError: cudaErrorNoDevice: no CUDA-capable device is detected
Traceback (most recent call last):
  File "cupy/cuda/device.pyx", line 40, in cupy.cuda.device.get_device_id
  File "cupy_backends/cuda/api/runtime.pyx", line 202, in cupy_backends.cuda.api.runtime.getDevice
  File "cupy_backends/cuda/api/runtime.pyx", line 146, in cupy_backends.cuda.api.runtime.check_status
cupy_backends.cuda.api.runtime.CUDARuntimeError: cudaErrorNoDevice: no CUDA-capable device is detected
Exception ignored in: 'cupy.cuda.memory.MemoryPool.used_bytes'
Traceback (most recent call last):
  File "cupy/cuda/device.pyx", line 40, in cupy.cuda.device.get_device_id
  File "cupy_backends/cuda/api/runtime.pyx", line 202, in cupy_backends.cuda.api.runtime.getDevice
  File "cupy_backends/cuda/api/runtime.pyx", line 146, in cupy_backends.cuda.api.runtime.check_status
cupy_backends.cuda.api.runtime.CUDARuntimeError: cudaErrorNoDevice: no CUDA-capable device is detected
Traceback (most recent call last):
  File "cupy/cuda/device.pyx", line 40, in cupy.cuda.device.get_device_id
  File "cupy_backends/cuda/api/runtime.pyx", line 202, in cupy_backends.cuda.api.runtime.getDevice
  File "cupy_backends/cuda/api/runtime.pyx", line 146, in cupy_backends.cuda.api.runtime.check_status
cupy_backends.cuda.api.runtime.CUDARuntimeError: cudaErrorNoDevice: no CUDA-capable device is detected
Exception ignored in: 'cupy.cuda.memory.MemoryPool.total_bytes'
Traceback (most recent call last):
  File "cupy/cuda/device.pyx", line 40, in cupy.cuda.device.get_device_id
  File "cupy_backends/cuda/api/runtime.pyx", line 202, in cupy_backends.cuda.api.runtime.getDevice
  File "cupy_backends/cuda/api/runtime.pyx", line 146, in cupy_backends.cuda.api.runtime.check_status
cupy_backends.cuda.api.runtime.CUDARuntimeError: cudaErrorNoDevice: no CUDA-capable device is detected
Count: 100%|██████████| 120/120 [00:00<00:00, 1508.36it/s]
[GPU_MEMORY] ensure_capacity START (capacity=4096): used=0.00 MB, total_allocated=0.00 MB
[GPU_MEMORY] ensure_capacity ALLOC (new_Sc shape=(4168, 4096), new_Ss shape=(4168, 4096)): used=0.00 MB, total_allocated=0.00 MB
[GPU_MEMORY] ensure_capacity COPY (copied 2048 columns): used=0.00 MB, total_allocated=0.00 MB
[GPU_MEMORY] ensure_capacity END (Sc shape=(4168, 4096), Ss shape=(4168, 4096)): used=0.00 MB, total_allocated=0.00 MB
min_dist: 0.06480944203750515
  N_atoms=2320  box=(20.0,20.0,5.0)  eps=78.0  T=298.0
  reference: z_scale=13.00 r_cut=9.0 alpha=0.2843 k_max=5.117 n_k=29398 grid=(17, 17, 53)
  trajectory: 20000 frames of 2320 atoms
  frame 2000 (step 100050): prod recompute 2.3s
    ref energy 4.4s
    wall force  prod=     16.5463  flip=     -6.6321  ref=     16.5463  ideal=     16.3859  logged=8.777113 kJ/(mol nm^3)
    FD atom   968 Na  |F_fd|=25.0289  err_as_coded=1.6440e-02  err_if_real_flipped=4.2254e+01
    FD atom  1460 Na  |F_fd|=1.8384  err_as_coded=1.6443e-02  err_if_real_flipped=3.1690e+00
    FD atom   969 Na  |F_fd|=15.2978  err_as_coded=1.6443e-02  err_if_real_flipped=2.2248e+01
    FD atom  1454 Na  |F_fd|=23.9259  err_as_coded=1.6445e-02  err_if_real_flipped=3.9317e+01
    FD atom  1948 Cl  |F_fd|=3.0462  err_as_coded=1.6443e-02  err_if_real_flipped=7.7712e+00
    FD atom  1954 Cl  |F_fd|=1.5347  err_as_coded=1.6443e-02  err_if_real_flipped=1.4841e+00
    Na_wall/large      n=  27 rms=   0.0009 kT  max=   0.0025  <|dacc|>=0.0000  f(>0.1)=0.000  rms(dE_ref)=   3.006
    Na_bulk/large      n=  46 rms=   0.0007 kT  max=   0.0022  <|dacc|>=0.0001  f(>0.1)=0.000  rms(dE_ref)=   1.897
    Cl/large           n=  70 rms=   0.0006 kT  max=   0.0012  <|dacc|>=0.0002  f(>0.1)=0.000  rms(dE_ref)=   0.602
    dipole/large       n=  58 rms=   0.0002 kT  max=   0.0007  <|dacc|>=0.0001  f(>0.1)=0.000  rms(dE_ref)=   0.588
    Na_wall/small      n=  83 rms=   0.0001 kT  max=   0.0002  <|dacc|>=0.0000  f(>0.1)=0.000  rms(dE_ref)=   0.372
    Na_bulk/small      n= 101 rms=   0.0001 kT  max=   0.0002  <|dacc|>=0.0000  f(>0.1)=0.000  rms(dE_ref)=   0.286
    Cl/small           n= 112 rms=   0.0001 kT  max=   0.0002  <|dacc|>=0.0000  f(>0.1)=0.000  rms(dE_ref)=   0.072
    dipole/small       n= 111 rms=   0.0000 kT  max=   0.0001  <|dacc|>=0.0000  f(>0.1)=0.000  rms(dE_ref)=   0.080
    moves 1395.0s
  -> /home/fluffymelon/AntiDLVO/ewald_audit/results/frames_fixed/results_prod_neutral__pz_17__H__ions_dipole_H_pz_17_H_5_sigma_-20_C_0.01_Cz_0.1_20260216_125433.json  (1516s)

==============================================================================
results_prod_neutral__pz_17__H__ions_dipole_H_pz_17_H_11_sigma_-20_C_0.01_Cz_0.1_20260216_125433
==============================================================================
  corrected Ewald: alpha=0.17056 (a=0.4130) r_cut=9.0 z_scale=4.0 k_max=3.0701 n_c=22
Traceback (most recent call last):
  File "cupy/cuda/device.pyx", line 40, in cupy.cuda.device.get_device_id
  File "cupy_backends/cuda/api/runtime.pyx", line 202, in cupy_backends.cuda.api.runtime.getDevice
  File "cupy_backends/cuda/api/runtime.pyx", line 146, in cupy_backends.cuda.api.runtime.check_status
cupy_backends.cuda.api.runtime.CUDARuntimeError: cudaErrorNoDevice: no CUDA-capable device is detected
Exception ignored in: 'cupy.cuda.memory.MemoryPool.used_bytes'
Traceback (most recent call last):
  File "cupy/cuda/device.pyx", line 40, in cupy.cuda.device.get_device_id
  File "cupy_backends/cuda/api/runtime.pyx", line 202, in cupy_backends.cuda.api.runtime.getDevice
  File "cupy_backends/cuda/api/runtime.pyx", line 146, in cupy_backends.cuda.api.runtime.check_status
cupy_backends.cuda.api.runtime.CUDARuntimeError: cudaErrorNoDevice: no CUDA-capable device is detected
Traceback (most recent call last):
  File "cupy/cuda/device.pyx", line 40, in cupy.cuda.device.get_device_id
  File "cupy_backends/cuda/api/runtime.pyx", line 202, in cupy_backends.cuda.api.runtime.getDevice
  File "cupy_backends/cuda/api/runtime.pyx", line 146, in cupy_backends.cuda.api.runtime.check_status
cupy_backends.cuda.api.runtime.CUDARuntimeError: cudaErrorNoDevice: no CUDA-capable device is detected
Exception ignored in: 'cupy.cuda.memory.MemoryPool.total_bytes'
Traceback (most recent call last):
  File "cupy/cuda/device.pyx", line 40, in cupy.cuda.device.get_device_id
  File "cupy_backends/cuda/api/runtime.pyx", line 202, in cupy_backends.cuda.api.runtime.getDevice
  File "cupy_backends/cuda/api/runtime.pyx", line 146, in cupy_backends.cuda.api.runtime.check_status
cupy_backends.cuda.api.runtime.CUDARuntimeError: cudaErrorNoDevice: no CUDA-capable device is detected
Traceback (most recent call last):
  File "cupy/cuda/device.pyx", line 40, in cupy.cuda.device.get_device_id
  File "cupy_backends/cuda/api/runtime.pyx", line 202, in cupy_backends.cuda.api.runtime.getDevice
  File "cupy_backends/cuda/api/runtime.pyx", line 146, in cupy_backends.cuda.api.runtime.check_status
cupy_backends.cuda.api.runtime.CUDARuntimeError: cudaErrorNoDevice: no CUDA-capable device is detected
Exception ignored in: 'cupy.cuda.memory.MemoryPool.used_bytes'
Traceback (most recent call last):
  File "cupy/cuda/device.pyx", line 40, in cupy.cuda.device.get_device_id
  File "cupy_backends/cuda/api/runtime.pyx", line 202, in cupy_backends.cuda.api.runtime.getDevice
  File "cupy_backends/cuda/api/runtime.pyx", line 146, in cupy_backends.cuda.api.runtime.check_status
cupy_backends.cuda.api.runtime.CUDARuntimeError: cudaErrorNoDevice: no CUDA-capable device is detected
Traceback (most recent call last):
  File "cupy/cuda/device.pyx", line 40, in cupy.cuda.device.get_device_id
  File "cupy_backends/cuda/api/runtime.pyx", line 202, in cupy_backends.cuda.api.runtime.getDevice
  File "cupy_backends/cuda/api/runtime.pyx", line 146, in cupy_backends.cuda.api.runtime.check_status
cupy_backends.cuda.api.runtime.CUDARuntimeError: cudaErrorNoDevice: no CUDA-capable device is detected
Exception ignored in: 'cupy.cuda.memory.MemoryPool.total_bytes'
Traceback (most recent call last):
  File "cupy/cuda/device.pyx", line 40, in cupy.cuda.device.get_device_id
  File "cupy_backends/cuda/api/runtime.pyx", line 202, in cupy_backends.cuda.api.runtime.getDevice
  File "cupy_backends/cuda/api/runtime.pyx", line 146, in cupy_backends.cuda.api.runtime.check_status
cupy_backends.cuda.api.runtime.CUDARuntimeError: cudaErrorNoDevice: no CUDA-capable device is detected
[EWALD] anisotropic k-grid: k_max=3.1416 1/nm n=(10,10,22) -> 9170 k-vectors
[GPU_MEMORY] ensure_capacity START (capacity=2048): used=0.00 MB, total_allocated=0.00 MB
[GPU_MEMORY] ensure_capacity INIT (Sc shape=(9170, 2048), Ss shape=(9170, 2048)): used=0.00 MB, total_allocated=0.00 MB

====== TOPOLOGY CONFIGURATION SUMMARY ======

Registered Types:
  0: Na (mass=39.0983, charge=1.0)
  1: Cl (mass=35.453, charge=-1.0)
  2: Ip (mass=18.01528, charge=1.0)
  3: Im (mass=18.01528, charge=-1.0)
  4: G (mass=0.0, charge=0.0)
  5: Wb (mass=1.0, charge=-1.0)
  6: Wt (mass=1.0, charge=-1.0)

Pair Interactions:
  Na(0) - Na(0): HardSphere, EwaldReal
  Cl(1) - Cl(1): HardSphere, EwaldReal
  Na(0) - Cl(1): HardSphere, EwaldReal
  Na(0) - Ip(2): HardSphere, EwaldReal
  Na(0) - Im(3): HardSphere, EwaldReal
  Cl(1) - Ip(2): HardSphere, EwaldReal
  Cl(1) - Im(3): HardSphere, EwaldReal
  Na(0) - G(4): HardSphere
  Cl(1) - G(4): HardSphere
  Ip(2) - Ip(2): HardSphere, EwaldReal
  Im(3) - Im(3): HardSphere, EwaldReal
  Ip(2) - Im(3): HardSphere, EwaldReal
  Ip(2) - G(4): HardSphere
  Im(3) - G(4): HardSphere
  G(4) - G(4): HardSphere
  Na(0) - Wb(5): EwaldReal
  Cl(1) - Wb(5): EwaldReal
  Ip(2) - Wb(5): EwaldReal
  Im(3) - Wb(5): EwaldReal
  Na(0) - Wt(6): EwaldReal
  Cl(1) - Wt(6): EwaldReal
  Ip(2) - Wt(6): EwaldReal
  Im(3) - Wt(6): EwaldReal
  Wb(5) - Wb(5): EwaldReal
  Wt(6) - Wt(6): EwaldReal
  Wb(5) - Wt(6): EwaldReal
pair_interactions_counter: 26
Warning: 26 pair interactions found, expected 28
Warning: Missing pair interactions for: G-Wb, G-Wt

One-Body Forces:
  Na(0): HardWall, HardWall
  Cl(1): HardWall, HardWall
  Ip(2): HardWall, HardWall
  Im(3): HardWall, HardWall
  G(4): HardWall, HardWall

==========================================
Processing spec 1/3
Count:   0%|          | 0/994 [00:00<?, ?it/s]Count:  97%|█████████▋| 962/994 [00:00<00:00, 9609.65it/s]Count: 100%|██████████| 994/994 [00:00<00:00, 9532.75it/s]
Processing spec 2/3
Count:   0%|          | 0/26 [00:00<?, ?it/s]Count: 100%|██████████| 26/26 [00:00<00:00, 7765.02it/s]
Processing spec 3/3
Count:   0%|          | 0/264 [00:00<?, ?it/s]Traceback (most recent call last):
  File "cupy/cuda/device.pyx", line 40, in cupy.cuda.device.get_device_id
  File "cupy_backends/cuda/api/runtime.pyx", line 202, in cupy_backends.cuda.api.runtime.getDevice
  File "cupy_backends/cuda/api/runtime.pyx", line 146, in cupy_backends.cuda.api.runtime.check_status
cupy_backends.cuda.api.runtime.CUDARuntimeError: cudaErrorNoDevice: no CUDA-capable device is detected
Exception ignored in: 'cupy.cuda.memory.MemoryPool.used_bytes'
Traceback (most recent call last):
  File "cupy/cuda/device.pyx", line 40, in cupy.cuda.device.get_device_id
  File "cupy_backends/cuda/api/runtime.pyx", line 202, in cupy_backends.cuda.api.runtime.getDevice
  File "cupy_backends/cuda/api/runtime.pyx", line 146, in cupy_backends.cuda.api.runtime.check_status
cupy_backends.cuda.api.runtime.CUDARuntimeError: cudaErrorNoDevice: no CUDA-capable device is detected
Traceback (most recent call last):
  File "cupy/cuda/device.pyx", line 40, in cupy.cuda.device.get_device_id
  File "cupy_backends/cuda/api/runtime.pyx", line 202, in cupy_backends.cuda.api.runtime.getDevice
  File "cupy_backends/cuda/api/runtime.pyx", line 146, in cupy_backends.cuda.api.runtime.check_status
cupy_backends.cuda.api.runtime.CUDARuntimeError: cudaErrorNoDevice: no CUDA-capable device is detected
Exception ignored in: 'cupy.cuda.memory.MemoryPool.total_bytes'
Traceback (most recent call last):
  File "cupy/cuda/device.pyx", line 40, in cupy.cuda.device.get_device_id
  File "cupy_backends/cuda/api/runtime.pyx", line 202, in cupy_backends.cuda.api.runtime.getDevice
  File "cupy_backends/cuda/api/runtime.pyx", line 146, in cupy_backends.cuda.api.runtime.check_status
cupy_backends.cuda.api.runtime.CUDARuntimeError: cudaErrorNoDevice: no CUDA-capable device is detected
Traceback (most recent call last):
  File "cupy/cuda/device.pyx", line 40, in cupy.cuda.device.get_device_id
  File "cupy_backends/cuda/api/runtime.pyx", line 202, in cupy_backends.cuda.api.runtime.getDevice
  File "cupy_backends/cuda/api/runtime.pyx", line 146, in cupy_backends.cuda.api.runtime.check_status
cupy_backends.cuda.api.runtime.CUDARuntimeError: cudaErrorNoDevice: no CUDA-capable device is detected
Exception ignored in: 'cupy.cuda.memory.MemoryPool.used_bytes'
Traceback (most recent call last):
  File "cupy/cuda/device.pyx", line 40, in cupy.cuda.device.get_device_id
  File "cupy_backends/cuda/api/runtime.pyx", line 202, in cupy_backends.cuda.api.runtime.getDevice
  File "cupy_backends/cuda/api/runtime.pyx", line 146, in cupy_backends.cuda.api.runtime.check_status
cupy_backends.cuda.api.runtime.CUDARuntimeError: cudaErrorNoDevice: no CUDA-capable device is detected
Traceback (most recent call last):
  File "cupy/cuda/device.pyx", line 40, in cupy.cuda.device.get_device_id
  File "cupy_backends/cuda/api/runtime.pyx", line 202, in cupy_backends.cuda.api.runtime.getDevice
  File "cupy_backends/cuda/api/runtime.pyx", line 146, in cupy_backends.cuda.api.runtime.check_status
cupy_backends.cuda.api.runtime.CUDARuntimeError: cudaErrorNoDevice: no CUDA-capable device is detected
Exception ignored in: 'cupy.cuda.memory.MemoryPool.total_bytes'
Traceback (most recent call last):
  File "cupy/cuda/device.pyx", line 40, in cupy.cuda.device.get_device_id
  File "cupy_backends/cuda/api/runtime.pyx", line 202, in cupy_backends.cuda.api.runtime.getDevice
  File "cupy_backends/cuda/api/runtime.pyx", line 146, in cupy_backends.cuda.api.runtime.check_status
cupy_backends.cuda.api.runtime.CUDARuntimeError: cudaErrorNoDevice: no CUDA-capable device is detected
Traceback (most recent call last):
  File "cupy/cuda/device.pyx", line 40, in cupy.cuda.device.get_device_id
  File "cupy_backends/cuda/api/runtime.pyx", line 202, in cupy_backends.cuda.api.runtime.getDevice
  File "cupy_backends/cuda/api/runtime.pyx", line 146, in cupy_backends.cuda.api.runtime.check_status
cupy_backends.cuda.api.runtime.CUDARuntimeError: cudaErrorNoDevice: no CUDA-capable device is detected
Exception ignored in: 'cupy.cuda.memory.MemoryPool.used_bytes'
Traceback (most recent call last):
  File "cupy/cuda/device.pyx", line 40, in cupy.cuda.device.get_device_id
  File "cupy_backends/cuda/api/runtime.pyx", line 202, in cupy_backends.cuda.api.runtime.getDevice
  File "cupy_backends/cuda/api/runtime.pyx", line 146, in cupy_backends.cuda.api.runtime.check_status
cupy_backends.cuda.api.runtime.CUDARuntimeError: cudaErrorNoDevice: no CUDA-capable device is detected
Traceback (most recent call last):
  File "cupy/cuda/device.pyx", line 40, in cupy.cuda.device.get_device_id
  File "cupy_backends/cuda/api/runtime.pyx", line 202, in cupy_backends.cuda.api.runtime.getDevice
  File "cupy_backends/cuda/api/runtime.pyx", line 146, in cupy_backends.cuda.api.runtime.check_status
cupy_backends.cuda.api.runtime.CUDARuntimeError: cudaErrorNoDevice: no CUDA-capable device is detected
Exception ignored in: 'cupy.cuda.memory.MemoryPool.total_bytes'
Traceback (most recent call last):
  File "cupy/cuda/device.pyx", line 40, in cupy.cuda.device.get_device_id
  File "cupy_backends/cuda/api/runtime.pyx", line 202, in cupy_backends.cuda.api.runtime.getDevice
  File "cupy_backends/cuda/api/runtime.pyx", line 146, in cupy_backends.cuda.api.runtime.check_status
cupy_backends.cuda.api.runtime.CUDARuntimeError: cudaErrorNoDevice: no CUDA-capable device is detected
Traceback (most recent call last):
  File "cupy/cuda/device.pyx", line 40, in cupy.cuda.device.get_device_id
  File "cupy_backends/cuda/api/runtime.pyx", line 202, in cupy_backends.cuda.api.runtime.getDevice
  File "cupy_backends/cuda/api/runtime.pyx", line 146, in cupy_backends.cuda.api.runtime.check_status
cupy_backends.cuda.api.runtime.CUDARuntimeError: cudaErrorNoDevice: no CUDA-capable device is detected
Exception ignored in: 'cupy.cuda.memory.MemoryPool.used_bytes'
Traceback (most recent call last):
  File "cupy/cuda/device.pyx", line 40, in cupy.cuda.device.get_device_id
  File "cupy_backends/cuda/api/runtime.pyx", line 202, in cupy_backends.cuda.api.runtime.getDevice
  File "cupy_backends/cuda/api/runtime.pyx", line 146, in cupy_backends.cuda.api.runtime.check_status
cupy_backends.cuda.api.runtime.CUDARuntimeError: cudaErrorNoDevice: no CUDA-capable device is detected
Traceback (most recent call last):
  File "cupy/cuda/device.pyx", line 40, in cupy.cuda.device.get_device_id
  File "cupy_backends/cuda/api/runtime.pyx", line 202, in cupy_backends.cuda.api.runtime.getDevice
  File "cupy_backends/cuda/api/runtime.pyx", line 146, in cupy_backends.cuda.api.runtime.check_status
cupy_backends.cuda.api.runtime.CUDARuntimeError: cudaErrorNoDevice: no CUDA-capable device is detected
Exception ignored in: 'cupy.cuda.memory.MemoryPool.total_bytes'
Traceback (most recent call last):
  File "cupy/cuda/device.pyx", line 40, in cupy.cuda.device.get_device_id
  File "cupy_backends/cuda/api/runtime.pyx", line 202, in cupy_backends.cuda.api.runtime.getDevice
  File "cupy_backends/cuda/api/runtime.pyx", line 146, in cupy_backends.cuda.api.runtime.check_status
cupy_backends.cuda.api.runtime.CUDARuntimeError: cudaErrorNoDevice: no CUDA-capable device is detected
Count:  36%|███▋      | 96/264 [00:00<00:00, 957.17it/s]Count: 100%|██████████| 264/264 [00:00<00:00, 1472.80it/s]
[GPU_MEMORY] ensure_capacity START (capacity=4096): used=0.00 MB, total_allocated=0.00 MB
[GPU_MEMORY] ensure_capacity ALLOC (new_Sc shape=(9170, 4096), new_Ss shape=(9170, 4096)): used=0.00 MB, total_allocated=0.00 MB
[GPU_MEMORY] ensure_capacity COPY (copied 2048 columns): used=0.00 MB, total_allocated=0.00 MB
[GPU_MEMORY] ensure_capacity END (Sc shape=(9170, 4096), Ss shape=(9170, 4096)): used=0.00 MB, total_allocated=0.00 MB
min_dist: 0.05325500501473793
  N_atoms=2780  box=(20.0,20.0,11.0)  eps=78.0  T=298.0
  reference: z_scale=6.45 r_cut=9.0 alpha=0.2843 k_max=5.117 n_k=32123 grid=(17, 17, 58)
  trajectory: 20000 frames of 2780 atoms
  frame 2000 (step 100050): prod recompute 2.9s
    ref energy 5.7s
    wall force  prod=     16.4271  flip=     -4.8689  ref=     16.4271  ideal=     16.3859  logged=5.701647 kJ/(mol nm^3)
    FD atom   968 Na  |F_fd|=13.3818  err_as_coded=3.7435e-02  err_if_real_flipped=1.6826e+01
    FD atom  1485 Na  |F_fd|=4.3585  err_as_coded=3.7435e-02  err_if_real_flipped=1.6627e+00
    FD atom   972 Na  |F_fd|=21.2963  err_as_coded=3.7435e-02  err_if_real_flipped=3.2856e+01
    FD atom  1434 Na  |F_fd|=16.5465  err_as_coded=3.7434e-02  err_if_real_flipped=2.3491e+01
    FD atom  1962 Cl  |F_fd|=1.5140  err_as_coded=3.7435e-02  err_if_real_flipped=2.2136e+00
    FD atom  1975 Cl  |F_fd|=2.0393  err_as_coded=3.7435e-02  err_if_real_flipped=3.5514e+00
    Na_wall/large      n=  34 rms=   0.0000 kT  max=   0.0000  <|dacc|>=0.0000  f(>0.1)=0.000  rms(dE_ref)=   3.119
    Na_bulk/large      n=  49 rms=   0.0000 kT  max=   0.0000  <|dacc|>=0.0000  f(>0.1)=0.000  rms(dE_ref)=   1.908
    Cl/large           n=  99 rms=   0.0000 kT  max=   0.0000  <|dacc|>=0.0000  f(>0.1)=0.000  rms(dE_ref)=   0.234
    dipole/large       n=  88 rms=   0.0000 kT  max=   0.0000  <|dacc|>=0.0000  f(>0.1)=0.000  rms(dE_ref)=   0.358
    Na_wall/small      n=  94 rms=   0.0000 kT  max=   0.0000  <|dacc|>=0.0000  f(>0.1)=0.000  rms(dE_ref)=   0.367
    Na_bulk/small      n= 103 rms=   0.0000 kT  max=   0.0000  <|dacc|>=0.0000  f(>0.1)=0.000  rms(dE_ref)=   0.269
    Cl/small           n= 119 rms=   0.0000 kT  max=   0.0000  <|dacc|>=0.0000  f(>0.1)=0.000  rms(dE_ref)=   0.032
    dipole/small       n= 117 rms=   0.0000 kT  max=   0.0000  <|dacc|>=0.0000  f(>0.1)=0.000  rms(dE_ref)=   0.044
    moves 4510.9s
  -> /home/fluffymelon/AntiDLVO/ewald_audit/results/frames_fixed/results_prod_neutral__pz_17__H__ions_dipole_H_pz_17_H_11_sigma_-20_C_0.01_Cz_0.1_20260216_125433.json  (4788s)
